

================================================================
== Vivado HLS Report for 'transformer'
================================================================
* Date:           Fri May  6 03:36:52 2022

* Version:        2019.2 (Build 2704478 on Wed Nov 06 22:10:23 MST 2019)
* Project:        myproject_prj
* Solution:       solution1
* Product family: virtexuplus
* Target device:  xcu250-figd2104-2L-e


================================================================
== Performance Estimates
================================================================
+ Timing: 
    * Summary: 
    +--------+---------+----------+------------+
    |  Clock |  Target | Estimated| Uncertainty|
    +--------+---------+----------+------------+
    |ap_clk  | 5.00 ns | 4.071 ns |   0.62 ns  |
    +--------+---------+----------+------------+

+ Latency: 
    * Summary: 
    +---------+---------+-----------+-----------+-----+-----+----------+
    |  Latency (cycles) |   Latency (absolute)  |  Interval | Pipeline |
    |   min   |   max   |    min    |    max    | min | max |   Type   |
    +---------+---------+-----------+-----------+-----+-----+----------+
    |       17|       17| 85.000 ns | 85.000 ns |    1|    1| function |
    +---------+---------+-----------+-----------+-----+-----+----------+

    + Detail: 
        * Instance: 
        +------------------------------------------------------------------------+------------------------------------------------------+---------+---------+-----------+-----------+-----+-----+----------+
        |                                                                        |                                                      |  Latency (cycles) |   Latency (absolute)  |  Interval | Pipeline |
        |                                Instance                                |                        Module                        |   min   |   max   |    min    |    max    | min | max |   Type   |
        +------------------------------------------------------------------------+------------------------------------------------------+---------+---------+-----------+-----------+-----+-----+----------+
        |grp_self_attention_0_0_0_0_0_0_0_0_0_0_0_0_0_0_0_0_0_0_fu_274           |self_attention_0_0_0_0_0_0_0_0_0_0_0_0_0_0_0_0_0_0    |       10|       10| 50.000 ns | 50.000 ns |    1|    1| function |
        |grp_dense_latency_no_bias_0_1_fu_394                                    |dense_latency_no_bias_0_1                             |        1|        1|  5.000 ns |  5.000 ns |    1|    1| function |
        |grp_dense_latency_no_bias_0_1_fu_562                                    |dense_latency_no_bias_0_1                             |        1|        1|  5.000 ns |  5.000 ns |    1|    1| function |
        |grp_dense_latency_no_bias_0_fu_666                                      |dense_latency_no_bias_0                               |        1|        1|  5.000 ns |  5.000 ns |    1|    1| function |
        |grp_dense_latency_no_bias_0_fu_802                                      |dense_latency_no_bias_0                               |        1|        1|  5.000 ns |  5.000 ns |    1|    1| function |
        |call_ret3_relu_ap_fixed_ap_fixed_35_15_5_3_0_sigmoid_config1_s_fu_906   |relu_ap_fixed_ap_fixed_35_15_5_3_0_sigmoid_config1_s  |        0|        0|    0 ns   |    0 ns   |    1|    1| function |
        |call_ret7_relu_ap_fixed_ap_fixed_35_15_5_3_0_sigmoid_config1_s_fu_1106  |relu_ap_fixed_ap_fixed_35_15_5_3_0_sigmoid_config1_s  |        0|        0|    0 ns   |    0 ns   |    1|    1| function |
        |call_ret1_relu_ap_fixed_ap_fixed_35_15_5_3_0_sigmoid_config0_s_fu_1242  |relu_ap_fixed_ap_fixed_35_15_5_3_0_sigmoid_config0_s  |        0|        0|    0 ns   |    0 ns   |    1|    1| function |
        |call_ret5_relu_ap_fixed_ap_fixed_35_15_5_3_0_sigmoid_config0_s_fu_1362  |relu_ap_fixed_ap_fixed_35_15_5_3_0_sigmoid_config0_s  |        0|        0|    0 ns   |    0 ns   |    1|    1| function |
        +------------------------------------------------------------------------+------------------------------------------------------+---------+---------+-----------+-----------+-----+-----+----------+

        * Loop: 
        N/A



================================================================
== Utilization Estimates
================================================================
* Summary: 
+---------------------+---------+-------+---------+---------+------+
|         Name        | BRAM_18K| DSP48E|    FF   |   LUT   | URAM |
+---------------------+---------+-------+---------+---------+------+
|DSP                  |        -|      -|        -|        -|     -|
|Expression           |        -|      -|        0|     1686|     -|
|FIFO                 |        -|      -|        -|        -|     -|
|Instance             |        8|   8708|   120621|   227152|     -|
|Memory               |        -|      -|        -|        -|     -|
|Multiplexer          |        -|      -|        -|        -|     -|
|Register             |        0|      -|    18306|     1024|     -|
+---------------------+---------+-------+---------+---------+------+
|Total                |        8|   8708|   138927|   229862|     0|
+---------------------+---------+-------+---------+---------+------+
|Available SLR        |     1344|   3072|   864000|   432000|   320|
+---------------------+---------+-------+---------+---------+------+
|Utilization SLR (%)  |    ~0   |    283|       16|       53|     0|
+---------------------+---------+-------+---------+---------+------+
|Available            |     5376|  12288|  3456000|  1728000|  1280|
+---------------------+---------+-------+---------+---------+------+
|Utilization (%)      |    ~0   |     70|        4|       13|     0|
+---------------------+---------+-------+---------+---------+------+

+ Detail: 
    * Instance: 
    +------------------------------------------------------------------------+------------------------------------------------------+---------+-------+-------+--------+-----+
    |                                Instance                                |                        Module                        | BRAM_18K| DSP48E|   FF  |   LUT  | URAM|
    +------------------------------------------------------------------------+------------------------------------------------------+---------+-------+-------+--------+-----+
    |grp_dense_latency_no_bias_0_fu_666                                      |dense_latency_no_bias_0                               |        0|   1022|  13291|   25820|    0|
    |grp_dense_latency_no_bias_0_fu_802                                      |dense_latency_no_bias_0                               |        0|   1022|  13291|   25820|    0|
    |grp_dense_latency_no_bias_0_1_fu_394                                    |dense_latency_no_bias_0_1                             |        0|   1024|  16020|   26145|    0|
    |grp_dense_latency_no_bias_0_1_fu_562                                    |dense_latency_no_bias_0_1                             |        0|   1024|  16020|   26145|    0|
    |call_ret1_relu_ap_fixed_ap_fixed_35_15_5_3_0_sigmoid_config0_s_fu_1242  |relu_ap_fixed_ap_fixed_35_15_5_3_0_sigmoid_config0_s  |        0|      0|      0|    2560|    0|
    |call_ret5_relu_ap_fixed_ap_fixed_35_15_5_3_0_sigmoid_config0_s_fu_1362  |relu_ap_fixed_ap_fixed_35_15_5_3_0_sigmoid_config0_s  |        0|      0|      0|    2560|    0|
    |call_ret3_relu_ap_fixed_ap_fixed_35_15_5_3_0_sigmoid_config1_s_fu_906   |relu_ap_fixed_ap_fixed_35_15_5_3_0_sigmoid_config1_s  |        0|      0|      0|    5120|    0|
    |call_ret7_relu_ap_fixed_ap_fixed_35_15_5_3_0_sigmoid_config1_s_fu_1106  |relu_ap_fixed_ap_fixed_35_15_5_3_0_sigmoid_config1_s  |        0|      0|      0|    5120|    0|
    |grp_self_attention_0_0_0_0_0_0_0_0_0_0_0_0_0_0_0_0_0_0_fu_274           |self_attention_0_0_0_0_0_0_0_0_0_0_0_0_0_0_0_0_0_0    |        8|   4616|  61999|  107862|    0|
    +------------------------------------------------------------------------+------------------------------------------------------+---------+-------+-------+--------+-----+
    |Total                                                                   |                                                      |        8|   8708| 120621|  227152|    0|
    +------------------------------------------------------------------------+------------------------------------------------------+---------+-------+-------+--------+-----+

    * DSP48E: 
    N/A

    * Memory: 
    N/A

    * FIFO: 
    N/A

    * Expression: 
    +--------------------------------------+----------+-------+---+----+------------+------------+
    |             Variable Name            | Operation| DSP48E| FF| LUT| Bitwidth P0| Bitwidth P1|
    +--------------------------------------+----------+-------+---+----+------------+------------+
    |add_ln703_10_fu_3314_p2               |     +    |      0|  0|  35|          35|          35|
    |add_ln703_11_fu_3318_p2               |     +    |      0|  0|  35|          35|          35|
    |add_ln703_12_fu_3322_p2               |     +    |      0|  0|  35|          35|          35|
    |add_ln703_13_fu_3326_p2               |     +    |      0|  0|  35|          35|          35|
    |add_ln703_14_fu_3330_p2               |     +    |      0|  0|  35|          35|          35|
    |add_ln703_15_fu_3334_p2               |     +    |      0|  0|  35|          35|          35|
    |add_ln703_1_fu_3278_p2                |     +    |      0|  0|  35|          35|          35|
    |add_ln703_2_fu_3282_p2                |     +    |      0|  0|  35|          35|          35|
    |add_ln703_3_fu_3286_p2                |     +    |      0|  0|  35|          35|          35|
    |add_ln703_4_fu_3290_p2                |     +    |      0|  0|  35|          35|          35|
    |add_ln703_5_fu_3294_p2                |     +    |      0|  0|  35|          35|          35|
    |add_ln703_6_fu_3298_p2                |     +    |      0|  0|  35|          35|          35|
    |add_ln703_7_fu_3302_p2                |     +    |      0|  0|  35|          35|          35|
    |add_ln703_8_fu_3306_p2                |     +    |      0|  0|  35|          35|          35|
    |add_ln703_9_fu_3310_p2                |     +    |      0|  0|  35|          35|          35|
    |add_ln703_fu_3274_p2                  |     +    |      0|  0|  35|          35|          35|
    |self_attention_sum_0_0_V_fu_1562_p2   |     +    |      0|  0|  35|          35|          20|
    |self_attention_sum_0_1_V_fu_1658_p2   |     +    |      0|  0|  35|          35|          35|
    |self_attention_sum_10_0_V_fu_1622_p2  |     +    |      0|  0|  35|          35|          22|
    |self_attention_sum_10_1_V_fu_1708_p2  |     +    |      0|  0|  35|          35|          35|
    |self_attention_sum_11_0_V_fu_1628_p2  |     +    |      0|  0|  35|          35|          20|
    |self_attention_sum_11_1_V_fu_1713_p2  |     +    |      0|  0|  35|          35|          35|
    |self_attention_sum_12_0_V_fu_1634_p2  |     +    |      0|  0|  35|          35|          17|
    |self_attention_sum_12_1_V_fu_1718_p2  |     +    |      0|  0|  35|          35|          35|
    |self_attention_sum_13_0_V_fu_1640_p2  |     +    |      0|  0|  35|          35|          20|
    |self_attention_sum_13_1_V_fu_1723_p2  |     +    |      0|  0|  35|          35|          35|
    |self_attention_sum_14_0_V_fu_1646_p2  |     +    |      0|  0|  35|          35|          19|
    |self_attention_sum_14_1_V_fu_1728_p2  |     +    |      0|  0|  35|          35|          35|
    |self_attention_sum_15_0_V_fu_1652_p2  |     +    |      0|  0|  35|          35|          18|
    |self_attention_sum_15_1_V_fu_1733_p2  |     +    |      0|  0|  35|          35|          35|
    |self_attention_sum_1_0_V_fu_1568_p2   |     +    |      0|  0|  35|          35|          22|
    |self_attention_sum_1_1_V_fu_1663_p2   |     +    |      0|  0|  35|          35|          35|
    |self_attention_sum_2_0_V_fu_1574_p2   |     +    |      0|  0|  35|          35|          21|
    |self_attention_sum_2_1_V_fu_1668_p2   |     +    |      0|  0|  35|          35|          35|
    |self_attention_sum_3_0_V_fu_1580_p2   |     +    |      0|  0|  35|          35|          20|
    |self_attention_sum_3_1_V_fu_1673_p2   |     +    |      0|  0|  35|          35|          35|
    |self_attention_sum_4_0_V_fu_1586_p2   |     +    |      0|  0|  35|          35|          21|
    |self_attention_sum_4_1_V_fu_1678_p2   |     +    |      0|  0|  35|          35|          35|
    |self_attention_sum_5_0_V_fu_1592_p2   |     +    |      0|  0|  35|          35|          22|
    |self_attention_sum_5_1_V_fu_1683_p2   |     +    |      0|  0|  35|          35|          35|
    |self_attention_sum_6_0_V_fu_1598_p2   |     +    |      0|  0|  35|          35|          16|
    |self_attention_sum_6_1_V_fu_1688_p2   |     +    |      0|  0|  35|          35|          35|
    |self_attention_sum_7_0_V_fu_1604_p2   |     +    |      0|  0|  35|          35|          21|
    |self_attention_sum_7_1_V_fu_1693_p2   |     +    |      0|  0|  35|          35|          35|
    |self_attention_sum_8_0_V_fu_1610_p2   |     +    |      0|  0|  35|          35|          21|
    |self_attention_sum_8_1_V_fu_1698_p2   |     +    |      0|  0|  35|          35|          35|
    |self_attention_sum_9_0_V_fu_1616_p2   |     +    |      0|  0|  35|          35|          20|
    |self_attention_sum_9_1_V_fu_1703_p2   |     +    |      0|  0|  35|          35|          35|
    |ap_block_pp0_stage0_11001             |    and   |      0|  0|   2|           1|           1|
    |ap_block_pp0_stage0_subdone           |    or    |      0|  0|   2|           1|           1|
    |ap_enable_pp0                         |    xor   |      0|  0|   2|           1|           2|
    +--------------------------------------+----------+-------+---+----+------------+------------+
    |Total                                 |          |      0|  0|1686|        1683|        1444|
    +--------------------------------------+----------+-------+---+----+------------+------------+

    * Multiplexer: 
    N/A

    * Register: 
    +---------------------------------------------------+-----+----+-----+-----------+
    |                        Name                       |  FF | LUT| Bits| Const Bits|
    +---------------------------------------------------+-----+----+-----+-----------+
    |activ0_0_0_V_1_reg_3898                            |   35|   0|   35|          0|
    |activ0_0_0_V_1_reg_3898_pp0_iter13_reg             |   35|   0|   35|          0|
    |activ0_0_0_V_reg_3706                              |   35|   0|   35|          0|
    |activ0_0_1_V_1_reg_3903                            |   35|   0|   35|          0|
    |activ0_0_1_V_1_reg_3903_pp0_iter13_reg             |   35|   0|   35|          0|
    |activ0_0_1_V_reg_3712                              |   35|   0|   35|          0|
    |activ0_10_0_V_1_reg_3998                           |   35|   0|   35|          0|
    |activ0_10_0_V_1_reg_3998_pp0_iter13_reg            |   35|   0|   35|          0|
    |activ0_10_0_V_reg_3826                             |   35|   0|   35|          0|
    |activ0_10_1_V_1_reg_4003                           |   35|   0|   35|          0|
    |activ0_10_1_V_1_reg_4003_pp0_iter13_reg            |   35|   0|   35|          0|
    |activ0_10_1_V_reg_3832                             |   35|   0|   35|          0|
    |activ0_11_0_V_1_reg_4008                           |   35|   0|   35|          0|
    |activ0_11_0_V_1_reg_4008_pp0_iter13_reg            |   35|   0|   35|          0|
    |activ0_11_0_V_reg_3838                             |   35|   0|   35|          0|
    |activ0_11_1_V_1_reg_4013                           |   35|   0|   35|          0|
    |activ0_11_1_V_1_reg_4013_pp0_iter13_reg            |   35|   0|   35|          0|
    |activ0_11_1_V_reg_3844                             |   35|   0|   35|          0|
    |activ0_12_0_V_1_reg_4018                           |   35|   0|   35|          0|
    |activ0_12_0_V_1_reg_4018_pp0_iter13_reg            |   35|   0|   35|          0|
    |activ0_12_0_V_reg_3850                             |   35|   0|   35|          0|
    |activ0_12_1_V_1_reg_4023                           |   35|   0|   35|          0|
    |activ0_12_1_V_1_reg_4023_pp0_iter13_reg            |   35|   0|   35|          0|
    |activ0_12_1_V_reg_3856                             |   35|   0|   35|          0|
    |activ0_13_0_V_1_reg_4028                           |   35|   0|   35|          0|
    |activ0_13_0_V_1_reg_4028_pp0_iter13_reg            |   35|   0|   35|          0|
    |activ0_13_0_V_reg_3862                             |   35|   0|   35|          0|
    |activ0_13_1_V_1_reg_4033                           |   35|   0|   35|          0|
    |activ0_13_1_V_1_reg_4033_pp0_iter13_reg            |   35|   0|   35|          0|
    |activ0_13_1_V_reg_3868                             |   35|   0|   35|          0|
    |activ0_14_0_V_1_reg_4038                           |   35|   0|   35|          0|
    |activ0_14_0_V_1_reg_4038_pp0_iter13_reg            |   35|   0|   35|          0|
    |activ0_14_0_V_reg_3874                             |   35|   0|   35|          0|
    |activ0_14_1_V_1_reg_4043                           |   35|   0|   35|          0|
    |activ0_14_1_V_1_reg_4043_pp0_iter13_reg            |   35|   0|   35|          0|
    |activ0_14_1_V_reg_3880                             |   35|   0|   35|          0|
    |activ0_15_0_V_1_reg_4048                           |   35|   0|   35|          0|
    |activ0_15_0_V_1_reg_4048_pp0_iter13_reg            |   35|   0|   35|          0|
    |activ0_15_0_V_reg_3886                             |   35|   0|   35|          0|
    |activ0_15_1_V_1_reg_4053                           |   35|   0|   35|          0|
    |activ0_15_1_V_1_reg_4053_pp0_iter13_reg            |   35|   0|   35|          0|
    |activ0_15_1_V_reg_3892                             |   35|   0|   35|          0|
    |activ0_1_0_V_1_reg_3908                            |   35|   0|   35|          0|
    |activ0_1_0_V_1_reg_3908_pp0_iter13_reg             |   35|   0|   35|          0|
    |activ0_1_0_V_reg_3718                              |   35|   0|   35|          0|
    |activ0_1_1_V_1_reg_3913                            |   35|   0|   35|          0|
    |activ0_1_1_V_1_reg_3913_pp0_iter13_reg             |   35|   0|   35|          0|
    |activ0_1_1_V_reg_3724                              |   35|   0|   35|          0|
    |activ0_2_0_V_1_reg_3918                            |   35|   0|   35|          0|
    |activ0_2_0_V_1_reg_3918_pp0_iter13_reg             |   35|   0|   35|          0|
    |activ0_2_0_V_reg_3730                              |   35|   0|   35|          0|
    |activ0_2_1_V_1_reg_3923                            |   35|   0|   35|          0|
    |activ0_2_1_V_1_reg_3923_pp0_iter13_reg             |   35|   0|   35|          0|
    |activ0_2_1_V_reg_3736                              |   35|   0|   35|          0|
    |activ0_3_0_V_1_reg_3928                            |   35|   0|   35|          0|
    |activ0_3_0_V_1_reg_3928_pp0_iter13_reg             |   35|   0|   35|          0|
    |activ0_3_0_V_reg_3742                              |   35|   0|   35|          0|
    |activ0_3_1_V_1_reg_3933                            |   35|   0|   35|          0|
    |activ0_3_1_V_1_reg_3933_pp0_iter13_reg             |   35|   0|   35|          0|
    |activ0_3_1_V_reg_3748                              |   35|   0|   35|          0|
    |activ0_4_0_V_1_reg_3938                            |   35|   0|   35|          0|
    |activ0_4_0_V_1_reg_3938_pp0_iter13_reg             |   35|   0|   35|          0|
    |activ0_4_0_V_reg_3754                              |   35|   0|   35|          0|
    |activ0_4_1_V_1_reg_3943                            |   35|   0|   35|          0|
    |activ0_4_1_V_1_reg_3943_pp0_iter13_reg             |   35|   0|   35|          0|
    |activ0_4_1_V_reg_3760                              |   35|   0|   35|          0|
    |activ0_5_0_V_1_reg_3948                            |   35|   0|   35|          0|
    |activ0_5_0_V_1_reg_3948_pp0_iter13_reg             |   35|   0|   35|          0|
    |activ0_5_0_V_reg_3766                              |   35|   0|   35|          0|
    |activ0_5_1_V_1_reg_3953                            |   35|   0|   35|          0|
    |activ0_5_1_V_1_reg_3953_pp0_iter13_reg             |   35|   0|   35|          0|
    |activ0_5_1_V_reg_3772                              |   35|   0|   35|          0|
    |activ0_6_0_V_1_reg_3958                            |   35|   0|   35|          0|
    |activ0_6_0_V_1_reg_3958_pp0_iter13_reg             |   35|   0|   35|          0|
    |activ0_6_0_V_reg_3778                              |   35|   0|   35|          0|
    |activ0_6_1_V_1_reg_3963                            |   35|   0|   35|          0|
    |activ0_6_1_V_1_reg_3963_pp0_iter13_reg             |   35|   0|   35|          0|
    |activ0_6_1_V_reg_3784                              |   35|   0|   35|          0|
    |activ0_7_0_V_1_reg_3968                            |   35|   0|   35|          0|
    |activ0_7_0_V_1_reg_3968_pp0_iter13_reg             |   35|   0|   35|          0|
    |activ0_7_0_V_reg_3790                              |   35|   0|   35|          0|
    |activ0_7_1_V_1_reg_3973                            |   35|   0|   35|          0|
    |activ0_7_1_V_1_reg_3973_pp0_iter13_reg             |   35|   0|   35|          0|
    |activ0_7_1_V_reg_3796                              |   35|   0|   35|          0|
    |activ0_8_0_V_1_reg_3978                            |   35|   0|   35|          0|
    |activ0_8_0_V_1_reg_3978_pp0_iter13_reg             |   35|   0|   35|          0|
    |activ0_8_0_V_reg_3802                              |   35|   0|   35|          0|
    |activ0_8_1_V_1_reg_3983                            |   35|   0|   35|          0|
    |activ0_8_1_V_1_reg_3983_pp0_iter13_reg             |   35|   0|   35|          0|
    |activ0_8_1_V_reg_3808                              |   35|   0|   35|          0|
    |activ0_9_0_V_1_reg_3988                            |   35|   0|   35|          0|
    |activ0_9_0_V_1_reg_3988_pp0_iter13_reg             |   35|   0|   35|          0|
    |activ0_9_0_V_reg_3814                              |   35|   0|   35|          0|
    |activ0_9_1_V_1_reg_3993                            |   35|   0|   35|          0|
    |activ0_9_1_V_1_reg_3993_pp0_iter13_reg             |   35|   0|   35|          0|
    |activ0_9_1_V_reg_3820                              |   35|   0|   35|          0|
    |activ1_0_0_V_1_reg_4938                            |   35|   0|   35|          0|
    |activ1_0_0_V_reg_4378                              |   35|   0|   35|          0|
    |activ1_0_0_V_reg_4378_pp0_iter14_reg               |   35|   0|   35|          0|
    |activ1_0_1_V_1_reg_4943                            |   35|   0|   35|          0|
    |activ1_0_1_V_reg_4384                              |   35|   0|   35|          0|
    |activ1_0_1_V_reg_4384_pp0_iter14_reg               |   35|   0|   35|          0|
    |activ1_10_0_V_1_reg_5038                           |   35|   0|   35|          0|
    |activ1_10_0_V_reg_4498                             |   35|   0|   35|          0|
    |activ1_10_0_V_reg_4498_pp0_iter14_reg              |   35|   0|   35|          0|
    |activ1_10_1_V_1_reg_5043                           |   35|   0|   35|          0|
    |activ1_10_1_V_reg_4504                             |   35|   0|   35|          0|
    |activ1_10_1_V_reg_4504_pp0_iter14_reg              |   35|   0|   35|          0|
    |activ1_11_0_V_1_reg_5048                           |   35|   0|   35|          0|
    |activ1_11_0_V_reg_4510                             |   35|   0|   35|          0|
    |activ1_11_0_V_reg_4510_pp0_iter14_reg              |   35|   0|   35|          0|
    |activ1_11_1_V_1_reg_5053                           |   35|   0|   35|          0|
    |activ1_11_1_V_reg_4516                             |   35|   0|   35|          0|
    |activ1_11_1_V_reg_4516_pp0_iter14_reg              |   35|   0|   35|          0|
    |activ1_12_0_V_1_reg_5058                           |   35|   0|   35|          0|
    |activ1_12_0_V_reg_4522                             |   35|   0|   35|          0|
    |activ1_12_0_V_reg_4522_pp0_iter14_reg              |   35|   0|   35|          0|
    |activ1_12_1_V_1_reg_5063                           |   35|   0|   35|          0|
    |activ1_12_1_V_reg_4528                             |   35|   0|   35|          0|
    |activ1_12_1_V_reg_4528_pp0_iter14_reg              |   35|   0|   35|          0|
    |activ1_13_0_V_1_reg_5068                           |   35|   0|   35|          0|
    |activ1_13_0_V_reg_4534                             |   35|   0|   35|          0|
    |activ1_13_0_V_reg_4534_pp0_iter14_reg              |   35|   0|   35|          0|
    |activ1_13_1_V_1_reg_5073                           |   35|   0|   35|          0|
    |activ1_13_1_V_reg_4540                             |   35|   0|   35|          0|
    |activ1_13_1_V_reg_4540_pp0_iter14_reg              |   35|   0|   35|          0|
    |activ1_14_0_V_1_reg_5078                           |   35|   0|   35|          0|
    |activ1_14_0_V_reg_4546                             |   35|   0|   35|          0|
    |activ1_14_0_V_reg_4546_pp0_iter14_reg              |   35|   0|   35|          0|
    |activ1_14_1_V_1_reg_5083                           |   35|   0|   35|          0|
    |activ1_14_1_V_reg_4552                             |   35|   0|   35|          0|
    |activ1_14_1_V_reg_4552_pp0_iter14_reg              |   35|   0|   35|          0|
    |activ1_15_0_V_1_reg_5088                           |   35|   0|   35|          0|
    |activ1_15_0_V_reg_4558                             |   35|   0|   35|          0|
    |activ1_15_0_V_reg_4558_pp0_iter14_reg              |   35|   0|   35|          0|
    |activ1_15_1_V_1_reg_5093                           |   35|   0|   35|          0|
    |activ1_15_1_V_reg_4564                             |   35|   0|   35|          0|
    |activ1_15_1_V_reg_4564_pp0_iter14_reg              |   35|   0|   35|          0|
    |activ1_16_0_V_1_reg_5098                           |   35|   0|   35|          0|
    |activ1_16_0_V_reg_4570                             |   35|   0|   35|          0|
    |activ1_16_0_V_reg_4570_pp0_iter14_reg              |   35|   0|   35|          0|
    |activ1_16_1_V_1_reg_5103                           |   35|   0|   35|          0|
    |activ1_16_1_V_reg_4576                             |   35|   0|   35|          0|
    |activ1_16_1_V_reg_4576_pp0_iter14_reg              |   35|   0|   35|          0|
    |activ1_17_0_V_1_reg_5108                           |   35|   0|   35|          0|
    |activ1_17_0_V_reg_4582                             |   35|   0|   35|          0|
    |activ1_17_0_V_reg_4582_pp0_iter14_reg              |   35|   0|   35|          0|
    |activ1_17_1_V_1_reg_5113                           |   35|   0|   35|          0|
    |activ1_17_1_V_reg_4588                             |   35|   0|   35|          0|
    |activ1_17_1_V_reg_4588_pp0_iter14_reg              |   35|   0|   35|          0|
    |activ1_18_0_V_1_reg_5118                           |   35|   0|   35|          0|
    |activ1_18_0_V_reg_4594                             |   35|   0|   35|          0|
    |activ1_18_0_V_reg_4594_pp0_iter14_reg              |   35|   0|   35|          0|
    |activ1_18_1_V_1_reg_5123                           |   35|   0|   35|          0|
    |activ1_18_1_V_reg_4600                             |   35|   0|   35|          0|
    |activ1_18_1_V_reg_4600_pp0_iter14_reg              |   35|   0|   35|          0|
    |activ1_19_0_V_1_reg_5128                           |   35|   0|   35|          0|
    |activ1_19_0_V_reg_4606                             |   35|   0|   35|          0|
    |activ1_19_0_V_reg_4606_pp0_iter14_reg              |   35|   0|   35|          0|
    |activ1_19_1_V_1_reg_5133                           |   35|   0|   35|          0|
    |activ1_19_1_V_reg_4612                             |   35|   0|   35|          0|
    |activ1_19_1_V_reg_4612_pp0_iter14_reg              |   35|   0|   35|          0|
    |activ1_1_0_V_1_reg_4948                            |   35|   0|   35|          0|
    |activ1_1_0_V_reg_4390                              |   35|   0|   35|          0|
    |activ1_1_0_V_reg_4390_pp0_iter14_reg               |   35|   0|   35|          0|
    |activ1_1_1_V_1_reg_4953                            |   35|   0|   35|          0|
    |activ1_1_1_V_reg_4396                              |   35|   0|   35|          0|
    |activ1_1_1_V_reg_4396_pp0_iter14_reg               |   35|   0|   35|          0|
    |activ1_20_0_V_1_reg_5138                           |   35|   0|   35|          0|
    |activ1_20_0_V_reg_4618                             |   35|   0|   35|          0|
    |activ1_20_0_V_reg_4618_pp0_iter14_reg              |   35|   0|   35|          0|
    |activ1_20_1_V_1_reg_5143                           |   35|   0|   35|          0|
    |activ1_20_1_V_reg_4624                             |   35|   0|   35|          0|
    |activ1_20_1_V_reg_4624_pp0_iter14_reg              |   35|   0|   35|          0|
    |activ1_21_0_V_1_reg_5148                           |   35|   0|   35|          0|
    |activ1_21_0_V_reg_4630                             |   35|   0|   35|          0|
    |activ1_21_0_V_reg_4630_pp0_iter14_reg              |   35|   0|   35|          0|
    |activ1_21_1_V_1_reg_5153                           |   35|   0|   35|          0|
    |activ1_21_1_V_reg_4636                             |   35|   0|   35|          0|
    |activ1_21_1_V_reg_4636_pp0_iter14_reg              |   35|   0|   35|          0|
    |activ1_22_0_V_1_reg_5158                           |   35|   0|   35|          0|
    |activ1_22_0_V_reg_4642                             |   35|   0|   35|          0|
    |activ1_22_0_V_reg_4642_pp0_iter14_reg              |   35|   0|   35|          0|
    |activ1_22_1_V_1_reg_5163                           |   35|   0|   35|          0|
    |activ1_22_1_V_reg_4648                             |   35|   0|   35|          0|
    |activ1_22_1_V_reg_4648_pp0_iter14_reg              |   35|   0|   35|          0|
    |activ1_23_0_V_1_reg_5168                           |   35|   0|   35|          0|
    |activ1_23_0_V_reg_4654                             |   35|   0|   35|          0|
    |activ1_23_0_V_reg_4654_pp0_iter14_reg              |   35|   0|   35|          0|
    |activ1_23_1_V_1_reg_5173                           |   35|   0|   35|          0|
    |activ1_23_1_V_reg_4660                             |   35|   0|   35|          0|
    |activ1_23_1_V_reg_4660_pp0_iter14_reg              |   35|   0|   35|          0|
    |activ1_24_0_V_1_reg_5178                           |   35|   0|   35|          0|
    |activ1_24_0_V_reg_4666                             |   35|   0|   35|          0|
    |activ1_24_0_V_reg_4666_pp0_iter14_reg              |   35|   0|   35|          0|
    |activ1_24_1_V_1_reg_5183                           |   35|   0|   35|          0|
    |activ1_24_1_V_reg_4672                             |   35|   0|   35|          0|
    |activ1_24_1_V_reg_4672_pp0_iter14_reg              |   35|   0|   35|          0|
    |activ1_25_0_V_1_reg_5188                           |   35|   0|   35|          0|
    |activ1_25_0_V_reg_4678                             |   35|   0|   35|          0|
    |activ1_25_0_V_reg_4678_pp0_iter14_reg              |   35|   0|   35|          0|
    |activ1_25_1_V_1_reg_5193                           |   35|   0|   35|          0|
    |activ1_25_1_V_reg_4684                             |   35|   0|   35|          0|
    |activ1_25_1_V_reg_4684_pp0_iter14_reg              |   35|   0|   35|          0|
    |activ1_26_0_V_1_reg_5198                           |   35|   0|   35|          0|
    |activ1_26_0_V_reg_4690                             |   35|   0|   35|          0|
    |activ1_26_0_V_reg_4690_pp0_iter14_reg              |   35|   0|   35|          0|
    |activ1_26_1_V_1_reg_5203                           |   35|   0|   35|          0|
    |activ1_26_1_V_reg_4696                             |   35|   0|   35|          0|
    |activ1_26_1_V_reg_4696_pp0_iter14_reg              |   35|   0|   35|          0|
    |activ1_27_0_V_1_reg_5208                           |   35|   0|   35|          0|
    |activ1_27_0_V_reg_4702                             |   35|   0|   35|          0|
    |activ1_27_0_V_reg_4702_pp0_iter14_reg              |   35|   0|   35|          0|
    |activ1_27_1_V_1_reg_5213                           |   35|   0|   35|          0|
    |activ1_27_1_V_reg_4708                             |   35|   0|   35|          0|
    |activ1_27_1_V_reg_4708_pp0_iter14_reg              |   35|   0|   35|          0|
    |activ1_28_0_V_1_reg_5218                           |   35|   0|   35|          0|
    |activ1_28_0_V_reg_4714                             |   35|   0|   35|          0|
    |activ1_28_0_V_reg_4714_pp0_iter14_reg              |   35|   0|   35|          0|
    |activ1_28_1_V_1_reg_5223                           |   35|   0|   35|          0|
    |activ1_28_1_V_reg_4720                             |   35|   0|   35|          0|
    |activ1_28_1_V_reg_4720_pp0_iter14_reg              |   35|   0|   35|          0|
    |activ1_29_0_V_1_reg_5228                           |   35|   0|   35|          0|
    |activ1_29_0_V_reg_4726                             |   35|   0|   35|          0|
    |activ1_29_0_V_reg_4726_pp0_iter14_reg              |   35|   0|   35|          0|
    |activ1_29_1_V_1_reg_5233                           |   35|   0|   35|          0|
    |activ1_29_1_V_reg_4732                             |   35|   0|   35|          0|
    |activ1_29_1_V_reg_4732_pp0_iter14_reg              |   35|   0|   35|          0|
    |activ1_2_0_V_1_reg_4958                            |   35|   0|   35|          0|
    |activ1_2_0_V_reg_4402                              |   35|   0|   35|          0|
    |activ1_2_0_V_reg_4402_pp0_iter14_reg               |   35|   0|   35|          0|
    |activ1_2_1_V_1_reg_4963                            |   35|   0|   35|          0|
    |activ1_2_1_V_reg_4408                              |   35|   0|   35|          0|
    |activ1_2_1_V_reg_4408_pp0_iter14_reg               |   35|   0|   35|          0|
    |activ1_30_0_V_1_reg_5238                           |   35|   0|   35|          0|
    |activ1_30_0_V_reg_4738                             |   35|   0|   35|          0|
    |activ1_30_0_V_reg_4738_pp0_iter14_reg              |   35|   0|   35|          0|
    |activ1_30_1_V_1_reg_5243                           |   35|   0|   35|          0|
    |activ1_30_1_V_reg_4744                             |   35|   0|   35|          0|
    |activ1_30_1_V_reg_4744_pp0_iter14_reg              |   35|   0|   35|          0|
    |activ1_31_0_V_1_reg_5248                           |   35|   0|   35|          0|
    |activ1_31_0_V_reg_4750                             |   35|   0|   35|          0|
    |activ1_31_0_V_reg_4750_pp0_iter14_reg              |   35|   0|   35|          0|
    |activ1_31_1_V_1_reg_5253                           |   35|   0|   35|          0|
    |activ1_31_1_V_reg_4756                             |   35|   0|   35|          0|
    |activ1_31_1_V_reg_4756_pp0_iter14_reg              |   35|   0|   35|          0|
    |activ1_3_0_V_1_reg_4968                            |   35|   0|   35|          0|
    |activ1_3_0_V_reg_4414                              |   35|   0|   35|          0|
    |activ1_3_0_V_reg_4414_pp0_iter14_reg               |   35|   0|   35|          0|
    |activ1_3_1_V_1_reg_4973                            |   35|   0|   35|          0|
    |activ1_3_1_V_reg_4420                              |   35|   0|   35|          0|
    |activ1_3_1_V_reg_4420_pp0_iter14_reg               |   35|   0|   35|          0|
    |activ1_4_0_V_1_reg_4978                            |   35|   0|   35|          0|
    |activ1_4_0_V_reg_4426                              |   35|   0|   35|          0|
    |activ1_4_0_V_reg_4426_pp0_iter14_reg               |   35|   0|   35|          0|
    |activ1_4_1_V_1_reg_4983                            |   35|   0|   35|          0|
    |activ1_4_1_V_reg_4432                              |   35|   0|   35|          0|
    |activ1_4_1_V_reg_4432_pp0_iter14_reg               |   35|   0|   35|          0|
    |activ1_5_0_V_1_reg_4988                            |   35|   0|   35|          0|
    |activ1_5_0_V_reg_4438                              |   35|   0|   35|          0|
    |activ1_5_0_V_reg_4438_pp0_iter14_reg               |   35|   0|   35|          0|
    |activ1_5_1_V_1_reg_4993                            |   35|   0|   35|          0|
    |activ1_5_1_V_reg_4444                              |   35|   0|   35|          0|
    |activ1_5_1_V_reg_4444_pp0_iter14_reg               |   35|   0|   35|          0|
    |activ1_6_0_V_1_reg_4998                            |   35|   0|   35|          0|
    |activ1_6_0_V_reg_4450                              |   35|   0|   35|          0|
    |activ1_6_0_V_reg_4450_pp0_iter14_reg               |   35|   0|   35|          0|
    |activ1_6_1_V_1_reg_5003                            |   35|   0|   35|          0|
    |activ1_6_1_V_reg_4456                              |   35|   0|   35|          0|
    |activ1_6_1_V_reg_4456_pp0_iter14_reg               |   35|   0|   35|          0|
    |activ1_7_0_V_1_reg_5008                            |   35|   0|   35|          0|
    |activ1_7_0_V_reg_4462                              |   35|   0|   35|          0|
    |activ1_7_0_V_reg_4462_pp0_iter14_reg               |   35|   0|   35|          0|
    |activ1_7_1_V_1_reg_5013                            |   35|   0|   35|          0|
    |activ1_7_1_V_reg_4468                              |   35|   0|   35|          0|
    |activ1_7_1_V_reg_4468_pp0_iter14_reg               |   35|   0|   35|          0|
    |activ1_8_0_V_1_reg_5018                            |   35|   0|   35|          0|
    |activ1_8_0_V_reg_4474                              |   35|   0|   35|          0|
    |activ1_8_0_V_reg_4474_pp0_iter14_reg               |   35|   0|   35|          0|
    |activ1_8_1_V_1_reg_5023                            |   35|   0|   35|          0|
    |activ1_8_1_V_reg_4480                              |   35|   0|   35|          0|
    |activ1_8_1_V_reg_4480_pp0_iter14_reg               |   35|   0|   35|          0|
    |activ1_9_0_V_1_reg_5028                            |   35|   0|   35|          0|
    |activ1_9_0_V_reg_4486                              |   35|   0|   35|          0|
    |activ1_9_0_V_reg_4486_pp0_iter14_reg               |   35|   0|   35|          0|
    |activ1_9_1_V_1_reg_5033                            |   35|   0|   35|          0|
    |activ1_9_1_V_reg_4492                              |   35|   0|   35|          0|
    |activ1_9_1_V_reg_4492_pp0_iter14_reg               |   35|   0|   35|          0|
    |add_ln703_10_reg_5308                              |   35|   0|   35|          0|
    |add_ln703_11_reg_5313                              |   35|   0|   35|          0|
    |add_ln703_12_reg_5318                              |   35|   0|   35|          0|
    |add_ln703_13_reg_5323                              |   35|   0|   35|          0|
    |add_ln703_14_reg_5328                              |   35|   0|   35|          0|
    |add_ln703_15_reg_5333                              |   35|   0|   35|          0|
    |add_ln703_1_reg_5263                               |   35|   0|   35|          0|
    |add_ln703_2_reg_5268                               |   35|   0|   35|          0|
    |add_ln703_3_reg_5273                               |   35|   0|   35|          0|
    |add_ln703_4_reg_5278                               |   35|   0|   35|          0|
    |add_ln703_5_reg_5283                               |   35|   0|   35|          0|
    |add_ln703_6_reg_5288                               |   35|   0|   35|          0|
    |add_ln703_7_reg_5293                               |   35|   0|   35|          0|
    |add_ln703_8_reg_5298                               |   35|   0|   35|          0|
    |add_ln703_9_reg_5303                               |   35|   0|   35|          0|
    |add_ln703_reg_5258                                 |   35|   0|   35|          0|
    |ap_CS_fsm                                          |    1|   0|    1|          0|
    |ap_enable_reg_pp0_iter1                            |    1|   0|    1|          0|
    |ap_enable_reg_pp0_iter10                           |    1|   0|    1|          0|
    |ap_enable_reg_pp0_iter11                           |    1|   0|    1|          0|
    |ap_enable_reg_pp0_iter12                           |    1|   0|    1|          0|
    |ap_enable_reg_pp0_iter13                           |    1|   0|    1|          0|
    |ap_enable_reg_pp0_iter14                           |    1|   0|    1|          0|
    |ap_enable_reg_pp0_iter15                           |    1|   0|    1|          0|
    |ap_enable_reg_pp0_iter16                           |    1|   0|    1|          0|
    |ap_enable_reg_pp0_iter17                           |    1|   0|    1|          0|
    |ap_enable_reg_pp0_iter2                            |    1|   0|    1|          0|
    |ap_enable_reg_pp0_iter3                            |    1|   0|    1|          0|
    |ap_enable_reg_pp0_iter4                            |    1|   0|    1|          0|
    |ap_enable_reg_pp0_iter5                            |    1|   0|    1|          0|
    |ap_enable_reg_pp0_iter6                            |    1|   0|    1|          0|
    |ap_enable_reg_pp0_iter7                            |    1|   0|    1|          0|
    |ap_enable_reg_pp0_iter8                            |    1|   0|    1|          0|
    |ap_enable_reg_pp0_iter9                            |    1|   0|    1|          0|
    |data_1_0_V_read_1_reg_3508                         |   35|   0|   35|          0|
    |data_1_10_V_read_1_reg_3448                        |   35|   0|   35|          0|
    |data_1_11_V_read_1_reg_3442                        |   35|   0|   35|          0|
    |data_1_12_V_read_1_reg_3436                        |   35|   0|   35|          0|
    |data_1_13_V_read_1_reg_3430                        |   35|   0|   35|          0|
    |data_1_14_V_read_1_reg_3424                        |   35|   0|   35|          0|
    |data_1_15_V_read_1_reg_3418                        |   35|   0|   35|          0|
    |data_1_1_V_read_1_reg_3502                         |   35|   0|   35|          0|
    |data_1_2_V_read_1_reg_3496                         |   35|   0|   35|          0|
    |data_1_3_V_read_1_reg_3490                         |   35|   0|   35|          0|
    |data_1_4_V_read_1_reg_3484                         |   35|   0|   35|          0|
    |data_1_5_V_read_1_reg_3478                         |   35|   0|   35|          0|
    |data_1_6_V_read_1_reg_3472                         |   35|   0|   35|          0|
    |data_1_7_V_read_1_reg_3466                         |   35|   0|   35|          0|
    |data_1_8_V_read_1_reg_3460                         |   35|   0|   35|          0|
    |data_1_9_V_read_1_reg_3454                         |   35|   0|   35|          0|
    |dense0_out_0_0_V_reg_4058                          |   35|   0|   35|          0|
    |dense0_out_0_1_V_reg_4063                          |   35|   0|   35|          0|
    |dense0_out_10_0_V_reg_4158                         |   35|   0|   35|          0|
    |dense0_out_10_1_V_reg_4163                         |   35|   0|   35|          0|
    |dense0_out_11_0_V_reg_4168                         |   35|   0|   35|          0|
    |dense0_out_11_1_V_reg_4173                         |   35|   0|   35|          0|
    |dense0_out_12_0_V_reg_4178                         |   35|   0|   35|          0|
    |dense0_out_12_1_V_reg_4183                         |   35|   0|   35|          0|
    |dense0_out_13_0_V_reg_4188                         |   35|   0|   35|          0|
    |dense0_out_13_1_V_reg_4193                         |   35|   0|   35|          0|
    |dense0_out_14_0_V_reg_4198                         |   35|   0|   35|          0|
    |dense0_out_14_1_V_reg_4203                         |   35|   0|   35|          0|
    |dense0_out_15_0_V_reg_4208                         |   35|   0|   35|          0|
    |dense0_out_15_1_V_reg_4213                         |   35|   0|   35|          0|
    |dense0_out_16_0_V_reg_4218                         |   35|   0|   35|          0|
    |dense0_out_16_1_V_reg_4223                         |   35|   0|   35|          0|
    |dense0_out_17_0_V_reg_4228                         |   35|   0|   35|          0|
    |dense0_out_17_1_V_reg_4233                         |   35|   0|   35|          0|
    |dense0_out_18_0_V_reg_4238                         |   35|   0|   35|          0|
    |dense0_out_18_1_V_reg_4243                         |   35|   0|   35|          0|
    |dense0_out_19_0_V_reg_4248                         |   35|   0|   35|          0|
    |dense0_out_19_1_V_reg_4253                         |   35|   0|   35|          0|
    |dense0_out_1_0_V_reg_4068                          |   35|   0|   35|          0|
    |dense0_out_1_1_V_reg_4073                          |   35|   0|   35|          0|
    |dense0_out_20_0_V_reg_4258                         |   35|   0|   35|          0|
    |dense0_out_20_1_V_reg_4263                         |   35|   0|   35|          0|
    |dense0_out_21_0_V_reg_4268                         |   35|   0|   35|          0|
    |dense0_out_21_1_V_reg_4273                         |   35|   0|   35|          0|
    |dense0_out_22_0_V_reg_4278                         |   35|   0|   35|          0|
    |dense0_out_22_1_V_reg_4283                         |   35|   0|   35|          0|
    |dense0_out_23_0_V_reg_4288                         |   35|   0|   35|          0|
    |dense0_out_23_1_V_reg_4293                         |   35|   0|   35|          0|
    |dense0_out_24_0_V_reg_4298                         |   35|   0|   35|          0|
    |dense0_out_24_1_V_reg_4303                         |   35|   0|   35|          0|
    |dense0_out_25_0_V_reg_4308                         |   35|   0|   35|          0|
    |dense0_out_25_1_V_reg_4313                         |   35|   0|   35|          0|
    |dense0_out_26_0_V_reg_4318                         |   35|   0|   35|          0|
    |dense0_out_26_1_V_reg_4323                         |   35|   0|   35|          0|
    |dense0_out_27_0_V_reg_4328                         |   35|   0|   35|          0|
    |dense0_out_27_1_V_reg_4333                         |   35|   0|   35|          0|
    |dense0_out_28_0_V_reg_4338                         |   35|   0|   35|          0|
    |dense0_out_28_1_V_reg_4343                         |   35|   0|   35|          0|
    |dense0_out_29_0_V_reg_4348                         |   35|   0|   35|          0|
    |dense0_out_29_1_V_reg_4353                         |   35|   0|   35|          0|
    |dense0_out_2_0_V_reg_4078                          |   35|   0|   35|          0|
    |dense0_out_2_1_V_reg_4083                          |   35|   0|   35|          0|
    |dense0_out_30_0_V_reg_4358                         |   35|   0|   35|          0|
    |dense0_out_30_1_V_reg_4363                         |   35|   0|   35|          0|
    |dense0_out_31_0_V_reg_4368                         |   35|   0|   35|          0|
    |dense0_out_31_1_V_reg_4373                         |   35|   0|   35|          0|
    |dense0_out_3_0_V_reg_4088                          |   35|   0|   35|          0|
    |dense0_out_3_1_V_reg_4093                          |   35|   0|   35|          0|
    |dense0_out_4_0_V_reg_4098                          |   35|   0|   35|          0|
    |dense0_out_4_1_V_reg_4103                          |   35|   0|   35|          0|
    |dense0_out_5_0_V_reg_4108                          |   35|   0|   35|          0|
    |dense0_out_5_1_V_reg_4113                          |   35|   0|   35|          0|
    |dense0_out_6_0_V_reg_4118                          |   35|   0|   35|          0|
    |dense0_out_6_1_V_reg_4123                          |   35|   0|   35|          0|
    |dense0_out_7_0_V_reg_4128                          |   35|   0|   35|          0|
    |dense0_out_7_1_V_reg_4133                          |   35|   0|   35|          0|
    |dense0_out_8_0_V_reg_4138                          |   35|   0|   35|          0|
    |dense0_out_8_1_V_reg_4143                          |   35|   0|   35|          0|
    |dense0_out_9_0_V_reg_4148                          |   35|   0|   35|          0|
    |dense0_out_9_1_V_reg_4153                          |   35|   0|   35|          0|
    |dense1_out_0_0_assign_1_reg_4762                   |   35|   0|   35|          0|
    |dense1_out_0_1_reg_4768                            |   35|   0|   35|          0|
    |dense1_out_10_0_assign_1_reg_4872                  |   35|   0|   35|          0|
    |dense1_out_10_1_reg_4878                           |   35|   0|   35|          0|
    |dense1_out_11_0_assign_1_reg_4883                  |   35|   0|   35|          0|
    |dense1_out_11_1_reg_4889                           |   35|   0|   35|          0|
    |dense1_out_12_0_assign_1_reg_4894                  |   35|   0|   35|          0|
    |dense1_out_12_1_reg_4900                           |   35|   0|   35|          0|
    |dense1_out_13_0_assign_1_reg_4905                  |   35|   0|   35|          0|
    |dense1_out_13_1_reg_4911                           |   35|   0|   35|          0|
    |dense1_out_14_0_assign_1_reg_4916                  |   35|   0|   35|          0|
    |dense1_out_14_1_reg_4922                           |   35|   0|   35|          0|
    |dense1_out_15_0_assign_1_reg_4927                  |   35|   0|   35|          0|
    |dense1_out_15_1_reg_4933                           |   35|   0|   35|          0|
    |dense1_out_1_0_assign_1_reg_4773                   |   35|   0|   35|          0|
    |dense1_out_1_1_reg_4779                            |   35|   0|   35|          0|
    |dense1_out_2_0_assign_1_reg_4784                   |   35|   0|   35|          0|
    |dense1_out_2_1_reg_4790                            |   35|   0|   35|          0|
    |dense1_out_3_0_assign_1_reg_4795                   |   35|   0|   35|          0|
    |dense1_out_3_1_reg_4801                            |   35|   0|   35|          0|
    |dense1_out_4_0_assign_1_reg_4806                   |   35|   0|   35|          0|
    |dense1_out_4_1_reg_4812                            |   35|   0|   35|          0|
    |dense1_out_5_0_assign_1_reg_4817                   |   35|   0|   35|          0|
    |dense1_out_5_1_reg_4823                            |   35|   0|   35|          0|
    |dense1_out_6_0_assign_1_reg_4828                   |   35|   0|   35|          0|
    |dense1_out_6_1_reg_4834                            |   35|   0|   35|          0|
    |dense1_out_7_0_assign_1_reg_4839                   |   35|   0|   35|          0|
    |dense1_out_7_1_reg_4845                            |   35|   0|   35|          0|
    |dense1_out_8_0_assign_1_reg_4850                   |   35|   0|   35|          0|
    |dense1_out_8_1_reg_4856                            |   35|   0|   35|          0|
    |dense1_out_9_0_assign_1_reg_4861                   |   35|   0|   35|          0|
    |dense1_out_9_1_reg_4867                            |   35|   0|   35|          0|
    |self_attention_sum_0_0_V_reg_3514                  |   35|   0|   35|          0|
    |self_attention_sum_0_1_V_reg_3626                  |   35|   0|   35|          0|
    |self_attention_sum_0_1_V_reg_3626_pp0_iter11_reg   |   35|   0|   35|          0|
    |self_attention_sum_10_0_V_reg_3584                 |   35|   0|   35|          0|
    |self_attention_sum_10_1_V_reg_3676                 |   35|   0|   35|          0|
    |self_attention_sum_10_1_V_reg_3676_pp0_iter11_reg  |   35|   0|   35|          0|
    |self_attention_sum_11_0_V_reg_3591                 |   35|   0|   35|          0|
    |self_attention_sum_11_1_V_reg_3681                 |   35|   0|   35|          0|
    |self_attention_sum_11_1_V_reg_3681_pp0_iter11_reg  |   35|   0|   35|          0|
    |self_attention_sum_12_0_V_reg_3598                 |   35|   0|   35|          0|
    |self_attention_sum_12_1_V_reg_3686                 |   35|   0|   35|          0|
    |self_attention_sum_12_1_V_reg_3686_pp0_iter11_reg  |   35|   0|   35|          0|
    |self_attention_sum_13_0_V_reg_3605                 |   35|   0|   35|          0|
    |self_attention_sum_13_1_V_reg_3691                 |   35|   0|   35|          0|
    |self_attention_sum_13_1_V_reg_3691_pp0_iter11_reg  |   35|   0|   35|          0|
    |self_attention_sum_14_0_V_reg_3612                 |   35|   0|   35|          0|
    |self_attention_sum_14_1_V_reg_3696                 |   35|   0|   35|          0|
    |self_attention_sum_14_1_V_reg_3696_pp0_iter11_reg  |   35|   0|   35|          0|
    |self_attention_sum_15_0_V_reg_3619                 |   35|   0|   35|          0|
    |self_attention_sum_15_1_V_reg_3701                 |   35|   0|   35|          0|
    |self_attention_sum_15_1_V_reg_3701_pp0_iter11_reg  |   35|   0|   35|          0|
    |self_attention_sum_1_0_V_reg_3521                  |   35|   0|   35|          0|
    |self_attention_sum_1_1_V_reg_3631                  |   35|   0|   35|          0|
    |self_attention_sum_1_1_V_reg_3631_pp0_iter11_reg   |   35|   0|   35|          0|
    |self_attention_sum_2_0_V_reg_3528                  |   35|   0|   35|          0|
    |self_attention_sum_2_1_V_reg_3636                  |   35|   0|   35|          0|
    |self_attention_sum_2_1_V_reg_3636_pp0_iter11_reg   |   35|   0|   35|          0|
    |self_attention_sum_3_0_V_reg_3535                  |   35|   0|   35|          0|
    |self_attention_sum_3_1_V_reg_3641                  |   35|   0|   35|          0|
    |self_attention_sum_3_1_V_reg_3641_pp0_iter11_reg   |   35|   0|   35|          0|
    |self_attention_sum_4_0_V_reg_3542                  |   35|   0|   35|          0|
    |self_attention_sum_4_1_V_reg_3646                  |   35|   0|   35|          0|
    |self_attention_sum_4_1_V_reg_3646_pp0_iter11_reg   |   35|   0|   35|          0|
    |self_attention_sum_5_0_V_reg_3549                  |   35|   0|   35|          0|
    |self_attention_sum_5_1_V_reg_3651                  |   35|   0|   35|          0|
    |self_attention_sum_5_1_V_reg_3651_pp0_iter11_reg   |   35|   0|   35|          0|
    |self_attention_sum_6_0_V_reg_3556                  |   35|   0|   35|          0|
    |self_attention_sum_6_1_V_reg_3656                  |   35|   0|   35|          0|
    |self_attention_sum_6_1_V_reg_3656_pp0_iter11_reg   |   35|   0|   35|          0|
    |self_attention_sum_7_0_V_reg_3563                  |   35|   0|   35|          0|
    |self_attention_sum_7_1_V_reg_3661                  |   35|   0|   35|          0|
    |self_attention_sum_7_1_V_reg_3661_pp0_iter11_reg   |   35|   0|   35|          0|
    |self_attention_sum_8_0_V_reg_3570                  |   35|   0|   35|          0|
    |self_attention_sum_8_1_V_reg_3666                  |   35|   0|   35|          0|
    |self_attention_sum_8_1_V_reg_3666_pp0_iter11_reg   |   35|   0|   35|          0|
    |self_attention_sum_9_0_V_reg_3577                  |   35|   0|   35|          0|
    |self_attention_sum_9_1_V_reg_3671                  |   35|   0|   35|          0|
    |self_attention_sum_9_1_V_reg_3671_pp0_iter11_reg   |   35|   0|   35|          0|
    |data_1_0_V_read_1_reg_3508                         |   64|  32|   35|          0|
    |data_1_10_V_read_1_reg_3448                        |   64|  32|   35|          0|
    |data_1_11_V_read_1_reg_3442                        |   64|  32|   35|          0|
    |data_1_12_V_read_1_reg_3436                        |   64|  32|   35|          0|
    |data_1_13_V_read_1_reg_3430                        |   64|  32|   35|          0|
    |data_1_14_V_read_1_reg_3424                        |   64|  32|   35|          0|
    |data_1_15_V_read_1_reg_3418                        |   64|  32|   35|          0|
    |data_1_1_V_read_1_reg_3502                         |   64|  32|   35|          0|
    |data_1_2_V_read_1_reg_3496                         |   64|  32|   35|          0|
    |data_1_3_V_read_1_reg_3490                         |   64|  32|   35|          0|
    |data_1_4_V_read_1_reg_3484                         |   64|  32|   35|          0|
    |data_1_5_V_read_1_reg_3478                         |   64|  32|   35|          0|
    |data_1_6_V_read_1_reg_3472                         |   64|  32|   35|          0|
    |data_1_7_V_read_1_reg_3466                         |   64|  32|   35|          0|
    |data_1_8_V_read_1_reg_3460                         |   64|  32|   35|          0|
    |data_1_9_V_read_1_reg_3454                         |   64|  32|   35|          0|
    |self_attention_sum_0_0_V_reg_3514                  |   64|  32|   35|          0|
    |self_attention_sum_10_0_V_reg_3584                 |   64|  32|   35|          0|
    |self_attention_sum_11_0_V_reg_3591                 |   64|  32|   35|          0|
    |self_attention_sum_12_0_V_reg_3598                 |   64|  32|   35|          0|
    |self_attention_sum_13_0_V_reg_3605                 |   64|  32|   35|          0|
    |self_attention_sum_14_0_V_reg_3612                 |   64|  32|   35|          0|
    |self_attention_sum_15_0_V_reg_3619                 |   64|  32|   35|          0|
    |self_attention_sum_1_0_V_reg_3521                  |   64|  32|   35|          0|
    |self_attention_sum_2_0_V_reg_3528                  |   64|  32|   35|          0|
    |self_attention_sum_3_0_V_reg_3535                  |   64|  32|   35|          0|
    |self_attention_sum_4_0_V_reg_3542                  |   64|  32|   35|          0|
    |self_attention_sum_5_0_V_reg_3549                  |   64|  32|   35|          0|
    |self_attention_sum_6_0_V_reg_3556                  |   64|  32|   35|          0|
    |self_attention_sum_7_0_V_reg_3563                  |   64|  32|   35|          0|
    |self_attention_sum_8_0_V_reg_3570                  |   64|  32|   35|          0|
    |self_attention_sum_9_0_V_reg_3577                  |   64|  32|   35|          0|
    +---------------------------------------------------+-----+----+-----+-----------+
    |Total                                              |18306|1024|17378|          0|
    +---------------------------------------------------+-----+----+-----+-----------+



================================================================
== Interface
================================================================
* Summary: 
+------------------+-----+-----+------------+------------------+--------------+
|     RTL Ports    | Dir | Bits|  Protocol  |   Source Object  |    C Type    |
+------------------+-----+-----+------------+------------------+--------------+
|ap_clk            |  in |    1| ap_ctrl_hs |    transformer   | return value |
|ap_rst            |  in |    1| ap_ctrl_hs |    transformer   | return value |
|ap_start          |  in |    1| ap_ctrl_hs |    transformer   | return value |
|ap_done           | out |    1| ap_ctrl_hs |    transformer   | return value |
|ap_idle           | out |    1| ap_ctrl_hs |    transformer   | return value |
|ap_ready          | out |    1| ap_ctrl_hs |    transformer   | return value |
|ap_ce             |  in |    1| ap_ctrl_hs |    transformer   | return value |
|ap_return_0       | out |   35| ap_ctrl_hs |    transformer   | return value |
|ap_return_1       | out |   35| ap_ctrl_hs |    transformer   | return value |
|ap_return_2       | out |   35| ap_ctrl_hs |    transformer   | return value |
|ap_return_3       | out |   35| ap_ctrl_hs |    transformer   | return value |
|ap_return_4       | out |   35| ap_ctrl_hs |    transformer   | return value |
|ap_return_5       | out |   35| ap_ctrl_hs |    transformer   | return value |
|ap_return_6       | out |   35| ap_ctrl_hs |    transformer   | return value |
|ap_return_7       | out |   35| ap_ctrl_hs |    transformer   | return value |
|ap_return_8       | out |   35| ap_ctrl_hs |    transformer   | return value |
|ap_return_9       | out |   35| ap_ctrl_hs |    transformer   | return value |
|ap_return_10      | out |   35| ap_ctrl_hs |    transformer   | return value |
|ap_return_11      | out |   35| ap_ctrl_hs |    transformer   | return value |
|ap_return_12      | out |   35| ap_ctrl_hs |    transformer   | return value |
|ap_return_13      | out |   35| ap_ctrl_hs |    transformer   | return value |
|ap_return_14      | out |   35| ap_ctrl_hs |    transformer   | return value |
|ap_return_15      | out |   35| ap_ctrl_hs |    transformer   | return value |
|data_1_0_V_read   |  in |   35|   ap_none  |  data_1_0_V_read |    scalar    |
|data_1_1_V_read   |  in |   35|   ap_none  |  data_1_1_V_read |    scalar    |
|data_1_2_V_read   |  in |   35|   ap_none  |  data_1_2_V_read |    scalar    |
|data_1_3_V_read   |  in |   35|   ap_none  |  data_1_3_V_read |    scalar    |
|data_1_4_V_read   |  in |   35|   ap_none  |  data_1_4_V_read |    scalar    |
|data_1_5_V_read   |  in |   35|   ap_none  |  data_1_5_V_read |    scalar    |
|data_1_6_V_read   |  in |   35|   ap_none  |  data_1_6_V_read |    scalar    |
|data_1_7_V_read   |  in |   35|   ap_none  |  data_1_7_V_read |    scalar    |
|data_1_8_V_read   |  in |   35|   ap_none  |  data_1_8_V_read |    scalar    |
|data_1_9_V_read   |  in |   35|   ap_none  |  data_1_9_V_read |    scalar    |
|data_1_10_V_read  |  in |   35|   ap_none  | data_1_10_V_read |    scalar    |
|data_1_11_V_read  |  in |   35|   ap_none  | data_1_11_V_read |    scalar    |
|data_1_12_V_read  |  in |   35|   ap_none  | data_1_12_V_read |    scalar    |
|data_1_13_V_read  |  in |   35|   ap_none  | data_1_13_V_read |    scalar    |
|data_1_14_V_read  |  in |   35|   ap_none  | data_1_14_V_read |    scalar    |
|data_1_15_V_read  |  in |   35|   ap_none  | data_1_15_V_read |    scalar    |
+------------------+-----+-----+------------+------------------+--------------+

