

================================================================
== Vivado HLS Report for 'dense_latency_0_1_0_1_0_1_0_1_0_1_0_1_0_1_0_1_0'
================================================================
* Date:           Fri May  6 03:35:46 2022

* Version:        2019.2 (Build 2704478 on Wed Nov 06 22:10:23 MST 2019)
* Project:        myproject_prj
* Solution:       solution1
* Product family: virtexuplus
* Target device:  xcu250-figd2104-2L-e


================================================================
== Performance Estimates
================================================================
+ Timing: 
    * Summary: 
    +--------+---------+----------+------------+
    |  Clock |  Target | Estimated| Uncertainty|
    +--------+---------+----------+------------+
    |ap_clk  | 5.00 ns | 3.833 ns |   0.62 ns  |
    +--------+---------+----------+------------+

+ Latency: 
    * Summary: 
    +---------+---------+----------+----------+-----+-----+----------+
    |  Latency (cycles) |  Latency (absolute) |  Interval | Pipeline |
    |   min   |   max   |    min   |    max   | min | max |   Type   |
    +---------+---------+----------+----------+-----+-----+----------+
    |        1|        1| 5.000 ns | 5.000 ns |    1|    1| function |
    +---------+---------+----------+----------+-----+-----+----------+

    + Detail: 
        * Instance: 
        N/A

        * Loop: 
        N/A



================================================================
== Utilization Estimates
================================================================
* Summary: 
+---------------------+---------+-------+---------+---------+------+
|         Name        | BRAM_18K| DSP48E|    FF   |   LUT   | URAM |
+---------------------+---------+-------+---------+---------+------+
|DSP                  |        -|      -|        -|        -|     -|
|Expression           |        -|    512|        0|    11963|     -|
|FIFO                 |        -|      -|        -|        -|     -|
|Instance             |        -|      -|        -|        -|     -|
|Memory               |        -|      -|        -|        -|     -|
|Multiplexer          |        -|      -|        -|      144|     -|
|Register             |        -|      -|     6195|        -|     -|
+---------------------+---------+-------+---------+---------+------+
|Total                |        0|    512|     6195|    12107|     0|
+---------------------+---------+-------+---------+---------+------+
|Available SLR        |     1344|   3072|   864000|   432000|   320|
+---------------------+---------+-------+---------+---------+------+
|Utilization SLR (%)  |        0|     16|    ~0   |        2|     0|
+---------------------+---------+-------+---------+---------+------+
|Available            |     5376|  12288|  3456000|  1728000|  1280|
+---------------------+---------+-------+---------+---------+------+
|Utilization (%)      |        0|      4|    ~0   |    ~0   |     0|
+---------------------+---------+-------+---------+---------+------+

+ Detail: 
    * Instance: 
    N/A

    * DSP48E: 
    N/A

    * Memory: 
    N/A

    * FIFO: 
    N/A

    * Expression: 
    +-----------------------------+----------+-------+---+-----+------------+------------+
    |        Variable Name        | Operation| DSP48E| FF| LUT | Bitwidth P0| Bitwidth P1|
    +-----------------------------+----------+-------+---+-----+------------+------------+
    |mul_ln1118_1165_fu_938_p2    |     *    |      2|  0|   23|          35|          21|
    |mul_ln1118_1166_fu_919_p2    |     *    |      2|  0|   23|          35|          19|
    |mul_ln1118_1167_fu_751_p2    |     *    |      2|  0|   23|          35|          16|
    |mul_ln1118_1168_fu_826_p2    |     *    |      2|  0|   23|          35|          18|
    |mul_ln1118_1169_fu_915_p2    |     *    |      2|  0|   23|          35|          18|
    |mul_ln1118_1170_fu_862_p2    |     *    |      2|  0|   23|          35|          17|
    |mul_ln1118_1171_fu_864_p2    |     *    |      2|  0|   23|          35|          19|
    |mul_ln1118_1172_fu_758_p2    |     *    |      2|  0|   23|          35|          19|
    |mul_ln1118_1173_fu_902_p2    |     *    |      2|  0|   23|          35|          15|
    |mul_ln1118_1174_fu_967_p2    |     *    |      2|  0|   23|          35|          19|
    |mul_ln1118_1175_fu_761_p2    |     *    |      2|  0|   23|          35|          17|
    |mul_ln1118_1176_fu_792_p2    |     *    |      2|  0|   23|          35|          16|
    |mul_ln1118_1177_fu_935_p2    |     *    |      2|  0|   23|          35|          18|
    |mul_ln1118_1178_fu_963_p2    |     *    |      2|  0|   23|          35|          20|
    |mul_ln1118_1179_fu_910_p2    |     *    |      2|  0|   23|          35|          20|
    |mul_ln1118_1180_fu_796_p2    |     *    |      2|  0|   23|          35|          16|
    |mul_ln1118_1181_fu_797_p2    |     *    |      2|  0|   23|          35|          19|
    |mul_ln1118_1182_fu_798_p2    |     *    |      2|  0|   23|          35|          20|
    |mul_ln1118_1183_fu_813_p2    |     *    |      2|  0|   23|          35|          20|
    |mul_ln1118_1184_fu_746_p2    |     *    |      2|  0|   23|          35|          18|
    |mul_ln1118_1185_fu_787_p2    |     *    |      2|  0|   23|          35|          17|
    |mul_ln1118_1186_fu_795_p2    |     *    |      2|  0|   23|          35|          19|
    |mul_ln1118_1187_fu_953_p2    |     *    |      2|  0|   23|          35|          16|
    |mul_ln1118_1188_fu_790_p2    |     *    |      2|  0|   23|          35|          16|
    |mul_ln1118_1189_fu_748_p2    |     *    |      2|  0|   23|          35|          17|
    |mul_ln1118_1190_fu_764_p2    |     *    |      2|  0|   23|          35|          15|
    |mul_ln1118_1191_fu_779_p2    |     *    |      2|  0|   23|          35|          19|
    |mul_ln1118_1192_fu_766_p2    |     *    |      2|  0|   23|          35|          20|
    |mul_ln1118_1193_fu_767_p2    |     *    |      2|  0|   23|          35|          19|
    |mul_ln1118_1194_fu_809_p2    |     *    |      2|  0|   23|          35|          20|
    |mul_ln1118_1195_fu_884_p2    |     *    |      2|  0|   23|          35|          20|
    |mul_ln1118_1196_fu_892_p2    |     *    |      2|  0|   23|          35|          19|
    |mul_ln1118_1197_fu_893_p2    |     *    |      2|  0|   23|          35|          19|
    |mul_ln1118_1198_fu_987_p2    |     *    |      2|  0|   23|          35|          19|
    |mul_ln1118_1199_fu_924_p2    |     *    |      2|  0|   23|          35|          19|
    |mul_ln1118_1200_fu_875_p2    |     *    |      2|  0|   23|          35|          18|
    |mul_ln1118_1201_fu_833_p2    |     *    |      2|  0|   23|          35|          17|
    |mul_ln1118_1202_fu_784_p2    |     *    |      2|  0|   23|          35|          19|
    |mul_ln1118_1203_fu_778_p2    |     *    |      2|  0|   23|          35|          18|
    |mul_ln1118_1204_fu_851_p2    |     *    |      2|  0|   23|          35|          19|
    |mul_ln1118_1205_fu_737_p2    |     *    |      2|  0|   23|          35|          19|
    |mul_ln1118_1206_fu_738_p2    |     *    |      2|  0|   23|          35|          16|
    |mul_ln1118_1207_fu_976_p2    |     *    |      2|  0|   23|          35|          19|
    |mul_ln1118_1208_fu_950_p2    |     *    |      2|  0|   23|          35|          19|
    |mul_ln1118_1209_fu_782_p2    |     *    |      2|  0|   23|          35|          18|
    |mul_ln1118_1210_fu_742_p2    |     *    |      2|  0|   23|          35|          18|
    |mul_ln1118_1211_fu_804_p2    |     *    |      2|  0|   23|          35|          18|
    |mul_ln1118_1212_fu_744_p2    |     *    |      2|  0|   23|          35|          20|
    |mul_ln1118_1213_fu_904_p2    |     *    |      2|  0|   23|          35|          18|
    |mul_ln1118_1214_fu_869_p2    |     *    |      2|  0|   23|          35|          20|
    |mul_ln1118_1215_fu_820_p2    |     *    |      2|  0|   23|          35|          18|
    |mul_ln1118_1216_fu_921_p2    |     *    |      2|  0|   23|          35|          16|
    |mul_ln1118_1217_fu_971_p2    |     *    |      2|  0|   23|          35|          18|
    |mul_ln1118_1218_fu_965_p2    |     *    |      2|  0|   23|          35|          19|
    |mul_ln1118_1219_fu_824_p2    |     *    |      2|  0|   23|          35|          17|
    |mul_ln1118_1220_fu_825_p2    |     *    |      2|  0|   23|          35|          18|
    |mul_ln1118_1221_fu_968_p2    |     *    |      2|  0|   23|          35|          20|
    |mul_ln1118_1222_fu_814_p2    |     *    |      2|  0|   23|          35|          20|
    |mul_ln1118_1223_fu_754_p2    |     *    |      2|  0|   23|          35|          19|
    |mul_ln1118_1224_fu_870_p2    |     *    |      2|  0|   23|          35|          20|
    |mul_ln1118_1225_fu_783_p2    |     *    |      2|  0|   23|          35|          20|
    |mul_ln1118_1226_fu_854_p2    |     *    |      2|  0|   23|          35|          19|
    |mul_ln1118_1227_fu_962_p2    |     *    |      2|  0|   23|          35|          21|
    |mul_ln1118_1228_fu_756_p2    |     *    |      2|  0|   23|          35|          17|
    |mul_ln1118_1229_fu_964_p2    |     *    |      2|  0|   23|          35|          19|
    |mul_ln1118_1230_fu_908_p2    |     *    |      2|  0|   23|          35|          19|
    |mul_ln1118_1231_fu_794_p2    |     *    |      2|  0|   23|          35|          19|
    |mul_ln1118_1232_fu_937_p2    |     *    |      2|  0|   23|          35|          19|
    |mul_ln1118_1233_fu_803_p2    |     *    |      2|  0|   23|          35|          18|
    |mul_ln1118_1234_fu_939_p2    |     *    |      2|  0|   23|          35|          19|
    |mul_ln1118_1235_fu_900_p2    |     *    |      2|  0|   23|          35|          17|
    |mul_ln1118_1236_fu_905_p2    |     *    |      2|  0|   23|          35|          19|
    |mul_ln1118_1237_fu_961_p2    |     *    |      2|  0|   23|          35|          19|
    |mul_ln1118_1238_fu_984_p2    |     *    |      2|  0|   23|          35|          19|
    |mul_ln1118_1239_fu_802_p2    |     *    |      2|  0|   23|          35|          19|
    |mul_ln1118_1240_fu_841_p2    |     *    |      2|  0|   23|          35|          19|
    |mul_ln1118_1241_fu_785_p2    |     *    |      2|  0|   23|          35|          18|
    |mul_ln1118_1242_fu_843_p2    |     *    |      2|  0|   23|          35|          19|
    |mul_ln1118_1243_fu_887_p2    |     *    |      2|  0|   23|          35|          19|
    |mul_ln1118_1244_fu_845_p2    |     *    |      2|  0|   23|          35|          19|
    |mul_ln1118_1245_fu_793_p2    |     *    |      2|  0|   23|          35|          18|
    |mul_ln1118_1246_fu_909_p2    |     *    |      2|  0|   23|          35|          19|
    |mul_ln1118_1247_fu_768_p2    |     *    |      2|  0|   23|          35|          19|
    |mul_ln1118_1248_fu_776_p2    |     *    |      2|  0|   23|          35|          16|
    |mul_ln1118_1249_fu_877_p2    |     *    |      2|  0|   23|          35|          18|
    |mul_ln1118_1250_fu_930_p2    |     *    |      2|  0|   23|          35|          19|
    |mul_ln1118_1251_fu_914_p2    |     *    |      2|  0|   23|          35|          21|
    |mul_ln1118_1252_fu_760_p2    |     *    |      2|  0|   23|          35|          18|
    |mul_ln1118_1253_fu_774_p2    |     *    |      2|  0|   23|          35|          19|
    |mul_ln1118_1254_fu_821_p2    |     *    |      2|  0|   23|          35|          19|
    |mul_ln1118_1255_fu_929_p2    |     *    |      2|  0|   23|          35|          18|
    |mul_ln1118_1256_fu_780_p2    |     *    |      2|  0|   23|          35|          16|
    |mul_ln1118_1257_fu_874_p2    |     *    |      2|  0|   23|          35|          19|
    |mul_ln1118_1258_fu_925_p2    |     *    |      2|  0|   23|          35|          20|
    |mul_ln1118_1259_fu_765_p2    |     *    |      2|  0|   23|          35|          16|
    |mul_ln1118_1260_fu_739_p2    |     *    |      2|  0|   23|          35|          19|
    |mul_ln1118_1261_fu_889_p2    |     *    |      2|  0|   23|          35|          19|
    |mul_ln1118_1262_fu_863_p2    |     *    |      2|  0|   23|          35|          18|
    |mul_ln1118_1263_fu_837_p2    |     *    |      2|  0|   23|          35|          21|
    |mul_ln1118_1264_fu_885_p2    |     *    |      2|  0|   23|          35|          19|
    |mul_ln1118_1265_fu_816_p2    |     *    |      2|  0|   23|          35|          14|
    |mul_ln1118_1266_fu_860_p2    |     *    |      2|  0|   23|          35|          18|
    |mul_ln1118_1267_fu_834_p2    |     *    |      2|  0|   23|          35|          19|
    |mul_ln1118_1268_fu_958_p2    |     *    |      2|  0|   23|          35|          19|
    |mul_ln1118_1269_fu_959_p2    |     *    |      2|  0|   23|          35|          18|
    |mul_ln1118_1270_fu_960_p2    |     *    |      2|  0|   23|          35|          18|
    |mul_ln1118_1271_fu_918_p2    |     *    |      2|  0|   23|          35|          19|
    |mul_ln1118_1272_fu_812_p2    |     *    |      2|  0|   23|          35|          14|
    |mul_ln1118_1273_fu_852_p2    |     *    |      2|  0|   23|          35|          17|
    |mul_ln1118_1274_fu_853_p2    |     *    |      2|  0|   23|          35|          21|
    |mul_ln1118_1275_fu_873_p2    |     *    |      2|  0|   23|          35|          19|
    |mul_ln1118_1276_fu_815_p2    |     *    |      2|  0|   23|          35|          20|
    |mul_ln1118_1277_fu_741_p2    |     *    |      2|  0|   23|          35|          17|
    |mul_ln1118_1278_fu_986_p2    |     *    |      2|  0|   23|          35|          19|
    |mul_ln1118_1279_fu_858_p2    |     *    |      2|  0|   23|          35|          20|
    |mul_ln1118_1280_fu_832_p2    |     *    |      2|  0|   23|          35|          19|
    |mul_ln1118_1281_fu_951_p2    |     *    |      2|  0|   23|          35|          18|
    |mul_ln1118_1282_fu_952_p2    |     *    |      2|  0|   23|          35|          20|
    |mul_ln1118_1283_fu_903_p2    |     *    |      2|  0|   23|          35|          15|
    |mul_ln1118_1284_fu_954_p2    |     *    |      2|  0|   23|          35|          17|
    |mul_ln1118_1285_fu_791_p2    |     *    |      2|  0|   23|          35|          17|
    |mul_ln1118_1286_fu_856_p2    |     *    |      2|  0|   23|          35|          17|
    |mul_ln1118_1287_fu_966_p2    |     *    |      2|  0|   23|          35|          19|
    |mul_ln1118_1288_fu_947_p2    |     *    |      2|  0|   23|          35|          15|
    |mul_ln1118_1289_fu_840_p2    |     *    |      2|  0|   23|          35|          19|
    |mul_ln1118_1290_fu_934_p2    |     *    |      2|  0|   23|          35|          17|
    |mul_ln1118_1291_fu_781_p2    |     *    |      2|  0|   23|          35|          18|
    |mul_ln1118_1292_fu_944_p2    |     *    |      2|  0|   23|          35|          19|
    |mul_ln1118_1293_fu_830_p2    |     *    |      2|  0|   23|          35|          17|
    |mul_ln1118_1294_fu_811_p2    |     *    |      2|  0|   23|          35|          20|
    |mul_ln1118_1295_fu_988_p2    |     *    |      2|  0|   23|          35|          16|
    |mul_ln1118_1296_fu_989_p2    |     *    |      2|  0|   23|          35|          19|
    |mul_ln1118_1297_fu_876_p2    |     *    |      2|  0|   23|          35|          19|
    |mul_ln1118_1298_fu_941_p2    |     *    |      2|  0|   23|          35|          19|
    |mul_ln1118_1299_fu_985_p2    |     *    |      2|  0|   23|          35|          16|
    |mul_ln1118_1300_fu_736_p2    |     *    |      2|  0|   23|          35|          16|
    |mul_ln1118_1301_fu_911_p2    |     *    |      2|  0|   23|          35|          17|
    |mul_ln1118_1302_fu_946_p2    |     *    |      2|  0|   23|          35|          18|
    |mul_ln1118_1303_fu_839_p2    |     *    |      2|  0|   23|          35|          17|
    |mul_ln1118_1304_fu_799_p2    |     *    |      2|  0|   23|          35|          19|
    |mul_ln1118_1305_fu_942_p2    |     *    |      2|  0|   23|          35|          17|
    |mul_ln1118_1306_fu_801_p2    |     *    |      2|  0|   23|          35|          14|
    |mul_ln1118_1307_fu_836_p2    |     *    |      2|  0|   23|          35|          20|
    |mul_ln1118_1308_fu_789_p2    |     *    |      2|  0|   23|          35|          16|
    |mul_ln1118_1309_fu_818_p2    |     *    |      2|  0|   23|          35|          18|
    |mul_ln1118_1310_fu_926_p2    |     *    |      2|  0|   23|          35|          17|
    |mul_ln1118_1311_fu_927_p2    |     *    |      2|  0|   23|          35|          19|
    |mul_ln1118_1312_fu_850_p2    |     *    |      2|  0|   23|          35|          16|
    |mul_ln1118_1313_fu_872_p2    |     *    |      2|  0|   23|          35|          16|
    |mul_ln1118_1314_fu_882_p2    |     *    |      2|  0|   23|          35|          18|
    |mul_ln1118_1315_fu_883_p2    |     *    |      2|  0|   23|          35|          18|
    |mul_ln1118_1316_fu_769_p2    |     *    |      2|  0|   23|          35|          19|
    |mul_ln1118_1317_fu_980_p2    |     *    |      2|  0|   23|          35|          19|
    |mul_ln1118_1318_fu_771_p2    |     *    |      2|  0|   23|          35|          18|
    |mul_ln1118_1319_fu_745_p2    |     *    |      2|  0|   23|          35|          15|
    |mul_ln1118_1320_fu_907_p2    |     *    |      2|  0|   23|          35|          20|
    |mul_ln1118_1321_fu_977_p2    |     *    |      2|  0|   23|          35|          20|
    |mul_ln1118_1322_fu_775_p2    |     *    |      2|  0|   23|          35|          20|
    |mul_ln1118_1323_fu_855_p2    |     *    |      2|  0|   23|          35|          18|
    |mul_ln1118_1324_fu_906_p2    |     *    |      2|  0|   23|          35|          18|
    |mul_ln1118_1325_fu_807_p2    |     *    |      2|  0|   23|          35|          18|
    |mul_ln1118_1326_fu_901_p2    |     *    |      2|  0|   23|          35|          18|
    |mul_ln1118_1327_fu_759_p2    |     *    |      2|  0|   23|          35|          18|
    |mul_ln1118_1328_fu_969_p2    |     *    |      2|  0|   23|          35|          14|
    |mul_ln1118_1329_fu_740_p2    |     *    |      2|  0|   23|          35|          12|
    |mul_ln1118_1330_fu_788_p2    |     *    |      2|  0|   23|          35|          19|
    |mul_ln1118_1331_fu_857_p2    |     *    |      2|  0|   23|          35|          15|
    |mul_ln1118_1332_fu_743_p2    |     *    |      2|  0|   23|          35|          18|
    |mul_ln1118_1333_fu_859_p2    |     *    |      2|  0|   23|          35|          19|
    |mul_ln1118_1334_fu_878_p2    |     *    |      2|  0|   23|          35|          18|
    |mul_ln1118_1335_fu_753_p2    |     *    |      2|  0|   23|          35|          18|
    |mul_ln1118_1336_fu_835_p2    |     *    |      2|  0|   23|          35|          20|
    |mul_ln1118_1337_fu_842_p2    |     *    |      2|  0|   23|          35|          19|
    |mul_ln1118_1338_fu_786_p2    |     *    |      2|  0|   23|          35|          17|
    |mul_ln1118_1339_fu_844_p2    |     *    |      2|  0|   23|          35|          20|
    |mul_ln1118_1340_fu_879_p2    |     *    |      2|  0|   23|          35|          18|
    |mul_ln1118_1341_fu_846_p2    |     *    |      2|  0|   23|          35|          18|
    |mul_ln1118_1342_fu_752_p2    |     *    |      2|  0|   23|          35|          11|
    |mul_ln1118_1343_fu_983_p2    |     *    |      2|  0|   23|          35|          16|
    |mul_ln1118_1344_fu_970_p2    |     *    |      2|  0|   23|          35|          16|
    |mul_ln1118_1345_fu_829_p2    |     *    |      2|  0|   23|          35|          18|
    |mul_ln1118_1346_fu_972_p2    |     *    |      2|  0|   23|          35|          19|
    |mul_ln1118_1347_fu_973_p2    |     *    |      2|  0|   23|          35|          16|
    |mul_ln1118_1348_fu_974_p2    |     *    |      2|  0|   23|          35|          19|
    |mul_ln1118_1349_fu_894_p2    |     *    |      2|  0|   23|          35|          18|
    |mul_ln1118_1350_fu_895_p2    |     *    |      2|  0|   23|          35|          20|
    |mul_ln1118_1351_fu_979_p2    |     *    |      2|  0|   23|          35|          19|
    |mul_ln1118_1352_fu_880_p2    |     *    |      2|  0|   23|          35|          18|
    |mul_ln1118_1353_fu_831_p2    |     *    |      2|  0|   23|          35|          17|
    |mul_ln1118_1354_fu_982_p2    |     *    |      2|  0|   23|          35|          18|
    |mul_ln1118_1355_fu_848_p2    |     *    |      2|  0|   23|          35|          15|
    |mul_ln1118_1356_fu_940_p2    |     *    |      2|  0|   23|          35|          20|
    |mul_ln1118_1357_fu_928_p2    |     *    |      2|  0|   23|          35|          18|
    |mul_ln1118_1358_fu_800_p2    |     *    |      2|  0|   23|          35|          14|
    |mul_ln1118_1359_fu_957_p2    |     *    |      2|  0|   23|          35|          17|
    |mul_ln1118_1360_fu_849_p2    |     *    |      2|  0|   23|          35|          21|
    |mul_ln1118_1361_fu_945_p2    |     *    |      2|  0|   23|          35|          20|
    |mul_ln1118_1362_fu_817_p2    |     *    |      2|  0|   23|          35|          17|
    |mul_ln1118_1363_fu_920_p2    |     *    |      2|  0|   23|          35|          20|
    |mul_ln1118_1364_fu_806_p2    |     *    |      2|  0|   23|          35|          20|
    |mul_ln1118_1365_fu_866_p2    |     *    |      2|  0|   23|          35|          16|
    |mul_ln1118_1366_fu_867_p2    |     *    |      2|  0|   23|          35|          15|
    |mul_ln1118_1367_fu_868_p2    |     *    |      2|  0|   23|          35|          20|
    |mul_ln1118_1368_fu_762_p2    |     *    |      2|  0|   23|          35|          19|
    |mul_ln1118_1369_fu_763_p2    |     *    |      2|  0|   23|          35|          20|
    |mul_ln1118_1370_fu_912_p2    |     *    |      2|  0|   23|          35|          16|
    |mul_ln1118_1371_fu_913_p2    |     *    |      2|  0|   23|          35|          15|
    |mul_ln1118_1372_fu_772_p2    |     *    |      2|  0|   23|          35|          19|
    |mul_ln1118_1373_fu_773_p2    |     *    |      2|  0|   23|          35|          19|
    |mul_ln1118_1374_fu_916_p2    |     *    |      2|  0|   23|          35|          17|
    |mul_ln1118_1375_fu_917_p2    |     *    |      2|  0|   23|          35|          17|
    |mul_ln1118_1376_fu_898_p2    |     *    |      2|  0|   23|          35|          19|
    |mul_ln1118_1377_fu_777_p2    |     *    |      2|  0|   23|          35|          19|
    |mul_ln1118_1378_fu_881_p2    |     *    |      2|  0|   23|          35|          20|
    |mul_ln1118_1379_fu_896_p2    |     *    |      2|  0|   23|          35|          14|
    |mul_ln1118_1380_fu_847_p2    |     *    |      2|  0|   23|          35|          20|
    |mul_ln1118_1381_fu_955_p2    |     *    |      2|  0|   23|          35|          20|
    |mul_ln1118_1382_fu_956_p2    |     *    |      2|  0|   23|          35|          17|
    |mul_ln1118_1383_fu_750_p2    |     *    |      2|  0|   23|          35|          19|
    |mul_ln1118_1384_fu_810_p2    |     *    |      2|  0|   23|          35|          17|
    |mul_ln1118_1385_fu_865_p2    |     *    |      2|  0|   23|          35|          16|
    |mul_ln1118_1386_fu_886_p2    |     *    |      2|  0|   23|          35|          20|
    |mul_ln1118_1387_fu_899_p2    |     *    |      2|  0|   23|          35|          18|
    |mul_ln1118_1388_fu_888_p2    |     *    |      2|  0|   23|          35|          17|
    |mul_ln1118_1389_fu_747_p2    |     *    |      2|  0|   23|          35|          16|
    |mul_ln1118_1390_fu_890_p2    |     *    |      2|  0|   23|          35|          19|
    |mul_ln1118_1391_fu_749_p2    |     *    |      2|  0|   23|          35|          16|
    |mul_ln1118_1392_fu_932_p2    |     *    |      2|  0|   23|          35|          19|
    |mul_ln1118_1393_fu_933_p2    |     *    |      2|  0|   23|          35|          18|
    |mul_ln1118_1394_fu_891_p2    |     *    |      2|  0|   23|          35|          18|
    |mul_ln1118_1395_fu_735_p2    |     *    |      2|  0|   23|          35|          18|
    |mul_ln1118_1396_fu_936_p2    |     *    |      2|  0|   23|          35|          20|
    |mul_ln1118_1397_fu_828_p2    |     *    |      2|  0|   23|          35|          18|
    |mul_ln1118_1398_fu_734_p2    |     *    |      2|  0|   23|          35|          20|
    |mul_ln1118_1399_fu_897_p2    |     *    |      2|  0|   23|          35|          19|
    |mul_ln1118_1400_fu_838_p2    |     *    |      2|  0|   23|          35|          18|
    |mul_ln1118_1401_fu_981_p2    |     *    |      2|  0|   23|          35|          20|
    |mul_ln1118_1402_fu_975_p2    |     *    |      2|  0|   23|          35|          17|
    |mul_ln1118_1403_fu_861_p2    |     *    |      2|  0|   23|          35|          16|
    |mul_ln1118_1404_fu_808_p2    |     *    |      2|  0|   23|          35|          19|
    |mul_ln1118_1405_fu_978_p2    |     *    |      2|  0|   23|          35|          20|
    |mul_ln1118_1406_fu_819_p2    |     *    |      2|  0|   23|          35|          20|
    |mul_ln1118_1407_fu_770_p2    |     *    |      2|  0|   23|          35|          19|
    |mul_ln1118_1408_fu_757_p2    |     *    |      2|  0|   23|          35|          18|
    |mul_ln1118_1409_fu_922_p2    |     *    |      2|  0|   23|          35|          19|
    |mul_ln1118_1410_fu_823_p2    |     *    |      2|  0|   23|          35|          20|
    |mul_ln1118_1411_fu_827_p2    |     *    |      2|  0|   23|          35|          19|
    |mul_ln1118_1412_fu_943_p2    |     *    |      2|  0|   23|          35|          20|
    |mul_ln1118_1413_fu_755_p2    |     *    |      2|  0|   23|          35|          19|
    |mul_ln1118_1414_fu_871_p2    |     *    |      2|  0|   23|          35|          20|
    |mul_ln1118_1415_fu_931_p2    |     *    |      2|  0|   23|          35|          20|
    |mul_ln1118_1416_fu_805_p2    |     *    |      2|  0|   23|          35|          20|
    |mul_ln1118_1417_fu_948_p2    |     *    |      2|  0|   23|          35|          20|
    |mul_ln1118_1418_fu_949_p2    |     *    |      2|  0|   23|          35|          20|
    |mul_ln1118_1419_fu_923_p2    |     *    |      2|  0|   23|          35|          20|
    |mul_ln1118_fu_822_p2         |     *    |      2|  0|   23|          35|          20|
    |acc_10_V_fu_270262_p2        |     +    |      0|  0|   16|          35|          35|
    |acc_11_V_fu_270324_p2        |     +    |      0|  0|   16|          35|          35|
    |acc_12_V_fu_270392_p2        |     +    |      0|  0|   16|          35|          35|
    |acc_13_V_fu_270468_p2        |     +    |      0|  0|   16|          35|          35|
    |acc_14_V_fu_270535_p2        |     +    |      0|  0|   16|          35|          35|
    |acc_15_V_fu_270602_p2        |     +    |      0|  0|   16|          35|          35|
    |acc_1_V_fu_269623_p2         |     +    |      0|  0|   16|          35|          35|
    |acc_2_V_fu_269696_p2         |     +    |      0|  0|   16|          35|          35|
    |acc_3_V_fu_269761_p2         |     +    |      0|  0|   16|          35|          35|
    |acc_4_V_fu_269831_p2         |     +    |      0|  0|   16|          35|          35|
    |acc_5_V_fu_269906_p2         |     +    |      0|  0|   16|          35|          35|
    |acc_6_V_fu_269967_p2         |     +    |      0|  0|   16|          35|          35|
    |acc_7_V_fu_270039_p2         |     +    |      0|  0|   16|          35|          35|
    |acc_8_V_fu_270112_p2         |     +    |      0|  0|   16|          35|          35|
    |acc_9_V_fu_270185_p2         |     +    |      0|  0|   16|          35|          35|
    |add_ln703_1117_fu_269494_p2  |     +    |      0|  0|   16|          35|          35|
    |add_ln703_1118_fu_269500_p2  |     +    |      0|  0|   16|          35|          35|
    |add_ln703_1119_fu_268741_p2  |     +    |      0|  0|   34|          34|          34|
    |add_ln703_1120_fu_268747_p2  |     +    |      0|  0|   35|          35|          35|
    |add_ln703_1121_fu_269508_p2  |     +    |      0|  0|   16|          35|          35|
    |add_ln703_1122_fu_269513_p2  |     +    |      0|  0|   16|          35|          35|
    |add_ln703_1123_fu_269519_p2  |     +    |      0|  0|   16|          35|          35|
    |add_ln703_1124_fu_268753_p2  |     +    |      0|  0|   34|          34|          34|
    |add_ln703_1125_fu_269528_p2  |     +    |      0|  0|   16|          35|          35|
    |add_ln703_1126_fu_268759_p2  |     +    |      0|  0|   35|          35|          35|
    |add_ln703_1127_fu_269534_p2  |     +    |      0|  0|   35|          35|          18|
    |add_ln703_1128_fu_269540_p2  |     +    |      0|  0|   16|          35|          35|
    |add_ln703_1129_fu_269546_p2  |     +    |      0|  0|   16|          35|          35|
    |add_ln703_1130_fu_269551_p2  |     +    |      0|  0|   16|          35|          35|
    |add_ln703_1131_fu_269557_p2  |     +    |      0|  0|   16|          35|          35|
    |add_ln703_1132_fu_268765_p2  |     +    |      0|  0|   35|          35|          35|
    |add_ln703_1133_fu_269563_p2  |     +    |      0|  0|   16|          35|          35|
    |add_ln703_1134_fu_269569_p2  |     +    |      0|  0|   16|          35|          35|
    |add_ln703_1135_fu_268771_p2  |     +    |      0|  0|   35|          35|          35|
    |add_ln703_1136_fu_268777_p2  |     +    |      0|  0|   35|          35|          35|
    |add_ln703_1137_fu_269574_p2  |     +    |      0|  0|   16|          35|          35|
    |add_ln703_1138_fu_269578_p2  |     +    |      0|  0|   16|          35|          35|
    |add_ln703_1139_fu_268783_p2  |     +    |      0|  0|   34|          34|          34|
    |add_ln703_1140_fu_268789_p2  |     +    |      0|  0|   34|          34|          34|
    |add_ln703_1141_fu_269590_p2  |     +    |      0|  0|   35|          35|          35|
    |add_ln703_1142_fu_268795_p2  |     +    |      0|  0|   34|          34|          34|
    |add_ln703_1143_fu_269599_p2  |     +    |      0|  0|   35|          35|          19|
    |add_ln703_1144_fu_269605_p2  |     +    |      0|  0|   16|          35|          35|
    |add_ln703_1145_fu_269611_p2  |     +    |      0|  0|   16|          35|          35|
    |add_ln703_1146_fu_269617_p2  |     +    |      0|  0|   16|          35|          35|
    |add_ln703_1148_fu_268801_p2  |     +    |      0|  0|   35|          35|          35|
    |add_ln703_1149_fu_269629_p2  |     +    |      0|  0|   16|          35|          35|
    |add_ln703_1150_fu_269635_p2  |     +    |      0|  0|   16|          35|          35|
    |add_ln703_1151_fu_268807_p2  |     +    |      0|  0|   35|          35|          35|
    |add_ln703_1152_fu_268813_p2  |     +    |      0|  0|   34|          34|          34|
    |add_ln703_1153_fu_269643_p2  |     +    |      0|  0|   16|          35|          35|
    |add_ln703_1154_fu_269648_p2  |     +    |      0|  0|   16|          35|          35|
    |add_ln703_1155_fu_269654_p2  |     +    |      0|  0|   16|          35|          35|
    |add_ln703_1156_fu_268819_p2  |     +    |      0|  0|   34|          34|          34|
    |add_ln703_1157_fu_269663_p2  |     +    |      0|  0|   16|          35|          35|
    |add_ln703_1158_fu_268825_p2  |     +    |      0|  0|   33|          33|          33|
    |add_ln703_1159_fu_269672_p2  |     +    |      0|  0|   35|          35|          20|
    |add_ln703_1160_fu_269678_p2  |     +    |      0|  0|   16|          35|          35|
    |add_ln703_1161_fu_269684_p2  |     +    |      0|  0|   16|          35|          35|
    |add_ln703_1162_fu_269690_p2  |     +    |      0|  0|   16|          35|          35|
    |add_ln703_1164_fu_269702_p2  |     +    |      0|  0|   16|          35|          35|
    |add_ln703_1165_fu_268831_p2  |     +    |      0|  0|   34|          34|          34|
    |add_ln703_1166_fu_269711_p2  |     +    |      0|  0|   16|          35|          35|
    |add_ln703_1167_fu_268837_p2  |     +    |      0|  0|   34|          34|          34|
    |add_ln703_1168_fu_268843_p2  |     +    |      0|  0|   35|          35|          35|
    |add_ln703_1169_fu_269720_p2  |     +    |      0|  0|   16|          35|          35|
    |add_ln703_1170_fu_269725_p2  |     +    |      0|  0|   16|          35|          35|
    |add_ln703_1171_fu_268849_p2  |     +    |      0|  0|   34|          34|          34|
    |add_ln703_1172_fu_268855_p2  |     +    |      0|  0|   34|          34|          34|
    |add_ln703_1173_fu_269737_p2  |     +    |      0|  0|   35|          35|          35|
    |add_ln703_1174_fu_268861_p2  |     +    |      0|  0|   33|          33|          33|
    |add_ln703_1175_fu_268867_p2  |     +    |      0|  0|   16|          34|          19|
    |add_ln703_1176_fu_268873_p2  |     +    |      0|  0|   16|          34|          34|
    |add_ln703_1177_fu_269749_p2  |     +    |      0|  0|   35|          35|          35|
    |add_ln703_1178_fu_269755_p2  |     +    |      0|  0|   16|          35|          35|
    |add_ln703_1180_fu_268879_p2  |     +    |      0|  0|   34|          34|          34|
    |add_ln703_1181_fu_268885_p2  |     +    |      0|  0|   33|          33|          33|
    |add_ln703_1182_fu_269773_p2  |     +    |      0|  0|   35|          35|          35|
    |add_ln703_1183_fu_268891_p2  |     +    |      0|  0|   35|          35|          35|
    |add_ln703_1184_fu_268897_p2  |     +    |      0|  0|   35|          35|          35|
    |add_ln703_1185_fu_269779_p2  |     +    |      0|  0|   16|          35|          35|
    |add_ln703_1186_fu_269783_p2  |     +    |      0|  0|   16|          35|          35|
    |add_ln703_1187_fu_269789_p2  |     +    |      0|  0|   16|          35|          35|
    |add_ln703_1188_fu_268903_p2  |     +    |      0|  0|   32|          32|          32|
    |add_ln703_1189_fu_269798_p2  |     +    |      0|  0|   16|          35|          35|
    |add_ln703_1190_fu_268909_p2  |     +    |      0|  0|   35|          35|          35|
    |add_ln703_1191_fu_269804_p2  |     +    |      0|  0|   34|          34|          20|
    |add_ln703_1192_fu_269814_p2  |     +    |      0|  0|   16|          35|          35|
    |add_ln703_1193_fu_269820_p2  |     +    |      0|  0|   16|          35|          35|
    |add_ln703_1194_fu_269825_p2  |     +    |      0|  0|   16|          35|          35|
    |add_ln703_1196_fu_268915_p2  |     +    |      0|  0|   34|          34|          34|
    |add_ln703_1197_fu_268921_p2  |     +    |      0|  0|   34|          34|          34|
    |add_ln703_1198_fu_269843_p2  |     +    |      0|  0|   16|          35|          35|
    |add_ln703_1199_fu_268927_p2  |     +    |      0|  0|   33|          33|          33|
    |add_ln703_1200_fu_268933_p2  |     +    |      0|  0|   33|          33|          33|
    |add_ln703_1201_fu_269855_p2  |     +    |      0|  0|   34|          34|          34|
    |add_ln703_1202_fu_269865_p2  |     +    |      0|  0|   16|          35|          35|
    |add_ln703_1203_fu_269871_p2  |     +    |      0|  0|   16|          35|          35|
    |add_ln703_1204_fu_268939_p2  |     +    |      0|  0|   33|          33|          33|
    |add_ln703_1205_fu_269880_p2  |     +    |      0|  0|   16|          35|          35|
    |add_ln703_1206_fu_269886_p2  |     +    |      0|  0|   16|          35|          35|
    |add_ln703_1207_fu_268945_p2  |     +    |      0|  0|   16|          34|          19|
    |add_ln703_1208_fu_268951_p2  |     +    |      0|  0|   16|          34|          34|
    |add_ln703_1209_fu_269894_p2  |     +    |      0|  0|   16|          35|          35|
    |add_ln703_1210_fu_269900_p2  |     +    |      0|  0|   16|          35|          35|
    |add_ln703_1212_fu_268957_p2  |     +    |      0|  0|   35|          35|          35|
    |add_ln703_1213_fu_269912_p2  |     +    |      0|  0|   16|          35|          35|
    |add_ln703_1214_fu_269918_p2  |     +    |      0|  0|   16|          35|          35|
    |add_ln703_1215_fu_268963_p2  |     +    |      0|  0|   35|          35|          35|
    |add_ln703_1216_fu_268969_p2  |     +    |      0|  0|   35|          35|          35|
    |add_ln703_1217_fu_269923_p2  |     +    |      0|  0|   16|          35|          35|
    |add_ln703_1218_fu_269927_p2  |     +    |      0|  0|   16|          35|          35|
    |add_ln703_1219_fu_268975_p2  |     +    |      0|  0|   34|          34|          34|
    |add_ln703_1220_fu_268981_p2  |     +    |      0|  0|   34|          34|          34|
    |add_ln703_1221_fu_269939_p2  |     +    |      0|  0|   35|          35|          35|
    |add_ln703_1222_fu_268987_p2  |     +    |      0|  0|   35|          35|          35|
    |add_ln703_1223_fu_269945_p2  |     +    |      0|  0|   35|          35|          18|
    |add_ln703_1224_fu_269950_p2  |     +    |      0|  0|   16|          35|          35|
    |add_ln703_1225_fu_269956_p2  |     +    |      0|  0|   16|          35|          35|
    |add_ln703_1226_fu_269961_p2  |     +    |      0|  0|   16|          35|          35|
    |add_ln703_1228_fu_269973_p2  |     +    |      0|  0|   16|          35|          35|
    |add_ln703_1229_fu_268993_p2  |     +    |      0|  0|   34|          34|          34|
    |add_ln703_1230_fu_269982_p2  |     +    |      0|  0|   16|          35|          35|
    |add_ln703_1231_fu_268999_p2  |     +    |      0|  0|   35|          35|          35|
    |add_ln703_1232_fu_269005_p2  |     +    |      0|  0|   34|          34|          34|
    |add_ln703_1233_fu_269991_p2  |     +    |      0|  0|   16|          35|          35|
    |add_ln703_1234_fu_269996_p2  |     +    |      0|  0|   16|          35|          35|
    |add_ln703_1235_fu_269011_p2  |     +    |      0|  0|   33|          33|          33|
    |add_ln703_1236_fu_269017_p2  |     +    |      0|  0|   32|          32|          32|
    |add_ln703_1237_fu_270008_p2  |     +    |      0|  0|   34|          34|          34|
    |add_ln703_1238_fu_270018_p2  |     +    |      0|  0|   16|          35|          35|
    |add_ln703_1239_fu_269023_p2  |     +    |      0|  0|   16|          34|          19|
    |add_ln703_1240_fu_269029_p2  |     +    |      0|  0|   16|          34|          34|
    |add_ln703_1241_fu_270027_p2  |     +    |      0|  0|   16|          35|          35|
    |add_ln703_1242_fu_270033_p2  |     +    |      0|  0|   16|          35|          35|
    |add_ln703_1244_fu_269035_p2  |     +    |      0|  0|   34|          34|          34|
    |add_ln703_1245_fu_269041_p2  |     +    |      0|  0|   34|          34|          34|
    |add_ln703_1246_fu_270051_p2  |     +    |      0|  0|   35|          35|          35|
    |add_ln703_1247_fu_269047_p2  |     +    |      0|  0|   34|          34|          34|
    |add_ln703_1248_fu_269053_p2  |     +    |      0|  0|   34|          34|          34|
    |add_ln703_1249_fu_270063_p2  |     +    |      0|  0|   16|          35|          35|
    |add_ln703_1250_fu_270069_p2  |     +    |      0|  0|   16|          35|          35|
    |add_ln703_1251_fu_270075_p2  |     +    |      0|  0|   16|          35|          35|
    |add_ln703_1252_fu_269059_p2  |     +    |      0|  0|   34|          34|          34|
    |add_ln703_1253_fu_270084_p2  |     +    |      0|  0|   16|          35|          35|
    |add_ln703_1254_fu_269065_p2  |     +    |      0|  0|   35|          35|          35|
    |add_ln703_1255_fu_270090_p2  |     +    |      0|  0|   35|          35|          19|
    |add_ln703_1256_fu_270096_p2  |     +    |      0|  0|   16|          35|          35|
    |add_ln703_1257_fu_270101_p2  |     +    |      0|  0|   16|          35|          35|
    |add_ln703_1258_fu_270106_p2  |     +    |      0|  0|   16|          35|          35|
    |add_ln703_1260_fu_269071_p2  |     +    |      0|  0|   33|          33|          33|
    |add_ln703_1261_fu_270121_p2  |     +    |      0|  0|   16|          35|          35|
    |add_ln703_1262_fu_270127_p2  |     +    |      0|  0|   16|          35|          35|
    |add_ln703_1263_fu_269077_p2  |     +    |      0|  0|   35|          35|          35|
    |add_ln703_1264_fu_269083_p2  |     +    |      0|  0|   34|          34|          34|
    |add_ln703_1265_fu_270136_p2  |     +    |      0|  0|   16|          35|          35|
    |add_ln703_1266_fu_270141_p2  |     +    |      0|  0|   16|          35|          35|
    |add_ln703_1267_fu_270147_p2  |     +    |      0|  0|   16|          35|          35|
    |add_ln703_1268_fu_269089_p2  |     +    |      0|  0|   34|          34|          34|
    |add_ln703_1269_fu_270156_p2  |     +    |      0|  0|   16|          35|          35|
    |add_ln703_1270_fu_269095_p2  |     +    |      0|  0|   35|          35|          35|
    |add_ln703_1271_fu_270162_p2  |     +    |      0|  0|   35|          35|          18|
    |add_ln703_1272_fu_270168_p2  |     +    |      0|  0|   16|          35|          35|
    |add_ln703_1273_fu_270174_p2  |     +    |      0|  0|   16|          35|          35|
    |add_ln703_1274_fu_270179_p2  |     +    |      0|  0|   16|          35|          35|
    |add_ln703_1276_fu_269101_p2  |     +    |      0|  0|   35|          35|          35|
    |add_ln703_1277_fu_270191_p2  |     +    |      0|  0|   16|          35|          35|
    |add_ln703_1278_fu_270197_p2  |     +    |      0|  0|   16|          35|          35|
    |add_ln703_1279_fu_269107_p2  |     +    |      0|  0|   34|          34|          34|
    |add_ln703_1280_fu_269113_p2  |     +    |      0|  0|   34|          34|          34|
    |add_ln703_1281_fu_270208_p2  |     +    |      0|  0|   16|          35|          35|
    |add_ln703_1282_fu_270214_p2  |     +    |      0|  0|   16|          35|          35|
    |add_ln703_1283_fu_269119_p2  |     +    |      0|  0|   34|          34|          34|
    |add_ln703_1284_fu_270223_p2  |     +    |      0|  0|   16|          35|          35|
    |add_ln703_1285_fu_270229_p2  |     +    |      0|  0|   16|          35|          35|
    |add_ln703_1286_fu_269125_p2  |     +    |      0|  0|   33|          33|          33|
    |add_ln703_1287_fu_270238_p2  |     +    |      0|  0|   35|          35|          18|
    |add_ln703_1288_fu_270244_p2  |     +    |      0|  0|   16|          35|          35|
    |add_ln703_1289_fu_270250_p2  |     +    |      0|  0|   16|          35|          35|
    |add_ln703_1290_fu_270256_p2  |     +    |      0|  0|   16|          35|          35|
    |add_ln703_1292_fu_269131_p2  |     +    |      0|  0|   35|          35|          35|
    |add_ln703_1293_fu_270268_p2  |     +    |      0|  0|   16|          35|          35|
    |add_ln703_1294_fu_270274_p2  |     +    |      0|  0|   16|          35|          35|
    |add_ln703_1295_fu_269137_p2  |     +    |      0|  0|   35|          35|          35|
    |add_ln703_1296_fu_269143_p2  |     +    |      0|  0|   35|          35|          35|
    |add_ln703_1297_fu_270279_p2  |     +    |      0|  0|   16|          35|          35|
    |add_ln703_1298_fu_270283_p2  |     +    |      0|  0|   16|          35|          35|
    |add_ln703_1299_fu_269149_p2  |     +    |      0|  0|   32|          32|          32|
    |add_ln703_1300_fu_269155_p2  |     +    |      0|  0|   34|          34|          34|
    |add_ln703_1301_fu_270295_p2  |     +    |      0|  0|   35|          35|          35|
    |add_ln703_1302_fu_269161_p2  |     +    |      0|  0|   35|          35|          35|
    |add_ln703_1303_fu_270301_p2  |     +    |      0|  0|   35|          35|          18|
    |add_ln703_1304_fu_270307_p2  |     +    |      0|  0|   16|          35|          35|
    |add_ln703_1305_fu_270313_p2  |     +    |      0|  0|   16|          35|          35|
    |add_ln703_1306_fu_270318_p2  |     +    |      0|  0|   16|          35|          35|
    |add_ln703_1308_fu_269167_p2  |     +    |      0|  0|   35|          35|          35|
    |add_ln703_1309_fu_270330_p2  |     +    |      0|  0|   16|          35|          35|
    |add_ln703_1310_fu_270336_p2  |     +    |      0|  0|   16|          35|          35|
    |add_ln703_1311_fu_269173_p2  |     +    |      0|  0|   35|          35|          35|
    |add_ln703_1312_fu_269179_p2  |     +    |      0|  0|   31|          31|          31|
    |add_ln703_1313_fu_270344_p2  |     +    |      0|  0|   16|          35|          35|
    |add_ln703_1314_fu_270349_p2  |     +    |      0|  0|   16|          35|          35|
    |add_ln703_1315_fu_269185_p2  |     +    |      0|  0|   35|          35|          35|
    |add_ln703_1316_fu_270355_p2  |     +    |      0|  0|   16|          35|          35|
    |add_ln703_1317_fu_270360_p2  |     +    |      0|  0|   16|          35|          35|
    |add_ln703_1318_fu_269191_p2  |     +    |      0|  0|   34|          34|          34|
    |add_ln703_1319_fu_270368_p2  |     +    |      0|  0|   35|          35|          18|
    |add_ln703_1320_fu_270374_p2  |     +    |      0|  0|   16|          35|          35|
    |add_ln703_1321_fu_270380_p2  |     +    |      0|  0|   16|          35|          35|
    |add_ln703_1322_fu_270386_p2  |     +    |      0|  0|   16|          35|          35|
    |add_ln703_1324_fu_269197_p2  |     +    |      0|  0|   34|          34|          34|
    |add_ln703_1325_fu_270401_p2  |     +    |      0|  0|   16|          35|          35|
    |add_ln703_1326_fu_270407_p2  |     +    |      0|  0|   16|          35|          35|
    |add_ln703_1327_fu_269203_p2  |     +    |      0|  0|   34|          34|          34|
    |add_ln703_1328_fu_269209_p2  |     +    |      0|  0|   34|          34|          34|
    |add_ln703_1329_fu_270419_p2  |     +    |      0|  0|   16|          35|          35|
    |add_ln703_1330_fu_270425_p2  |     +    |      0|  0|   16|          35|          35|
    |add_ln703_1331_fu_270431_p2  |     +    |      0|  0|   16|          35|          35|
    |add_ln703_1332_fu_269215_p2  |     +    |      0|  0|   34|          34|          34|
    |add_ln703_1333_fu_270440_p2  |     +    |      0|  0|   16|          35|          35|
    |add_ln703_1334_fu_269221_p2  |     +    |      0|  0|   35|          35|          35|
    |add_ln703_1335_fu_270446_p2  |     +    |      0|  0|   35|          35|          18|
    |add_ln703_1336_fu_270451_p2  |     +    |      0|  0|   16|          35|          35|
    |add_ln703_1337_fu_270457_p2  |     +    |      0|  0|   16|          35|          35|
    |add_ln703_1338_fu_270462_p2  |     +    |      0|  0|   16|          35|          35|
    |add_ln703_1340_fu_270474_p2  |     +    |      0|  0|   16|          35|          35|
    |add_ln703_1341_fu_269227_p2  |     +    |      0|  0|   34|          34|          34|
    |add_ln703_1342_fu_270482_p2  |     +    |      0|  0|   16|          35|          35|
    |add_ln703_1343_fu_269233_p2  |     +    |      0|  0|   35|          35|          35|
    |add_ln703_1344_fu_269239_p2  |     +    |      0|  0|   35|          35|          35|
    |add_ln703_1345_fu_270488_p2  |     +    |      0|  0|   16|          35|          35|
    |add_ln703_1346_fu_270492_p2  |     +    |      0|  0|   16|          35|          35|
    |add_ln703_1347_fu_270498_p2  |     +    |      0|  0|   16|          35|          35|
    |add_ln703_1348_fu_269245_p2  |     +    |      0|  0|   33|          33|          33|
    |add_ln703_1349_fu_270507_p2  |     +    |      0|  0|   16|          35|          35|
    |add_ln703_1350_fu_269251_p2  |     +    |      0|  0|   35|          35|          35|
    |add_ln703_1351_fu_270513_p2  |     +    |      0|  0|   35|          35|          16|
    |add_ln703_1352_fu_270518_p2  |     +    |      0|  0|   16|          35|          35|
    |add_ln703_1353_fu_270524_p2  |     +    |      0|  0|   16|          35|          35|
    |add_ln703_1354_fu_270529_p2  |     +    |      0|  0|   16|          35|          35|
    |add_ln703_1356_fu_269257_p2  |     +    |      0|  0|   35|          35|          35|
    |add_ln703_1357_fu_270541_p2  |     +    |      0|  0|   16|          35|          35|
    |add_ln703_1358_fu_270546_p2  |     +    |      0|  0|   16|          35|          35|
    |add_ln703_1359_fu_269263_p2  |     +    |      0|  0|   34|          34|          34|
    |add_ln703_1360_fu_269269_p2  |     +    |      0|  0|   35|          35|          35|
    |add_ln703_1361_fu_270554_p2  |     +    |      0|  0|   16|          35|          35|
    |add_ln703_1362_fu_270559_p2  |     +    |      0|  0|   16|          35|          35|
    |add_ln703_1363_fu_269275_p2  |     +    |      0|  0|   35|          35|          35|
    |add_ln703_1364_fu_270565_p2  |     +    |      0|  0|   16|          35|          35|
    |add_ln703_1365_fu_270571_p2  |     +    |      0|  0|   16|          35|          35|
    |add_ln703_1366_fu_269281_p2  |     +    |      0|  0|   34|          34|          34|
    |add_ln703_1367_fu_270579_p2  |     +    |      0|  0|   35|          35|          18|
    |add_ln703_1368_fu_270584_p2  |     +    |      0|  0|   16|          35|          35|
    |add_ln703_1369_fu_270590_p2  |     +    |      0|  0|   16|          35|          35|
    |add_ln703_1370_fu_270596_p2  |     +    |      0|  0|   16|          35|          35|
    |add_ln703_fu_268735_p2       |     +    |      0|  0|   35|          35|          35|
    +-----------------------------+----------+-------+---+-----+------------+------------+
    |Total                        |          |    512|  0|11963|       17841|       13279|
    +-----------------------------+----------+-------+---+-----+------------+------------+

    * Multiplexer: 
    +--------------+----+-----------+-----+-----------+
    |     Name     | LUT| Input Size| Bits| Total Bits|
    +--------------+----+-----------+-----+-----------+
    |ap_return_0   |   9|          2|   35|         70|
    |ap_return_1   |   9|          2|   35|         70|
    |ap_return_10  |   9|          2|   35|         70|
    |ap_return_11  |   9|          2|   35|         70|
    |ap_return_12  |   9|          2|   35|         70|
    |ap_return_13  |   9|          2|   35|         70|
    |ap_return_14  |   9|          2|   35|         70|
    |ap_return_15  |   9|          2|   35|         70|
    |ap_return_2   |   9|          2|   35|         70|
    |ap_return_3   |   9|          2|   35|         70|
    |ap_return_4   |   9|          2|   35|         70|
    |ap_return_5   |   9|          2|   35|         70|
    |ap_return_6   |   9|          2|   35|         70|
    |ap_return_7   |   9|          2|   35|         70|
    |ap_return_8   |   9|          2|   35|         70|
    |ap_return_9   |   9|          2|   35|         70|
    +--------------+----+-----------+-----+-----------+
    |Total         | 144|         32|  560|       1120|
    +--------------+----+-----------+-----+-----------+

    * Register: 
    +----------------------------+----+----+-----+-----------+
    |            Name            | FF | LUT| Bits| Const Bits|
    +----------------------------+----+----+-----+-----------+
    |add_ln703_1119_reg_271099   |  34|   0|   34|          0|
    |add_ln703_1120_reg_271104   |  35|   0|   35|          0|
    |add_ln703_1124_reg_271109   |  34|   0|   34|          0|
    |add_ln703_1126_reg_271114   |  35|   0|   35|          0|
    |add_ln703_1132_reg_271119   |  35|   0|   35|          0|
    |add_ln703_1135_reg_271124   |  35|   0|   35|          0|
    |add_ln703_1136_reg_271129   |  35|   0|   35|          0|
    |add_ln703_1139_reg_271134   |  34|   0|   34|          0|
    |add_ln703_1140_reg_271139   |  34|   0|   34|          0|
    |add_ln703_1142_reg_271144   |  34|   0|   34|          0|
    |add_ln703_1148_reg_271149   |  35|   0|   35|          0|
    |add_ln703_1151_reg_271154   |  35|   0|   35|          0|
    |add_ln703_1152_reg_271159   |  34|   0|   34|          0|
    |add_ln703_1156_reg_271164   |  34|   0|   34|          0|
    |add_ln703_1158_reg_271169   |  33|   0|   33|          0|
    |add_ln703_1165_reg_271174   |  34|   0|   34|          0|
    |add_ln703_1167_reg_271179   |  34|   0|   34|          0|
    |add_ln703_1168_reg_271184   |  35|   0|   35|          0|
    |add_ln703_1171_reg_271189   |  34|   0|   34|          0|
    |add_ln703_1172_reg_271194   |  34|   0|   34|          0|
    |add_ln703_1174_reg_271199   |  33|   0|   33|          0|
    |add_ln703_1176_reg_271204   |  34|   0|   34|          0|
    |add_ln703_1180_reg_271209   |  34|   0|   34|          0|
    |add_ln703_1181_reg_271214   |  33|   0|   33|          0|
    |add_ln703_1183_reg_271219   |  35|   0|   35|          0|
    |add_ln703_1184_reg_271224   |  35|   0|   35|          0|
    |add_ln703_1188_reg_271229   |  32|   0|   32|          0|
    |add_ln703_1190_reg_271234   |  35|   0|   35|          0|
    |add_ln703_1196_reg_271239   |  34|   0|   34|          0|
    |add_ln703_1197_reg_271244   |  34|   0|   34|          0|
    |add_ln703_1199_reg_271249   |  33|   0|   33|          0|
    |add_ln703_1200_reg_271254   |  33|   0|   33|          0|
    |add_ln703_1204_reg_271259   |  33|   0|   33|          0|
    |add_ln703_1208_reg_271264   |  34|   0|   34|          0|
    |add_ln703_1212_reg_271269   |  35|   0|   35|          0|
    |add_ln703_1215_reg_271274   |  35|   0|   35|          0|
    |add_ln703_1216_reg_271279   |  35|   0|   35|          0|
    |add_ln703_1219_reg_271284   |  34|   0|   34|          0|
    |add_ln703_1220_reg_271289   |  34|   0|   34|          0|
    |add_ln703_1222_reg_271294   |  35|   0|   35|          0|
    |add_ln703_1229_reg_271299   |  34|   0|   34|          0|
    |add_ln703_1231_reg_271304   |  35|   0|   35|          0|
    |add_ln703_1232_reg_271309   |  34|   0|   34|          0|
    |add_ln703_1235_reg_271314   |  33|   0|   33|          0|
    |add_ln703_1236_reg_271319   |  32|   0|   32|          0|
    |add_ln703_1240_reg_271324   |  34|   0|   34|          0|
    |add_ln703_1244_reg_271329   |  34|   0|   34|          0|
    |add_ln703_1245_reg_271334   |  34|   0|   34|          0|
    |add_ln703_1247_reg_271339   |  34|   0|   34|          0|
    |add_ln703_1248_reg_271344   |  34|   0|   34|          0|
    |add_ln703_1252_reg_271349   |  34|   0|   34|          0|
    |add_ln703_1254_reg_271354   |  35|   0|   35|          0|
    |add_ln703_1260_reg_271359   |  33|   0|   33|          0|
    |add_ln703_1263_reg_271364   |  35|   0|   35|          0|
    |add_ln703_1264_reg_271369   |  34|   0|   34|          0|
    |add_ln703_1268_reg_271374   |  34|   0|   34|          0|
    |add_ln703_1270_reg_271379   |  35|   0|   35|          0|
    |add_ln703_1276_reg_271384   |  35|   0|   35|          0|
    |add_ln703_1279_reg_271389   |  34|   0|   34|          0|
    |add_ln703_1280_reg_271394   |  34|   0|   34|          0|
    |add_ln703_1283_reg_271399   |  34|   0|   34|          0|
    |add_ln703_1286_reg_271404   |  33|   0|   33|          0|
    |add_ln703_1292_reg_271409   |  35|   0|   35|          0|
    |add_ln703_1295_reg_271414   |  35|   0|   35|          0|
    |add_ln703_1296_reg_271419   |  35|   0|   35|          0|
    |add_ln703_1299_reg_271424   |  32|   0|   32|          0|
    |add_ln703_1300_reg_271429   |  34|   0|   34|          0|
    |add_ln703_1302_reg_271434   |  35|   0|   35|          0|
    |add_ln703_1308_reg_271439   |  35|   0|   35|          0|
    |add_ln703_1311_reg_271444   |  35|   0|   35|          0|
    |add_ln703_1312_reg_271449   |  31|   0|   31|          0|
    |add_ln703_1315_reg_271454   |  35|   0|   35|          0|
    |add_ln703_1318_reg_271459   |  34|   0|   34|          0|
    |add_ln703_1324_reg_271464   |  34|   0|   34|          0|
    |add_ln703_1327_reg_271469   |  34|   0|   34|          0|
    |add_ln703_1328_reg_271474   |  34|   0|   34|          0|
    |add_ln703_1332_reg_271479   |  34|   0|   34|          0|
    |add_ln703_1334_reg_271484   |  35|   0|   35|          0|
    |add_ln703_1341_reg_271489   |  34|   0|   34|          0|
    |add_ln703_1343_reg_271494   |  35|   0|   35|          0|
    |add_ln703_1344_reg_271499   |  35|   0|   35|          0|
    |add_ln703_1348_reg_271504   |  33|   0|   33|          0|
    |add_ln703_1350_reg_271509   |  35|   0|   35|          0|
    |add_ln703_1356_reg_271514   |  35|   0|   35|          0|
    |add_ln703_1359_reg_271519   |  34|   0|   34|          0|
    |add_ln703_1360_reg_271524   |  35|   0|   35|          0|
    |add_ln703_1363_reg_271529   |  35|   0|   35|          0|
    |add_ln703_1366_reg_271534   |  34|   0|   34|          0|
    |add_ln703_reg_271094        |  35|   0|   35|          0|
    |ap_ce_reg                   |   1|   0|    1|          0|
    |ap_return_0_int_reg         |  35|   0|   35|          0|
    |ap_return_10_int_reg        |  35|   0|   35|          0|
    |ap_return_11_int_reg        |  35|   0|   35|          0|
    |ap_return_12_int_reg        |  35|   0|   35|          0|
    |ap_return_13_int_reg        |  35|   0|   35|          0|
    |ap_return_14_int_reg        |  35|   0|   35|          0|
    |ap_return_15_int_reg        |  35|   0|   35|          0|
    |ap_return_1_int_reg         |  35|   0|   35|          0|
    |ap_return_2_int_reg         |  35|   0|   35|          0|
    |ap_return_3_int_reg         |  35|   0|   35|          0|
    |ap_return_4_int_reg         |  35|   0|   35|          0|
    |ap_return_5_int_reg         |  35|   0|   35|          0|
    |ap_return_6_int_reg         |  35|   0|   35|          0|
    |ap_return_7_int_reg         |  35|   0|   35|          0|
    |ap_return_8_int_reg         |  35|   0|   35|          0|
    |ap_return_9_int_reg         |  35|   0|   35|          0|
    |mult_14_V_reg_270714        |  35|   0|   35|          0|
    |mult_172_V_reg_270919       |  35|   0|   35|          0|
    |mult_197_V_reg_270944       |  35|   0|   35|          0|
    |mult_63_V_reg_270829        |  35|   0|   35|          0|
    |tmp_1018_reg_271044         |  33|   0|   33|          0|
    |trunc_ln708_136_reg_270989  |  35|   0|   35|          0|
    |trunc_ln708_150_reg_271049  |  35|   0|   35|          0|
    |trunc_ln708_157_reg_271079  |  35|   0|   35|          0|
    |trunc_ln708_158_reg_271084  |  35|   0|   35|          0|
    |trunc_ln708_159_reg_271089  |  35|   0|   35|          0|
    |trunc_ln708_622_reg_270709  |  34|   0|   34|          0|
    |trunc_ln708_628_reg_270719  |  34|   0|   34|          0|
    |trunc_ln708_630_reg_270724  |  31|   0|   31|          0|
    |trunc_ln708_633_reg_270729  |  34|   0|   34|          0|
    |trunc_ln708_635_reg_270734  |  33|   0|   33|          0|
    |trunc_ln708_636_reg_270739  |  34|   0|   34|          0|
    |trunc_ln708_637_reg_270744  |  34|   0|   34|          0|
    |trunc_ln708_638_reg_270749  |  34|   0|   34|          0|
    |trunc_ln708_639_reg_270754  |  34|   0|   34|          0|
    |trunc_ln708_640_reg_270759  |  31|   0|   31|          0|
    |trunc_ln708_641_reg_270764  |  33|   0|   33|          0|
    |trunc_ln708_642_reg_270769  |  34|   0|   34|          0|
    |trunc_ln708_643_reg_270774  |  33|   0|   33|          0|
    |trunc_ln708_644_reg_270779  |  32|   0|   32|          0|
    |trunc_ln708_645_reg_270784  |  34|   0|   34|          0|
    |trunc_ln708_646_reg_270789  |  33|   0|   33|          0|
    |trunc_ln708_647_reg_270794  |  34|   0|   34|          0|
    |trunc_ln708_648_reg_270799  |  33|   0|   33|          0|
    |trunc_ln708_649_reg_270804  |  34|   0|   34|          0|
    |trunc_ln708_650_reg_270809  |  34|   0|   34|          0|
    |trunc_ln708_651_reg_270814  |  34|   0|   34|          0|
    |trunc_ln708_652_reg_270819  |  34|   0|   34|          0|
    |trunc_ln708_653_reg_270824  |  34|   0|   34|          0|
    |trunc_ln708_683_reg_270834  |  34|   0|   34|          0|
    |trunc_ln708_684_reg_270839  |  34|   0|   34|          0|
    |trunc_ln708_685_reg_270844  |  34|   0|   34|          0|
    |trunc_ln708_686_reg_270849  |  34|   0|   34|          0|
    |trunc_ln708_687_reg_270854  |  31|   0|   31|          0|
    |trunc_ln708_688_reg_270859  |  32|   0|   32|          0|
    |trunc_ln708_690_reg_270864  |  31|   0|   31|          0|
    |trunc_ln708_691_reg_270869  |  30|   0|   30|          0|
    |trunc_ln708_693_reg_270874  |  31|   0|   31|          0|
    |trunc_ln708_694_reg_270879  |  31|   0|   31|          0|
    |trunc_ln708_695_reg_270884  |  31|   0|   31|          0|
    |trunc_ln708_696_reg_270889  |  31|   0|   31|          0|
    |trunc_ln708_697_reg_270894  |  34|   0|   34|          0|
    |trunc_ln708_698_reg_270899  |  34|   0|   34|          0|
    |trunc_ln708_700_reg_270904  |  34|   0|   34|          0|
    |trunc_ln708_701_reg_270909  |  34|   0|   34|          0|
    |trunc_ln708_703_reg_270914  |  33|   0|   33|          0|
    |trunc_ln708_704_reg_270924  |  34|   0|   34|          0|
    |trunc_ln708_705_reg_270929  |  34|   0|   34|          0|
    |trunc_ln708_706_reg_270934  |  33|   0|   33|          0|
    |trunc_ln708_707_reg_270939  |  30|   0|   30|          0|
    |trunc_ln708_710_reg_270949  |  34|   0|   34|          0|
    |trunc_ln708_717_reg_270954  |  33|   0|   33|          0|
    |trunc_ln708_719_reg_270959  |  29|   0|   29|          0|
    |trunc_ln708_724_reg_270964  |  31|   0|   31|          0|
    |trunc_ln708_725_reg_270969  |  31|   0|   31|          0|
    |trunc_ln708_726_reg_270974  |  33|   0|   33|          0|
    |trunc_ln708_727_reg_270979  |  34|   0|   34|          0|
    |trunc_ln708_728_reg_270984  |  33|   0|   33|          0|
    |trunc_ln708_729_reg_270994  |  33|   0|   33|          0|
    |trunc_ln708_730_reg_270999  |  34|   0|   34|          0|
    |trunc_ln708_731_reg_271004  |  33|   0|   33|          0|
    |trunc_ln708_732_reg_271009  |  33|   0|   33|          0|
    |trunc_ln708_733_reg_271014  |  34|   0|   34|          0|
    |trunc_ln708_734_reg_271019  |  32|   0|   32|          0|
    |trunc_ln708_735_reg_271024  |  31|   0|   31|          0|
    |trunc_ln708_736_reg_271029  |  34|   0|   34|          0|
    |trunc_ln708_737_reg_271034  |  34|   0|   34|          0|
    |trunc_ln708_738_reg_271039  |  34|   0|   34|          0|
    |trunc_ln708_739_reg_271054  |  34|   0|   34|          0|
    |trunc_ln708_740_reg_271059  |  34|   0|   34|          0|
    |trunc_ln708_741_reg_271064  |  34|   0|   34|          0|
    |trunc_ln708_742_reg_271069  |  34|   0|   34|          0|
    |trunc_ln708_743_reg_271074  |  34|   0|   34|          0|
    |trunc_ln708_s_reg_270704    |  31|   0|   31|          0|
    +----------------------------+----+----+-----+-----------+
    |Total                       |6195|   0| 6195|          0|
    +----------------------------+----+----+-----+-----------+



================================================================
== Interface
================================================================
* Summary: 
+--------------+-----+-----+------------+-------------------------------------------------+--------------+
|   RTL Ports  | Dir | Bits|  Protocol  |                  Source Object                  |    C Type    |
+--------------+-----+-----+------------+-------------------------------------------------+--------------+
|ap_clk        |  in |    1| ap_ctrl_hs | dense_latency.0.1.0.1.0.1.0.1.0.1.0.1.0.1.0.1.0 | return value |
|ap_rst        |  in |    1| ap_ctrl_hs | dense_latency.0.1.0.1.0.1.0.1.0.1.0.1.0.1.0.1.0 | return value |
|ap_return_0   | out |   35| ap_ctrl_hs | dense_latency.0.1.0.1.0.1.0.1.0.1.0.1.0.1.0.1.0 | return value |
|ap_return_1   | out |   35| ap_ctrl_hs | dense_latency.0.1.0.1.0.1.0.1.0.1.0.1.0.1.0.1.0 | return value |
|ap_return_2   | out |   35| ap_ctrl_hs | dense_latency.0.1.0.1.0.1.0.1.0.1.0.1.0.1.0.1.0 | return value |
|ap_return_3   | out |   35| ap_ctrl_hs | dense_latency.0.1.0.1.0.1.0.1.0.1.0.1.0.1.0.1.0 | return value |
|ap_return_4   | out |   35| ap_ctrl_hs | dense_latency.0.1.0.1.0.1.0.1.0.1.0.1.0.1.0.1.0 | return value |
|ap_return_5   | out |   35| ap_ctrl_hs | dense_latency.0.1.0.1.0.1.0.1.0.1.0.1.0.1.0.1.0 | return value |
|ap_return_6   | out |   35| ap_ctrl_hs | dense_latency.0.1.0.1.0.1.0.1.0.1.0.1.0.1.0.1.0 | return value |
|ap_return_7   | out |   35| ap_ctrl_hs | dense_latency.0.1.0.1.0.1.0.1.0.1.0.1.0.1.0.1.0 | return value |
|ap_return_8   | out |   35| ap_ctrl_hs | dense_latency.0.1.0.1.0.1.0.1.0.1.0.1.0.1.0.1.0 | return value |
|ap_return_9   | out |   35| ap_ctrl_hs | dense_latency.0.1.0.1.0.1.0.1.0.1.0.1.0.1.0.1.0 | return value |
|ap_return_10  | out |   35| ap_ctrl_hs | dense_latency.0.1.0.1.0.1.0.1.0.1.0.1.0.1.0.1.0 | return value |
|ap_return_11  | out |   35| ap_ctrl_hs | dense_latency.0.1.0.1.0.1.0.1.0.1.0.1.0.1.0.1.0 | return value |
|ap_return_12  | out |   35| ap_ctrl_hs | dense_latency.0.1.0.1.0.1.0.1.0.1.0.1.0.1.0.1.0 | return value |
|ap_return_13  | out |   35| ap_ctrl_hs | dense_latency.0.1.0.1.0.1.0.1.0.1.0.1.0.1.0.1.0 | return value |
|ap_return_14  | out |   35| ap_ctrl_hs | dense_latency.0.1.0.1.0.1.0.1.0.1.0.1.0.1.0.1.0 | return value |
|ap_return_15  | out |   35| ap_ctrl_hs | dense_latency.0.1.0.1.0.1.0.1.0.1.0.1.0.1.0.1.0 | return value |
|ap_ce         |  in |    1| ap_ctrl_hs | dense_latency.0.1.0.1.0.1.0.1.0.1.0.1.0.1.0.1.0 | return value |
|p_read        |  in |   35|   ap_none  |                      p_read                     |    scalar    |
|p_read1       |  in |   35|   ap_none  |                     p_read1                     |    scalar    |
|p_read2       |  in |   35|   ap_none  |                     p_read2                     |    scalar    |
|p_read3       |  in |   35|   ap_none  |                     p_read3                     |    scalar    |
|p_read4       |  in |   35|   ap_none  |                     p_read4                     |    scalar    |
|p_read5       |  in |   35|   ap_none  |                     p_read5                     |    scalar    |
|p_read6       |  in |   35|   ap_none  |                     p_read6                     |    scalar    |
|p_read7       |  in |   35|   ap_none  |                     p_read7                     |    scalar    |
|p_read8       |  in |   35|   ap_none  |                     p_read8                     |    scalar    |
|p_read9       |  in |   35|   ap_none  |                     p_read9                     |    scalar    |
|p_read10      |  in |   35|   ap_none  |                     p_read10                    |    scalar    |
|p_read11      |  in |   35|   ap_none  |                     p_read11                    |    scalar    |
|p_read12      |  in |   35|   ap_none  |                     p_read12                    |    scalar    |
|p_read13      |  in |   35|   ap_none  |                     p_read13                    |    scalar    |
|p_read14      |  in |   35|   ap_none  |                     p_read14                    |    scalar    |
|p_read15      |  in |   35|   ap_none  |                     p_read15                    |    scalar    |
+--------------+-----+-----+------------+-------------------------------------------------+--------------+

