

================================================================
== Vivado HLS Report for 'dense_latency_0_0_0_0_0_0_0_0_0_0_0_0_0_0_0_0_0_2'
================================================================
* Date:           Tue Apr 26 08:33:25 2022

* Version:        2019.2 (Build 2704478 on Wed Nov 06 22:10:23 MST 2019)
* Project:        myproject_prj
* Solution:       solution1
* Product family: virtexuplus
* Target device:  xcu250-figd2104-2L-e


================================================================
== Performance Estimates
================================================================
+ Timing: 
    * Summary: 
    +--------+---------+----------+------------+
    |  Clock |  Target | Estimated| Uncertainty|
    +--------+---------+----------+------------+
    |ap_clk  | 5.00 ns | 3.837 ns |   0.62 ns  |
    +--------+---------+----------+------------+

+ Latency: 
    * Summary: 
    +---------+---------+----------+----------+-----+-----+----------+
    |  Latency (cycles) |  Latency (absolute) |  Interval | Pipeline |
    |   min   |   max   |    min   |    max   | min | max |   Type   |
    +---------+---------+----------+----------+-----+-----+----------+
    |        1|        1| 5.000 ns | 5.000 ns |    1|    1| function |
    +---------+---------+----------+----------+-----+-----+----------+

    + Detail: 
        * Instance: 
        N/A

        * Loop: 
        N/A



================================================================
== Utilization Estimates
================================================================
* Summary: 
+---------------------+---------+-------+---------+---------+------+
|         Name        | BRAM_18K| DSP48E|    FF   |   LUT   | URAM |
+---------------------+---------+-------+---------+---------+------+
|DSP                  |        -|      -|        -|        -|     -|
|Expression           |        -|    512|        0|    11982|     -|
|FIFO                 |        -|      -|        -|        -|     -|
|Instance             |        -|      -|        -|        -|     -|
|Memory               |        -|      -|        -|        -|     -|
|Multiplexer          |        -|      -|        -|        -|     -|
|Register             |        -|      -|     5686|        -|     -|
+---------------------+---------+-------+---------+---------+------+
|Total                |        0|    512|     5686|    11982|     0|
+---------------------+---------+-------+---------+---------+------+
|Available SLR        |     1344|   3072|   864000|   432000|   320|
+---------------------+---------+-------+---------+---------+------+
|Utilization SLR (%)  |        0|     16|    ~0   |        2|     0|
+---------------------+---------+-------+---------+---------+------+
|Available            |     5376|  12288|  3456000|  1728000|  1280|
+---------------------+---------+-------+---------+---------+------+
|Utilization (%)      |        0|      4|    ~0   |    ~0   |     0|
+---------------------+---------+-------+---------+---------+------+

+ Detail: 
    * Instance: 
    N/A

    * DSP48E: 
    N/A

    * Memory: 
    N/A

    * FIFO: 
    N/A

    * Expression: 
    +----------------------------+----------+-------+---+-----+------------+------------+
    |        Variable Name       | Operation| DSP48E| FF| LUT | Bitwidth P0| Bitwidth P1|
    +----------------------------+----------+-------+---+-----+------------+------------+
    |mul_ln1118_133_fu_884_p2    |     *    |      2|  0|   23|          20|          35|
    |mul_ln1118_134_fu_865_p2    |     *    |      2|  0|   23|          18|          35|
    |mul_ln1118_135_fu_697_p2    |     *    |      2|  0|   23|          19|          35|
    |mul_ln1118_136_fu_772_p2    |     *    |      2|  0|   23|          18|          35|
    |mul_ln1118_137_fu_861_p2    |     *    |      2|  0|   23|          17|          35|
    |mul_ln1118_138_fu_808_p2    |     *    |      2|  0|   23|          18|          35|
    |mul_ln1118_139_fu_810_p2    |     *    |      2|  0|   23|          18|          35|
    |mul_ln1118_140_fu_704_p2    |     *    |      2|  0|   23|          19|          35|
    |mul_ln1118_141_fu_848_p2    |     *    |      2|  0|   23|          19|          35|
    |mul_ln1118_142_fu_913_p2    |     *    |      2|  0|   23|          21|          35|
    |mul_ln1118_143_fu_707_p2    |     *    |      2|  0|   23|          17|          35|
    |mul_ln1118_144_fu_738_p2    |     *    |      2|  0|   23|          19|          35|
    |mul_ln1118_145_fu_881_p2    |     *    |      2|  0|   23|          20|          35|
    |mul_ln1118_146_fu_909_p2    |     *    |      2|  0|   23|          20|          35|
    |mul_ln1118_147_fu_856_p2    |     *    |      2|  0|   23|          17|          35|
    |mul_ln1118_148_fu_742_p2    |     *    |      2|  0|   23|          19|          35|
    |mul_ln1118_149_fu_743_p2    |     *    |      2|  0|   23|          16|          35|
    |mul_ln1118_150_fu_744_p2    |     *    |      2|  0|   23|          16|          35|
    |mul_ln1118_151_fu_759_p2    |     *    |      2|  0|   23|          18|          35|
    |mul_ln1118_152_fu_692_p2    |     *    |      2|  0|   23|          17|          35|
    |mul_ln1118_153_fu_733_p2    |     *    |      2|  0|   23|          12|          35|
    |mul_ln1118_154_fu_741_p2    |     *    |      2|  0|   23|          19|          35|
    |mul_ln1118_155_fu_899_p2    |     *    |      2|  0|   23|          17|          35|
    |mul_ln1118_156_fu_736_p2    |     *    |      2|  0|   23|          15|          35|
    |mul_ln1118_157_fu_694_p2    |     *    |      2|  0|   23|          16|          35|
    |mul_ln1118_158_fu_710_p2    |     *    |      2|  0|   23|          17|          35|
    |mul_ln1118_159_fu_725_p2    |     *    |      2|  0|   23|          17|          35|
    |mul_ln1118_160_fu_712_p2    |     *    |      2|  0|   23|          19|          35|
    |mul_ln1118_161_fu_713_p2    |     *    |      2|  0|   23|          19|          35|
    |mul_ln1118_162_fu_755_p2    |     *    |      2|  0|   23|          20|          35|
    |mul_ln1118_163_fu_830_p2    |     *    |      2|  0|   23|          18|          35|
    |mul_ln1118_164_fu_838_p2    |     *    |      2|  0|   23|          21|          35|
    |mul_ln1118_165_fu_839_p2    |     *    |      2|  0|   23|          14|          35|
    |mul_ln1118_166_fu_933_p2    |     *    |      2|  0|   23|          20|          35|
    |mul_ln1118_167_fu_870_p2    |     *    |      2|  0|   23|          17|          35|
    |mul_ln1118_168_fu_821_p2    |     *    |      2|  0|   23|          14|          35|
    |mul_ln1118_169_fu_779_p2    |     *    |      2|  0|   23|          20|          35|
    |mul_ln1118_170_fu_730_p2    |     *    |      2|  0|   23|          17|          35|
    |mul_ln1118_171_fu_724_p2    |     *    |      2|  0|   23|          20|          35|
    |mul_ln1118_172_fu_797_p2    |     *    |      2|  0|   23|          17|          35|
    |mul_ln1118_173_fu_683_p2    |     *    |      2|  0|   23|          21|          35|
    |mul_ln1118_174_fu_684_p2    |     *    |      2|  0|   23|          19|          35|
    |mul_ln1118_175_fu_922_p2    |     *    |      2|  0|   23|          18|          35|
    |mul_ln1118_176_fu_896_p2    |     *    |      2|  0|   23|          19|          35|
    |mul_ln1118_177_fu_728_p2    |     *    |      2|  0|   23|          17|          35|
    |mul_ln1118_178_fu_688_p2    |     *    |      2|  0|   23|          16|          35|
    |mul_ln1118_179_fu_750_p2    |     *    |      2|  0|   23|          19|          35|
    |mul_ln1118_180_fu_690_p2    |     *    |      2|  0|   23|          18|          35|
    |mul_ln1118_181_fu_850_p2    |     *    |      2|  0|   23|          17|          35|
    |mul_ln1118_182_fu_815_p2    |     *    |      2|  0|   23|          19|          35|
    |mul_ln1118_183_fu_766_p2    |     *    |      2|  0|   23|          19|          35|
    |mul_ln1118_184_fu_867_p2    |     *    |      2|  0|   23|          19|          35|
    |mul_ln1118_185_fu_917_p2    |     *    |      2|  0|   23|          19|          35|
    |mul_ln1118_186_fu_911_p2    |     *    |      2|  0|   23|          21|          35|
    |mul_ln1118_187_fu_770_p2    |     *    |      2|  0|   23|          18|          35|
    |mul_ln1118_188_fu_771_p2    |     *    |      2|  0|   23|          21|          35|
    |mul_ln1118_189_fu_914_p2    |     *    |      2|  0|   23|          21|          35|
    |mul_ln1118_190_fu_760_p2    |     *    |      2|  0|   23|          19|          35|
    |mul_ln1118_191_fu_700_p2    |     *    |      2|  0|   23|          13|          35|
    |mul_ln1118_192_fu_816_p2    |     *    |      2|  0|   23|          16|          35|
    |mul_ln1118_193_fu_729_p2    |     *    |      2|  0|   23|          21|          35|
    |mul_ln1118_194_fu_800_p2    |     *    |      2|  0|   23|          20|          35|
    |mul_ln1118_195_fu_908_p2    |     *    |      2|  0|   23|          19|          35|
    |mul_ln1118_196_fu_702_p2    |     *    |      2|  0|   23|          20|          35|
    |mul_ln1118_197_fu_910_p2    |     *    |      2|  0|   23|          18|          35|
    |mul_ln1118_198_fu_854_p2    |     *    |      2|  0|   23|          20|          35|
    |mul_ln1118_199_fu_740_p2    |     *    |      2|  0|   23|          16|          35|
    |mul_ln1118_200_fu_883_p2    |     *    |      2|  0|   23|          19|          35|
    |mul_ln1118_201_fu_749_p2    |     *    |      2|  0|   23|          20|          35|
    |mul_ln1118_202_fu_885_p2    |     *    |      2|  0|   23|          14|          35|
    |mul_ln1118_203_fu_846_p2    |     *    |      2|  0|   23|          18|          35|
    |mul_ln1118_204_fu_851_p2    |     *    |      2|  0|   23|          18|          35|
    |mul_ln1118_205_fu_907_p2    |     *    |      2|  0|   23|          20|          35|
    |mul_ln1118_206_fu_930_p2    |     *    |      2|  0|   23|          19|          35|
    |mul_ln1118_207_fu_748_p2    |     *    |      2|  0|   23|          18|          35|
    |mul_ln1118_208_fu_787_p2    |     *    |      2|  0|   23|          17|          35|
    |mul_ln1118_209_fu_731_p2    |     *    |      2|  0|   23|          16|          35|
    |mul_ln1118_210_fu_789_p2    |     *    |      2|  0|   23|          18|          35|
    |mul_ln1118_211_fu_833_p2    |     *    |      2|  0|   23|          20|          35|
    |mul_ln1118_212_fu_791_p2    |     *    |      2|  0|   23|          18|          35|
    |mul_ln1118_213_fu_739_p2    |     *    |      2|  0|   23|          18|          35|
    |mul_ln1118_214_fu_855_p2    |     *    |      2|  0|   23|          17|          35|
    |mul_ln1118_215_fu_714_p2    |     *    |      2|  0|   23|          20|          35|
    |mul_ln1118_216_fu_722_p2    |     *    |      2|  0|   23|          17|          35|
    |mul_ln1118_217_fu_823_p2    |     *    |      2|  0|   23|          19|          35|
    |mul_ln1118_218_fu_876_p2    |     *    |      2|  0|   23|          19|          35|
    |mul_ln1118_219_fu_860_p2    |     *    |      2|  0|   23|          18|          35|
    |mul_ln1118_220_fu_706_p2    |     *    |      2|  0|   23|          16|          35|
    |mul_ln1118_221_fu_720_p2    |     *    |      2|  0|   23|          12|          35|
    |mul_ln1118_222_fu_767_p2    |     *    |      2|  0|   23|          18|          35|
    |mul_ln1118_223_fu_875_p2    |     *    |      2|  0|   23|          19|          35|
    |mul_ln1118_224_fu_726_p2    |     *    |      2|  0|   23|          17|          35|
    |mul_ln1118_225_fu_820_p2    |     *    |      2|  0|   23|          15|          35|
    |mul_ln1118_226_fu_871_p2    |     *    |      2|  0|   23|          16|          35|
    |mul_ln1118_227_fu_711_p2    |     *    |      2|  0|   23|          19|          35|
    |mul_ln1118_228_fu_685_p2    |     *    |      2|  0|   23|          18|          35|
    |mul_ln1118_229_fu_835_p2    |     *    |      2|  0|   23|          18|          35|
    |mul_ln1118_230_fu_809_p2    |     *    |      2|  0|   23|          18|          35|
    |mul_ln1118_231_fu_783_p2    |     *    |      2|  0|   23|          16|          35|
    |mul_ln1118_232_fu_831_p2    |     *    |      2|  0|   23|          18|          35|
    |mul_ln1118_233_fu_762_p2    |     *    |      2|  0|   23|          18|          35|
    |mul_ln1118_234_fu_806_p2    |     *    |      2|  0|   23|          18|          35|
    |mul_ln1118_235_fu_780_p2    |     *    |      2|  0|   23|          19|          35|
    |mul_ln1118_236_fu_904_p2    |     *    |      2|  0|   23|          16|          35|
    |mul_ln1118_237_fu_905_p2    |     *    |      2|  0|   23|           8|          35|
    |mul_ln1118_238_fu_906_p2    |     *    |      2|  0|   23|          16|          35|
    |mul_ln1118_239_fu_864_p2    |     *    |      2|  0|   23|          19|          35|
    |mul_ln1118_240_fu_758_p2    |     *    |      2|  0|   23|          18|          35|
    |mul_ln1118_241_fu_798_p2    |     *    |      2|  0|   23|          18|          35|
    |mul_ln1118_242_fu_799_p2    |     *    |      2|  0|   23|          19|          35|
    |mul_ln1118_243_fu_819_p2    |     *    |      2|  0|   23|          18|          35|
    |mul_ln1118_244_fu_761_p2    |     *    |      2|  0|   23|          18|          35|
    |mul_ln1118_245_fu_687_p2    |     *    |      2|  0|   23|          17|          35|
    |mul_ln1118_246_fu_932_p2    |     *    |      2|  0|   23|          19|          35|
    |mul_ln1118_247_fu_804_p2    |     *    |      2|  0|   23|          18|          35|
    |mul_ln1118_248_fu_778_p2    |     *    |      2|  0|   23|          19|          35|
    |mul_ln1118_249_fu_897_p2    |     *    |      2|  0|   23|          16|          35|
    |mul_ln1118_250_fu_898_p2    |     *    |      2|  0|   23|          17|          35|
    |mul_ln1118_251_fu_849_p2    |     *    |      2|  0|   23|          15|          35|
    |mul_ln1118_252_fu_900_p2    |     *    |      2|  0|   23|          17|          35|
    |mul_ln1118_253_fu_737_p2    |     *    |      2|  0|   23|          17|          35|
    |mul_ln1118_254_fu_802_p2    |     *    |      2|  0|   23|          17|          35|
    |mul_ln1118_255_fu_912_p2    |     *    |      2|  0|   23|          17|          35|
    |mul_ln1118_256_fu_893_p2    |     *    |      2|  0|   23|          19|          35|
    |mul_ln1118_257_fu_786_p2    |     *    |      2|  0|   23|          18|          35|
    |mul_ln1118_258_fu_880_p2    |     *    |      2|  0|   23|          18|          35|
    |mul_ln1118_259_fu_727_p2    |     *    |      2|  0|   23|          17|          35|
    |mul_ln1118_260_fu_890_p2    |     *    |      2|  0|   23|          16|          35|
    |mul_ln1118_261_fu_776_p2    |     *    |      2|  0|   23|          18|          35|
    |mul_ln1118_262_fu_757_p2    |     *    |      2|  0|   23|          17|          35|
    |mul_ln1118_263_fu_934_p2    |     *    |      2|  0|   23|          18|          35|
    |mul_ln1118_264_fu_935_p2    |     *    |      2|  0|   23|          18|          35|
    |mul_ln1118_265_fu_822_p2    |     *    |      2|  0|   23|          19|          35|
    |mul_ln1118_266_fu_887_p2    |     *    |      2|  0|   23|          14|          35|
    |mul_ln1118_267_fu_931_p2    |     *    |      2|  0|   23|          18|          35|
    |mul_ln1118_268_fu_682_p2    |     *    |      2|  0|   23|          17|          35|
    |mul_ln1118_269_fu_857_p2    |     *    |      2|  0|   23|          17|          35|
    |mul_ln1118_270_fu_892_p2    |     *    |      2|  0|   23|          19|          35|
    |mul_ln1118_271_fu_785_p2    |     *    |      2|  0|   23|          18|          35|
    |mul_ln1118_272_fu_745_p2    |     *    |      2|  0|   23|          17|          35|
    |mul_ln1118_273_fu_888_p2    |     *    |      2|  0|   23|          17|          35|
    |mul_ln1118_274_fu_747_p2    |     *    |      2|  0|   23|          14|          35|
    |mul_ln1118_275_fu_782_p2    |     *    |      2|  0|   23|          18|          35|
    |mul_ln1118_276_fu_735_p2    |     *    |      2|  0|   23|          16|          35|
    |mul_ln1118_277_fu_764_p2    |     *    |      2|  0|   23|          17|          35|
    |mul_ln1118_278_fu_872_p2    |     *    |      2|  0|   23|          18|          35|
    |mul_ln1118_279_fu_873_p2    |     *    |      2|  0|   23|          19|          35|
    |mul_ln1118_280_fu_796_p2    |     *    |      2|  0|   23|          17|          35|
    |mul_ln1118_281_fu_818_p2    |     *    |      2|  0|   23|          17|          35|
    |mul_ln1118_282_fu_828_p2    |     *    |      2|  0|   23|          18|          35|
    |mul_ln1118_283_fu_829_p2    |     *    |      2|  0|   23|          18|          35|
    |mul_ln1118_284_fu_715_p2    |     *    |      2|  0|   23|          19|          35|
    |mul_ln1118_285_fu_926_p2    |     *    |      2|  0|   23|          17|          35|
    |mul_ln1118_286_fu_717_p2    |     *    |      2|  0|   23|          17|          35|
    |mul_ln1118_287_fu_691_p2    |     *    |      2|  0|   23|          17|          35|
    |mul_ln1118_288_fu_853_p2    |     *    |      2|  0|   23|          18|          35|
    |mul_ln1118_289_fu_923_p2    |     *    |      2|  0|   23|          14|          35|
    |mul_ln1118_290_fu_721_p2    |     *    |      2|  0|   23|          18|          35|
    |mul_ln1118_291_fu_801_p2    |     *    |      2|  0|   23|          18|          35|
    |mul_ln1118_292_fu_852_p2    |     *    |      2|  0|   23|          19|          35|
    |mul_ln1118_293_fu_753_p2    |     *    |      2|  0|   23|          16|          35|
    |mul_ln1118_294_fu_847_p2    |     *    |      2|  0|   23|          18|          35|
    |mul_ln1118_295_fu_705_p2    |     *    |      2|  0|   23|          18|          35|
    |mul_ln1118_296_fu_915_p2    |     *    |      2|  0|   23|          14|          35|
    |mul_ln1118_297_fu_686_p2    |     *    |      2|  0|   23|          17|          35|
    |mul_ln1118_298_fu_734_p2    |     *    |      2|  0|   23|          19|          35|
    |mul_ln1118_299_fu_803_p2    |     *    |      2|  0|   23|          19|          35|
    |mul_ln1118_300_fu_689_p2    |     *    |      2|  0|   23|          13|          35|
    |mul_ln1118_301_fu_805_p2    |     *    |      2|  0|   23|          17|          35|
    |mul_ln1118_302_fu_824_p2    |     *    |      2|  0|   23|          18|          35|
    |mul_ln1118_303_fu_699_p2    |     *    |      2|  0|   23|          17|          35|
    |mul_ln1118_304_fu_781_p2    |     *    |      2|  0|   23|          13|          35|
    |mul_ln1118_305_fu_788_p2    |     *    |      2|  0|   23|          16|          35|
    |mul_ln1118_306_fu_732_p2    |     *    |      2|  0|   23|          18|          35|
    |mul_ln1118_307_fu_790_p2    |     *    |      2|  0|   23|          19|          35|
    |mul_ln1118_308_fu_825_p2    |     *    |      2|  0|   23|          20|          35|
    |mul_ln1118_309_fu_792_p2    |     *    |      2|  0|   23|          19|          35|
    |mul_ln1118_310_fu_698_p2    |     *    |      2|  0|   23|          16|          35|
    |mul_ln1118_311_fu_929_p2    |     *    |      2|  0|   23|          17|          35|
    |mul_ln1118_312_fu_916_p2    |     *    |      2|  0|   23|          18|          35|
    |mul_ln1118_313_fu_775_p2    |     *    |      2|  0|   23|          17|          35|
    |mul_ln1118_314_fu_918_p2    |     *    |      2|  0|   23|          18|          35|
    |mul_ln1118_315_fu_919_p2    |     *    |      2|  0|   23|          18|          35|
    |mul_ln1118_316_fu_920_p2    |     *    |      2|  0|   23|          18|          35|
    |mul_ln1118_317_fu_840_p2    |     *    |      2|  0|   23|          18|          35|
    |mul_ln1118_318_fu_841_p2    |     *    |      2|  0|   23|          19|          35|
    |mul_ln1118_319_fu_925_p2    |     *    |      2|  0|   23|          19|          35|
    |mul_ln1118_320_fu_826_p2    |     *    |      2|  0|   23|          19|          35|
    |mul_ln1118_321_fu_777_p2    |     *    |      2|  0|   23|          18|          35|
    |mul_ln1118_322_fu_928_p2    |     *    |      2|  0|   23|          17|          35|
    |mul_ln1118_323_fu_794_p2    |     *    |      2|  0|   23|          18|          35|
    |mul_ln1118_324_fu_886_p2    |     *    |      2|  0|   23|          17|          35|
    |mul_ln1118_325_fu_874_p2    |     *    |      2|  0|   23|          18|          35|
    |mul_ln1118_326_fu_746_p2    |     *    |      2|  0|   23|          17|          35|
    |mul_ln1118_327_fu_903_p2    |     *    |      2|  0|   23|          19|          35|
    |mul_ln1118_328_fu_795_p2    |     *    |      2|  0|   23|          15|          35|
    |mul_ln1118_329_fu_891_p2    |     *    |      2|  0|   23|          19|          35|
    |mul_ln1118_330_fu_763_p2    |     *    |      2|  0|   23|          19|          35|
    |mul_ln1118_331_fu_866_p2    |     *    |      2|  0|   23|          18|          35|
    |mul_ln1118_332_fu_752_p2    |     *    |      2|  0|   23|          15|          35|
    |mul_ln1118_333_fu_812_p2    |     *    |      2|  0|   23|          19|          35|
    |mul_ln1118_334_fu_813_p2    |     *    |      2|  0|   23|          20|          35|
    |mul_ln1118_335_fu_814_p2    |     *    |      2|  0|   23|          20|          35|
    |mul_ln1118_336_fu_708_p2    |     *    |      2|  0|   23|          16|          35|
    |mul_ln1118_337_fu_709_p2    |     *    |      2|  0|   23|          18|          35|
    |mul_ln1118_338_fu_858_p2    |     *    |      2|  0|   23|          19|          35|
    |mul_ln1118_339_fu_859_p2    |     *    |      2|  0|   23|          17|          35|
    |mul_ln1118_340_fu_718_p2    |     *    |      2|  0|   23|          18|          35|
    |mul_ln1118_341_fu_719_p2    |     *    |      2|  0|   23|          16|          35|
    |mul_ln1118_342_fu_862_p2    |     *    |      2|  0|   23|          15|          35|
    |mul_ln1118_343_fu_863_p2    |     *    |      2|  0|   23|          19|          35|
    |mul_ln1118_344_fu_844_p2    |     *    |      2|  0|   23|          19|          35|
    |mul_ln1118_345_fu_723_p2    |     *    |      2|  0|   23|          16|          35|
    |mul_ln1118_346_fu_827_p2    |     *    |      2|  0|   23|          19|          35|
    |mul_ln1118_347_fu_842_p2    |     *    |      2|  0|   23|          17|          35|
    |mul_ln1118_348_fu_793_p2    |     *    |      2|  0|   23|          18|          35|
    |mul_ln1118_349_fu_901_p2    |     *    |      2|  0|   23|          15|          35|
    |mul_ln1118_350_fu_902_p2    |     *    |      2|  0|   23|          16|          35|
    |mul_ln1118_351_fu_696_p2    |     *    |      2|  0|   23|          19|          35|
    |mul_ln1118_352_fu_756_p2    |     *    |      2|  0|   23|          18|          35|
    |mul_ln1118_353_fu_811_p2    |     *    |      2|  0|   23|          18|          35|
    |mul_ln1118_354_fu_832_p2    |     *    |      2|  0|   23|          18|          35|
    |mul_ln1118_355_fu_845_p2    |     *    |      2|  0|   23|          16|          35|
    |mul_ln1118_356_fu_834_p2    |     *    |      2|  0|   23|          20|          35|
    |mul_ln1118_357_fu_693_p2    |     *    |      2|  0|   23|          21|          35|
    |mul_ln1118_358_fu_836_p2    |     *    |      2|  0|   23|          21|          35|
    |mul_ln1118_359_fu_695_p2    |     *    |      2|  0|   23|          19|          35|
    |mul_ln1118_360_fu_878_p2    |     *    |      2|  0|   23|          20|          35|
    |mul_ln1118_361_fu_879_p2    |     *    |      2|  0|   23|          21|          35|
    |mul_ln1118_362_fu_837_p2    |     *    |      2|  0|   23|          18|          35|
    |mul_ln1118_363_fu_681_p2    |     *    |      2|  0|   23|          19|          35|
    |mul_ln1118_364_fu_882_p2    |     *    |      2|  0|   23|          18|          35|
    |mul_ln1118_365_fu_774_p2    |     *    |      2|  0|   23|          15|          35|
    |mul_ln1118_366_fu_680_p2    |     *    |      2|  0|   23|          19|          35|
    |mul_ln1118_367_fu_843_p2    |     *    |      2|  0|   23|          20|          35|
    |mul_ln1118_368_fu_784_p2    |     *    |      2|  0|   23|          20|          35|
    |mul_ln1118_369_fu_927_p2    |     *    |      2|  0|   23|          19|          35|
    |mul_ln1118_370_fu_921_p2    |     *    |      2|  0|   23|          20|          35|
    |mul_ln1118_371_fu_807_p2    |     *    |      2|  0|   23|          20|          35|
    |mul_ln1118_372_fu_754_p2    |     *    |      2|  0|   23|          20|          35|
    |mul_ln1118_373_fu_924_p2    |     *    |      2|  0|   23|          17|          35|
    |mul_ln1118_374_fu_765_p2    |     *    |      2|  0|   23|          19|          35|
    |mul_ln1118_375_fu_716_p2    |     *    |      2|  0|   23|          17|          35|
    |mul_ln1118_376_fu_703_p2    |     *    |      2|  0|   23|          17|          35|
    |mul_ln1118_377_fu_868_p2    |     *    |      2|  0|   23|          19|          35|
    |mul_ln1118_378_fu_769_p2    |     *    |      2|  0|   23|          19|          35|
    |mul_ln1118_379_fu_773_p2    |     *    |      2|  0|   23|          19|          35|
    |mul_ln1118_380_fu_889_p2    |     *    |      2|  0|   23|          20|          35|
    |mul_ln1118_381_fu_701_p2    |     *    |      2|  0|   23|          19|          35|
    |mul_ln1118_382_fu_817_p2    |     *    |      2|  0|   23|          19|          35|
    |mul_ln1118_383_fu_877_p2    |     *    |      2|  0|   23|          17|          35|
    |mul_ln1118_384_fu_751_p2    |     *    |      2|  0|   23|          19|          35|
    |mul_ln1118_385_fu_894_p2    |     *    |      2|  0|   23|          21|          35|
    |mul_ln1118_386_fu_895_p2    |     *    |      2|  0|   23|          17|          35|
    |mul_ln1118_387_fu_869_p2    |     *    |      2|  0|   23|          17|          35|
    |mul_ln1118_fu_768_p2        |     *    |      2|  0|   23|          18|          35|
    |acc_10_V_fu_270449_p2       |     +    |      0|  0|   16|          35|          35|
    |acc_11_V_fu_270530_p2       |     +    |      0|  0|   16|          35|          35|
    |acc_12_V_fu_270605_p2       |     +    |      0|  0|   16|          35|          35|
    |acc_13_V_fu_270677_p2       |     +    |      0|  0|   16|          35|          35|
    |acc_14_V_fu_270755_p2       |     +    |      0|  0|   16|          35|          35|
    |acc_15_V_fu_270835_p2       |     +    |      0|  0|   16|          35|          35|
    |acc_1_V_fu_269727_p2        |     +    |      0|  0|   16|          35|          35|
    |acc_2_V_fu_269818_p2        |     +    |      0|  0|   16|          35|          35|
    |acc_3_V_fu_269903_p2        |     +    |      0|  0|   16|          35|          35|
    |acc_4_V_fu_269990_p2        |     +    |      0|  0|   16|          35|          35|
    |acc_5_V_fu_270070_p2        |     +    |      0|  0|   16|          35|          35|
    |acc_6_V_fu_270154_p2        |     +    |      0|  0|   16|          35|          35|
    |acc_7_V_fu_270228_p2        |     +    |      0|  0|   16|          35|          35|
    |acc_8_V_fu_270303_p2        |     +    |      0|  0|   16|          35|          35|
    |acc_9_V_fu_270373_p2        |     +    |      0|  0|   16|          35|          35|
    |add_ln703_145_fu_268827_p2  |     +    |      0|  0|   35|          35|          35|
    |add_ln703_146_fu_269586_p2  |     +    |      0|  0|   16|          35|          35|
    |add_ln703_147_fu_269591_p2  |     +    |      0|  0|   16|          35|          35|
    |add_ln703_148_fu_268833_p2  |     +    |      0|  0|   34|          34|          34|
    |add_ln703_149_fu_269600_p2  |     +    |      0|  0|   16|          35|          35|
    |add_ln703_150_fu_269606_p2  |     +    |      0|  0|   16|          35|          35|
    |add_ln703_151_fu_268839_p2  |     +    |      0|  0|   32|          32|          32|
    |add_ln703_152_fu_268845_p2  |     +    |      0|  0|   35|          35|          35|
    |add_ln703_153_fu_269615_p2  |     +    |      0|  0|   16|          35|          35|
    |add_ln703_154_fu_268851_p2  |     +    |      0|  0|   33|          33|          33|
    |add_ln703_155_fu_269623_p2  |     +    |      0|  0|   35|          17|          35|
    |add_ln703_156_fu_269628_p2  |     +    |      0|  0|   16|          35|          35|
    |add_ln703_157_fu_269634_p2  |     +    |      0|  0|   16|          35|          35|
    |add_ln703_158_fu_269640_p2  |     +    |      0|  0|   16|          35|          35|
    |add_ln703_159_fu_269646_p2  |     +    |      0|  0|   16|          35|          35|
    |add_ln703_160_fu_269652_p2  |     +    |      0|  0|   16|          35|          35|
    |add_ln703_161_fu_268857_p2  |     +    |      0|  0|   32|          32|          32|
    |add_ln703_162_fu_269661_p2  |     +    |      0|  0|   16|          35|          35|
    |add_ln703_163_fu_268863_p2  |     +    |      0|  0|   34|          34|          34|
    |add_ln703_164_fu_268869_p2  |     +    |      0|  0|   33|          33|          33|
    |add_ln703_165_fu_269673_p2  |     +    |      0|  0|   35|          35|          35|
    |add_ln703_166_fu_269679_p2  |     +    |      0|  0|   16|          35|          35|
    |add_ln703_167_fu_268875_p2  |     +    |      0|  0|   33|          33|          33|
    |add_ln703_168_fu_268881_p2  |     +    |      0|  0|   34|          34|          34|
    |add_ln703_169_fu_269691_p2  |     +    |      0|  0|   16|          35|          35|
    |add_ln703_170_fu_268887_p2  |     +    |      0|  0|   34|          34|          34|
    |add_ln703_171_fu_269700_p2  |     +    |      0|  0|   33|          18|          33|
    |add_ln703_172_fu_269710_p2  |     +    |      0|  0|   16|          35|          35|
    |add_ln703_173_fu_269715_p2  |     +    |      0|  0|   16|          35|          35|
    |add_ln703_174_fu_269721_p2  |     +    |      0|  0|   16|          35|          35|
    |add_ln703_176_fu_268893_p2  |     +    |      0|  0|   34|          34|          34|
    |add_ln703_177_fu_269736_p2  |     +    |      0|  0|   16|          35|          35|
    |add_ln703_178_fu_269742_p2  |     +    |      0|  0|   16|          35|          35|
    |add_ln703_179_fu_269748_p2  |     +    |      0|  0|   16|          35|          35|
    |add_ln703_180_fu_268899_p2  |     +    |      0|  0|   34|          34|          34|
    |add_ln703_181_fu_269757_p2  |     +    |      0|  0|   16|          35|          35|
    |add_ln703_182_fu_269763_p2  |     +    |      0|  0|   16|          35|          35|
    |add_ln703_183_fu_269769_p2  |     +    |      0|  0|   16|          34|          34|
    |add_ln703_184_fu_268905_p2  |     +    |      0|  0|   33|          33|          33|
    |add_ln703_185_fu_269778_p2  |     +    |      0|  0|   16|          34|          34|
    |add_ln703_186_fu_268911_p2  |     +    |      0|  0|   32|          32|          32|
    |add_ln703_187_fu_269791_p2  |     +    |      0|  0|   34|          20|          34|
    |add_ln703_188_fu_269801_p2  |     +    |      0|  0|   35|          35|          35|
    |add_ln703_189_fu_269806_p2  |     +    |      0|  0|   16|          35|          35|
    |add_ln703_190_fu_269812_p2  |     +    |      0|  0|   16|          35|          35|
    |add_ln703_192_fu_268917_p2  |     +    |      0|  0|   34|          34|          34|
    |add_ln703_193_fu_269827_p2  |     +    |      0|  0|   16|          35|          35|
    |add_ln703_194_fu_269833_p2  |     +    |      0|  0|   16|          35|          35|
    |add_ln703_195_fu_269839_p2  |     +    |      0|  0|   16|          35|          35|
    |add_ln703_196_fu_268923_p2  |     +    |      0|  0|   34|          34|          34|
    |add_ln703_197_fu_269848_p2  |     +    |      0|  0|   16|          35|          35|
    |add_ln703_198_fu_269854_p2  |     +    |      0|  0|   16|          35|          35|
    |add_ln703_199_fu_268929_p2  |     +    |      0|  0|   34|          34|          34|
    |add_ln703_200_fu_268935_p2  |     +    |      0|  0|   33|          33|          33|
    |add_ln703_201_fu_269866_p2  |     +    |      0|  0|   16|          35|          35|
    |add_ln703_202_fu_268941_p2  |     +    |      0|  0|   34|          34|          34|
    |add_ln703_203_fu_269875_p2  |     +    |      0|  0|   33|          16|          33|
    |add_ln703_204_fu_269885_p2  |     +    |      0|  0|   16|          35|          35|
    |add_ln703_205_fu_269891_p2  |     +    |      0|  0|   16|          35|          35|
    |add_ln703_206_fu_269897_p2  |     +    |      0|  0|   16|          35|          35|
    |add_ln703_208_fu_268947_p2  |     +    |      0|  0|   33|          33|          33|
    |add_ln703_209_fu_269912_p2  |     +    |      0|  0|   16|          35|          35|
    |add_ln703_210_fu_269918_p2  |     +    |      0|  0|   16|          35|          35|
    |add_ln703_211_fu_269924_p2  |     +    |      0|  0|   16|          35|          35|
    |add_ln703_212_fu_268953_p2  |     +    |      0|  0|   34|          34|          34|
    |add_ln703_213_fu_269933_p2  |     +    |      0|  0|   16|          35|          35|
    |add_ln703_214_fu_269939_p2  |     +    |      0|  0|   16|          35|          35|
    |add_ln703_215_fu_268959_p2  |     +    |      0|  0|   34|          34|          34|
    |add_ln703_216_fu_268965_p2  |     +    |      0|  0|   33|          33|          33|
    |add_ln703_217_fu_269951_p2  |     +    |      0|  0|   16|          35|          35|
    |add_ln703_218_fu_269957_p2  |     +    |      0|  0|   16|          35|          35|
    |add_ln703_219_fu_269963_p2  |     +    |      0|  0|   33|          18|          33|
    |add_ln703_220_fu_269973_p2  |     +    |      0|  0|   35|          35|          35|
    |add_ln703_221_fu_269978_p2  |     +    |      0|  0|   16|          35|          35|
    |add_ln703_222_fu_269984_p2  |     +    |      0|  0|   16|          35|          35|
    |add_ln703_224_fu_268971_p2  |     +    |      0|  0|   33|          33|          33|
    |add_ln703_225_fu_269999_p2  |     +    |      0|  0|   16|          35|          35|
    |add_ln703_226_fu_270005_p2  |     +    |      0|  0|   16|          35|          35|
    |add_ln703_227_fu_270011_p2  |     +    |      0|  0|   16|          35|          35|
    |add_ln703_228_fu_268977_p2  |     +    |      0|  0|   34|          34|          34|
    |add_ln703_229_fu_270020_p2  |     +    |      0|  0|   16|          35|          35|
    |add_ln703_230_fu_270026_p2  |     +    |      0|  0|   16|          35|          35|
    |add_ln703_231_fu_268983_p2  |     +    |      0|  0|   34|          34|          34|
    |add_ln703_232_fu_268989_p2  |     +    |      0|  0|   33|          33|          33|
    |add_ln703_233_fu_270038_p2  |     +    |      0|  0|   16|          35|          35|
    |add_ln703_234_fu_268995_p2  |     +    |      0|  0|   34|          34|          34|
    |add_ln703_235_fu_270047_p2  |     +    |      0|  0|   35|          16|          35|
    |add_ln703_236_fu_270053_p2  |     +    |      0|  0|   16|          35|          35|
    |add_ln703_237_fu_270058_p2  |     +    |      0|  0|   16|          35|          35|
    |add_ln703_238_fu_270064_p2  |     +    |      0|  0|   16|          35|          35|
    |add_ln703_240_fu_270076_p2  |     +    |      0|  0|   16|          35|          35|
    |add_ln703_241_fu_269001_p2  |     +    |      0|  0|   35|          35|          35|
    |add_ln703_242_fu_270082_p2  |     +    |      0|  0|   16|          35|          35|
    |add_ln703_243_fu_270087_p2  |     +    |      0|  0|   16|          34|          34|
    |add_ln703_244_fu_269007_p2  |     +    |      0|  0|   33|          33|          33|
    |add_ln703_245_fu_270096_p2  |     +    |      0|  0|   16|          34|          34|
    |add_ln703_246_fu_270106_p2  |     +    |      0|  0|   16|          35|          35|
    |add_ln703_247_fu_269013_p2  |     +    |      0|  0|   34|          34|          34|
    |add_ln703_248_fu_269019_p2  |     +    |      0|  0|   35|          35|          35|
    |add_ln703_249_fu_270115_p2  |     +    |      0|  0|   16|          35|          35|
    |add_ln703_250_fu_270120_p2  |     +    |      0|  0|   16|          35|          35|
    |add_ln703_251_fu_270126_p2  |     +    |      0|  0|   34|          17|          34|
    |add_ln703_252_fu_270136_p2  |     +    |      0|  0|   35|          35|          35|
    |add_ln703_253_fu_270142_p2  |     +    |      0|  0|   16|          35|          35|
    |add_ln703_254_fu_270148_p2  |     +    |      0|  0|   16|          35|          35|
    |add_ln703_256_fu_269025_p2  |     +    |      0|  0|   34|          34|          34|
    |add_ln703_257_fu_270163_p2  |     +    |      0|  0|   16|          35|          35|
    |add_ln703_258_fu_270169_p2  |     +    |      0|  0|   16|          35|          35|
    |add_ln703_259_fu_269031_p2  |     +    |      0|  0|   34|          34|          34|
    |add_ln703_260_fu_269037_p2  |     +    |      0|  0|   34|          34|          34|
    |add_ln703_261_fu_270181_p2  |     +    |      0|  0|   35|          35|          35|
    |add_ln703_262_fu_270187_p2  |     +    |      0|  0|   16|          35|          35|
    |add_ln703_263_fu_269043_p2  |     +    |      0|  0|   34|          34|          34|
    |add_ln703_264_fu_269049_p2  |     +    |      0|  0|   35|          35|          35|
    |add_ln703_265_fu_270196_p2  |     +    |      0|  0|   16|          35|          35|
    |add_ln703_266_fu_269055_p2  |     +    |      0|  0|   34|          34|          34|
    |add_ln703_267_fu_270204_p2  |     +    |      0|  0|   35|          15|          35|
    |add_ln703_268_fu_270210_p2  |     +    |      0|  0|   16|          35|          35|
    |add_ln703_269_fu_270216_p2  |     +    |      0|  0|   16|          35|          35|
    |add_ln703_270_fu_270222_p2  |     +    |      0|  0|   16|          35|          35|
    |add_ln703_272_fu_269061_p2  |     +    |      0|  0|   34|          34|          34|
    |add_ln703_273_fu_270237_p2  |     +    |      0|  0|   16|          35|          35|
    |add_ln703_274_fu_270242_p2  |     +    |      0|  0|   16|          35|          35|
    |add_ln703_275_fu_269067_p2  |     +    |      0|  0|   33|          33|          33|
    |add_ln703_276_fu_269073_p2  |     +    |      0|  0|   33|          33|          33|
    |add_ln703_277_fu_270254_p2  |     +    |      0|  0|   34|          34|          34|
    |add_ln703_278_fu_270264_p2  |     +    |      0|  0|   16|          35|          35|
    |add_ln703_279_fu_270270_p2  |     +    |      0|  0|   16|          34|          34|
    |add_ln703_280_fu_269079_p2  |     +    |      0|  0|   33|          33|          33|
    |add_ln703_281_fu_270279_p2  |     +    |      0|  0|   16|          34|          34|
    |add_ln703_282_fu_269085_p2  |     +    |      0|  0|   34|          34|          34|
    |add_ln703_283_fu_269091_p2  |     +    |      0|  0|   16|          17|          35|
    |add_ln703_284_fu_269097_p2  |     +    |      0|  0|   16|          35|          35|
    |add_ln703_285_fu_270292_p2  |     +    |      0|  0|   16|          35|          35|
    |add_ln703_286_fu_270297_p2  |     +    |      0|  0|   16|          35|          35|
    |add_ln703_288_fu_269103_p2  |     +    |      0|  0|   34|          34|          34|
    |add_ln703_289_fu_270312_p2  |     +    |      0|  0|   16|          35|          35|
    |add_ln703_290_fu_270316_p2  |     +    |      0|  0|   16|          35|          35|
    |add_ln703_291_fu_270322_p2  |     +    |      0|  0|   16|          35|          35|
    |add_ln703_292_fu_269109_p2  |     +    |      0|  0|   33|          33|          33|
    |add_ln703_293_fu_270331_p2  |     +    |      0|  0|   16|          35|          35|
    |add_ln703_294_fu_270337_p2  |     +    |      0|  0|   16|          35|          35|
    |add_ln703_295_fu_269115_p2  |     +    |      0|  0|   33|          33|          33|
    |add_ln703_296_fu_269121_p2  |     +    |      0|  0|   33|          33|          33|
    |add_ln703_297_fu_270349_p2  |     +    |      0|  0|   34|          34|          34|
    |add_ln703_298_fu_269127_p2  |     +    |      0|  0|   34|          34|          34|
    |add_ln703_299_fu_269133_p2  |     +    |      0|  0|   16|          17|          35|
    |add_ln703_300_fu_269139_p2  |     +    |      0|  0|   16|          35|          35|
    |add_ln703_301_fu_270362_p2  |     +    |      0|  0|   16|          35|          35|
    |add_ln703_302_fu_270367_p2  |     +    |      0|  0|   16|          35|          35|
    |add_ln703_304_fu_270379_p2  |     +    |      0|  0|   16|          35|          35|
    |add_ln703_305_fu_269145_p2  |     +    |      0|  0|   35|          35|          35|
    |add_ln703_306_fu_270384_p2  |     +    |      0|  0|   16|          35|          35|
    |add_ln703_307_fu_269151_p2  |     +    |      0|  0|   34|          34|          34|
    |add_ln703_308_fu_269157_p2  |     +    |      0|  0|   33|          33|          33|
    |add_ln703_309_fu_270395_p2  |     +    |      0|  0|   35|          35|          35|
    |add_ln703_310_fu_270401_p2  |     +    |      0|  0|   16|          35|          35|
    |add_ln703_311_fu_269163_p2  |     +    |      0|  0|   34|          34|          34|
    |add_ln703_312_fu_269169_p2  |     +    |      0|  0|   35|          35|          35|
    |add_ln703_313_fu_270410_p2  |     +    |      0|  0|   16|          35|          35|
    |add_ln703_314_fu_270415_p2  |     +    |      0|  0|   16|          35|          35|
    |add_ln703_315_fu_270421_p2  |     +    |      0|  0|   34|          16|          34|
    |add_ln703_316_fu_270431_p2  |     +    |      0|  0|   35|          35|          35|
    |add_ln703_317_fu_270437_p2  |     +    |      0|  0|   16|          35|          35|
    |add_ln703_318_fu_270443_p2  |     +    |      0|  0|   16|          35|          35|
    |add_ln703_320_fu_269175_p2  |     +    |      0|  0|   33|          33|          33|
    |add_ln703_321_fu_269181_p2  |     +    |      0|  0|   34|          34|          34|
    |add_ln703_322_fu_270461_p2  |     +    |      0|  0|   35|          35|          35|
    |add_ln703_323_fu_269187_p2  |     +    |      0|  0|   34|          34|          34|
    |add_ln703_324_fu_269193_p2  |     +    |      0|  0|   34|          34|          34|
    |add_ln703_325_fu_270473_p2  |     +    |      0|  0|   35|          35|          35|
    |add_ln703_326_fu_270479_p2  |     +    |      0|  0|   16|          35|          35|
    |add_ln703_327_fu_269199_p2  |     +    |      0|  0|   33|          33|          33|
    |add_ln703_328_fu_269205_p2  |     +    |      0|  0|   34|          34|          34|
    |add_ln703_329_fu_270491_p2  |     +    |      0|  0|   16|          35|          35|
    |add_ln703_330_fu_270497_p2  |     +    |      0|  0|   16|          35|          35|
    |add_ln703_331_fu_270503_p2  |     +    |      0|  0|   32|          17|          32|
    |add_ln703_332_fu_270513_p2  |     +    |      0|  0|   35|          35|          35|
    |add_ln703_333_fu_270518_p2  |     +    |      0|  0|   16|          35|          35|
    |add_ln703_334_fu_270524_p2  |     +    |      0|  0|   16|          35|          35|
    |add_ln703_336_fu_269211_p2  |     +    |      0|  0|   34|          34|          34|
    |add_ln703_337_fu_269217_p2  |     +    |      0|  0|   34|          34|          34|
    |add_ln703_338_fu_270542_p2  |     +    |      0|  0|   35|          35|          35|
    |add_ln703_339_fu_269223_p2  |     +    |      0|  0|   33|          33|          33|
    |add_ln703_340_fu_269229_p2  |     +    |      0|  0|   34|          34|          34|
    |add_ln703_341_fu_270554_p2  |     +    |      0|  0|   35|          35|          35|
    |add_ln703_342_fu_270560_p2  |     +    |      0|  0|   16|          35|          35|
    |add_ln703_343_fu_269235_p2  |     +    |      0|  0|   33|          33|          33|
    |add_ln703_344_fu_269241_p2  |     +    |      0|  0|   34|          34|          34|
    |add_ln703_345_fu_270572_p2  |     +    |      0|  0|   16|          35|          35|
    |add_ln703_346_fu_269247_p2  |     +    |      0|  0|   33|          33|          33|
    |add_ln703_347_fu_270581_p2  |     +    |      0|  0|   35|          19|          35|
    |add_ln703_348_fu_270587_p2  |     +    |      0|  0|   16|          35|          35|
    |add_ln703_349_fu_270593_p2  |     +    |      0|  0|   16|          35|          35|
    |add_ln703_350_fu_270599_p2  |     +    |      0|  0|   16|          35|          35|
    |add_ln703_352_fu_270611_p2  |     +    |      0|  0|   16|          35|          35|
    |add_ln703_353_fu_269253_p2  |     +    |      0|  0|   35|          35|          35|
    |add_ln703_354_fu_270617_p2  |     +    |      0|  0|   16|          35|          35|
    |add_ln703_355_fu_269259_p2  |     +    |      0|  0|   32|          32|          32|
    |add_ln703_356_fu_270625_p2  |     +    |      0|  0|   16|          34|          34|
    |add_ln703_357_fu_270631_p2  |     +    |      0|  0|   16|          34|          34|
    |add_ln703_358_fu_270641_p2  |     +    |      0|  0|   16|          35|          35|
    |add_ln703_359_fu_269265_p2  |     +    |      0|  0|   33|          33|          33|
    |add_ln703_360_fu_269271_p2  |     +    |      0|  0|   33|          33|          33|
    |add_ln703_361_fu_270653_p2  |     +    |      0|  0|   34|          34|          34|
    |add_ln703_362_fu_269277_p2  |     +    |      0|  0|   34|          34|          34|
    |add_ln703_363_fu_269283_p2  |     +    |      0|  0|   16|          18|          35|
    |add_ln703_364_fu_269289_p2  |     +    |      0|  0|   16|          35|          35|
    |add_ln703_365_fu_270666_p2  |     +    |      0|  0|   16|          35|          35|
    |add_ln703_366_fu_270671_p2  |     +    |      0|  0|   16|          35|          35|
    |add_ln703_368_fu_270683_p2  |     +    |      0|  0|   16|          35|          35|
    |add_ln703_369_fu_269295_p2  |     +    |      0|  0|   35|          35|          35|
    |add_ln703_370_fu_270689_p2  |     +    |      0|  0|   16|          35|          35|
    |add_ln703_371_fu_269301_p2  |     +    |      0|  0|   33|          33|          33|
    |add_ln703_372_fu_269307_p2  |     +    |      0|  0|   34|          34|          34|
    |add_ln703_373_fu_270700_p2  |     +    |      0|  0|   35|          35|          35|
    |add_ln703_374_fu_270706_p2  |     +    |      0|  0|   16|          35|          35|
    |add_ln703_375_fu_269313_p2  |     +    |      0|  0|   33|          33|          33|
    |add_ln703_376_fu_269319_p2  |     +    |      0|  0|   34|          34|          34|
    |add_ln703_377_fu_270718_p2  |     +    |      0|  0|   16|          35|          35|
    |add_ln703_378_fu_269325_p2  |     +    |      0|  0|   34|          34|          34|
    |add_ln703_379_fu_270727_p2  |     +    |      0|  0|   32|          18|          32|
    |add_ln703_380_fu_270737_p2  |     +    |      0|  0|   16|          35|          35|
    |add_ln703_381_fu_270743_p2  |     +    |      0|  0|   16|          35|          35|
    |add_ln703_382_fu_270749_p2  |     +    |      0|  0|   16|          35|          35|
    |add_ln703_384_fu_269331_p2  |     +    |      0|  0|   33|          33|          33|
    |add_ln703_385_fu_270764_p2  |     +    |      0|  0|   16|          35|          35|
    |add_ln703_386_fu_270770_p2  |     +    |      0|  0|   16|          35|          35|
    |add_ln703_387_fu_270776_p2  |     +    |      0|  0|   16|          35|          35|
    |add_ln703_388_fu_269337_p2  |     +    |      0|  0|   34|          34|          34|
    |add_ln703_389_fu_270785_p2  |     +    |      0|  0|   16|          35|          35|
    |add_ln703_390_fu_270791_p2  |     +    |      0|  0|   16|          35|          35|
    |add_ln703_391_fu_269343_p2  |     +    |      0|  0|   34|          34|          34|
    |add_ln703_392_fu_269349_p2  |     +    |      0|  0|   35|          35|          35|
    |add_ln703_393_fu_270800_p2  |     +    |      0|  0|   16|          35|          35|
    |add_ln703_394_fu_269355_p2  |     +    |      0|  0|   33|          33|          33|
    |add_ln703_395_fu_270808_p2  |     +    |      0|  0|   32|          20|          32|
    |add_ln703_396_fu_270818_p2  |     +    |      0|  0|   16|          35|          35|
    |add_ln703_397_fu_270823_p2  |     +    |      0|  0|   16|          35|          35|
    |add_ln703_398_fu_270829_p2  |     +    |      0|  0|   16|          35|          35|
    |add_ln703_fu_269580_p2      |     +    |      0|  0|   16|          35|          35|
    +----------------------------+----------+-------+---+-----+------------+------------+
    |Total                       |          |    512|  0|11982|       13126|       17782|
    +----------------------------+----------+-------+---+-----+------------+------------+

    * Multiplexer: 
    N/A

    * Register: 
    +----------------------------+----+----+-----+-----------+
    |            Name            | FF | LUT| Bits| Const Bits|
    +----------------------------+----+----+-----+-----------+
    |add_ln703_145_reg_271357    |  35|   0|   35|          0|
    |add_ln703_148_reg_271362    |  34|   0|   34|          0|
    |add_ln703_151_reg_271367    |  32|   0|   32|          0|
    |add_ln703_152_reg_271372    |  35|   0|   35|          0|
    |add_ln703_154_reg_271377    |  33|   0|   33|          0|
    |add_ln703_161_reg_271382    |  32|   0|   32|          0|
    |add_ln703_163_reg_271387    |  34|   0|   34|          0|
    |add_ln703_164_reg_271392    |  33|   0|   33|          0|
    |add_ln703_167_reg_271397    |  33|   0|   33|          0|
    |add_ln703_168_reg_271402    |  34|   0|   34|          0|
    |add_ln703_170_reg_271407    |  34|   0|   34|          0|
    |add_ln703_176_reg_271412    |  34|   0|   34|          0|
    |add_ln703_180_reg_271417    |  34|   0|   34|          0|
    |add_ln703_184_reg_271422    |  33|   0|   33|          0|
    |add_ln703_186_reg_271427    |  32|   0|   32|          0|
    |add_ln703_192_reg_271432    |  34|   0|   34|          0|
    |add_ln703_196_reg_271437    |  34|   0|   34|          0|
    |add_ln703_199_reg_271442    |  34|   0|   34|          0|
    |add_ln703_200_reg_271447    |  33|   0|   33|          0|
    |add_ln703_202_reg_271452    |  34|   0|   34|          0|
    |add_ln703_208_reg_271457    |  33|   0|   33|          0|
    |add_ln703_212_reg_271462    |  34|   0|   34|          0|
    |add_ln703_215_reg_271467    |  34|   0|   34|          0|
    |add_ln703_216_reg_271472    |  33|   0|   33|          0|
    |add_ln703_224_reg_271477    |  33|   0|   33|          0|
    |add_ln703_228_reg_271482    |  34|   0|   34|          0|
    |add_ln703_231_reg_271487    |  34|   0|   34|          0|
    |add_ln703_232_reg_271492    |  33|   0|   33|          0|
    |add_ln703_234_reg_271497    |  34|   0|   34|          0|
    |add_ln703_241_reg_271502    |  35|   0|   35|          0|
    |add_ln703_244_reg_271507    |  33|   0|   33|          0|
    |add_ln703_247_reg_271512    |  34|   0|   34|          0|
    |add_ln703_248_reg_271517    |  35|   0|   35|          0|
    |add_ln703_256_reg_271522    |  34|   0|   34|          0|
    |add_ln703_259_reg_271527    |  34|   0|   34|          0|
    |add_ln703_260_reg_271532    |  34|   0|   34|          0|
    |add_ln703_263_reg_271537    |  34|   0|   34|          0|
    |add_ln703_264_reg_271542    |  35|   0|   35|          0|
    |add_ln703_266_reg_271547    |  34|   0|   34|          0|
    |add_ln703_272_reg_271552    |  34|   0|   34|          0|
    |add_ln703_275_reg_271557    |  33|   0|   33|          0|
    |add_ln703_276_reg_271562    |  33|   0|   33|          0|
    |add_ln703_280_reg_271567    |  33|   0|   33|          0|
    |add_ln703_282_reg_271572    |  34|   0|   34|          0|
    |add_ln703_284_reg_271577    |  35|   0|   35|          0|
    |add_ln703_288_reg_271582    |  34|   0|   34|          0|
    |add_ln703_292_reg_271587    |  33|   0|   33|          0|
    |add_ln703_295_reg_271592    |  33|   0|   33|          0|
    |add_ln703_296_reg_271597    |  33|   0|   33|          0|
    |add_ln703_298_reg_271602    |  34|   0|   34|          0|
    |add_ln703_300_reg_271607    |  35|   0|   35|          0|
    |add_ln703_305_reg_271612    |  35|   0|   35|          0|
    |add_ln703_307_reg_271617    |  34|   0|   34|          0|
    |add_ln703_308_reg_271622    |  33|   0|   33|          0|
    |add_ln703_311_reg_271627    |  34|   0|   34|          0|
    |add_ln703_312_reg_271632    |  35|   0|   35|          0|
    |add_ln703_320_reg_271637    |  33|   0|   33|          0|
    |add_ln703_321_reg_271642    |  34|   0|   34|          0|
    |add_ln703_323_reg_271647    |  34|   0|   34|          0|
    |add_ln703_324_reg_271652    |  34|   0|   34|          0|
    |add_ln703_327_reg_271657    |  33|   0|   33|          0|
    |add_ln703_328_reg_271662    |  34|   0|   34|          0|
    |add_ln703_336_reg_271667    |  34|   0|   34|          0|
    |add_ln703_337_reg_271672    |  34|   0|   34|          0|
    |add_ln703_339_reg_271677    |  33|   0|   33|          0|
    |add_ln703_340_reg_271682    |  34|   0|   34|          0|
    |add_ln703_343_reg_271687    |  33|   0|   33|          0|
    |add_ln703_344_reg_271692    |  34|   0|   34|          0|
    |add_ln703_346_reg_271697    |  33|   0|   33|          0|
    |add_ln703_353_reg_271702    |  35|   0|   35|          0|
    |add_ln703_355_reg_271707    |  32|   0|   32|          0|
    |add_ln703_359_reg_271712    |  33|   0|   33|          0|
    |add_ln703_360_reg_271717    |  33|   0|   33|          0|
    |add_ln703_362_reg_271722    |  34|   0|   34|          0|
    |add_ln703_364_reg_271727    |  35|   0|   35|          0|
    |add_ln703_369_reg_271732    |  35|   0|   35|          0|
    |add_ln703_371_reg_271737    |  33|   0|   33|          0|
    |add_ln703_372_reg_271742    |  34|   0|   34|          0|
    |add_ln703_375_reg_271747    |  33|   0|   33|          0|
    |add_ln703_376_reg_271752    |  34|   0|   34|          0|
    |add_ln703_378_reg_271757    |  34|   0|   34|          0|
    |add_ln703_384_reg_271762    |  33|   0|   33|          0|
    |add_ln703_388_reg_271767    |  34|   0|   34|          0|
    |add_ln703_391_reg_271772    |  34|   0|   34|          0|
    |add_ln703_392_reg_271777    |  35|   0|   35|          0|
    |add_ln703_394_reg_271782    |  33|   0|   33|          0|
    |mult_10_V_reg_270952        |  35|   0|   35|          0|
    |mult_41_V_reg_271027        |  35|   0|   35|          0|
    |mult_56_V_reg_271062        |  35|   0|   35|          0|
    |mult_57_V_reg_271067        |  35|   0|   35|          0|
    |tmp_109_reg_271162          |  32|   0|   32|          0|
    |tmp_114_reg_271167          |  31|   0|   31|          0|
    |tmp_120_reg_271172          |  31|   0|   31|          0|
    |tmp_130_reg_271177          |  33|   0|   33|          0|
    |tmp_136_reg_271182          |  33|   0|   33|          0|
    |tmp_190_reg_271297          |  32|   0|   32|          0|
    |tmp_191_reg_271302          |  33|   0|   33|          0|
    |tmp_192_reg_271307          |  32|   0|   32|          0|
    |tmp_193_reg_271312          |  32|   0|   32|          0|
    |tmp_194_reg_271322          |  33|   0|   33|          0|
    |tmp_195_reg_271332          |  33|   0|   33|          0|
    |tmp_196_reg_271337          |  31|   0|   31|          0|
    |tmp_197_reg_271347          |  31|   0|   31|          0|
    |tmp_198_reg_271352          |  31|   0|   31|          0|
    |tmp_63_reg_271102           |  30|   0|   30|          0|
    |tmp_72_reg_271142           |  33|   0|   33|          0|
    |tmp_93_reg_271157           |  33|   0|   33|          0|
    |trunc_ln708_100_reg_271127  |  34|   0|   34|          0|
    |trunc_ln708_101_reg_271132  |  32|   0|   32|          0|
    |trunc_ln708_102_reg_271137  |  34|   0|   34|          0|
    |trunc_ln708_103_reg_271147  |  28|   0|   28|          0|
    |trunc_ln708_104_reg_271152  |  33|   0|   33|          0|
    |trunc_ln708_115_reg_271187  |  31|   0|   31|          0|
    |trunc_ln708_116_reg_271192  |  34|   0|   34|          0|
    |trunc_ln708_117_reg_271197  |  34|   0|   34|          0|
    |trunc_ln708_118_reg_271202  |  34|   0|   34|          0|
    |trunc_ln708_119_reg_271207  |  34|   0|   34|          0|
    |trunc_ln708_120_reg_271212  |  33|   0|   33|          0|
    |trunc_ln708_121_reg_271217  |  31|   0|   31|          0|
    |trunc_ln708_122_reg_271222  |  33|   0|   33|          0|
    |trunc_ln708_123_reg_271227  |  34|   0|   34|          0|
    |trunc_ln708_124_reg_271232  |  35|   0|   35|          0|
    |trunc_ln708_125_reg_271237  |  35|   0|   35|          0|
    |trunc_ln708_126_reg_271242  |  34|   0|   34|          0|
    |trunc_ln708_127_reg_271247  |  35|   0|   35|          0|
    |trunc_ln708_128_reg_271252  |  35|   0|   35|          0|
    |trunc_ln708_129_reg_271257  |  33|   0|   33|          0|
    |trunc_ln708_130_reg_271262  |  34|   0|   34|          0|
    |trunc_ln708_133_reg_271267  |  33|   0|   33|          0|
    |trunc_ln708_134_reg_271272  |  35|   0|   35|          0|
    |trunc_ln708_135_reg_271277  |  34|   0|   34|          0|
    |trunc_ln708_137_reg_271282  |  34|   0|   34|          0|
    |trunc_ln708_138_reg_271287  |  35|   0|   35|          0|
    |trunc_ln708_139_reg_271292  |  35|   0|   35|          0|
    |trunc_ln708_140_reg_271317  |  34|   0|   34|          0|
    |trunc_ln708_141_reg_271327  |  34|   0|   34|          0|
    |trunc_ln708_144_reg_271342  |  34|   0|   34|          0|
    |trunc_ln708_62_reg_270947   |  33|   0|   33|          0|
    |trunc_ln708_63_reg_270957   |  34|   0|   34|          0|
    |trunc_ln708_64_reg_270962   |  34|   0|   34|          0|
    |trunc_ln708_65_reg_270967   |  34|   0|   34|          0|
    |trunc_ln708_66_reg_270972   |  31|   0|   31|          0|
    |trunc_ln708_67_reg_270977   |  34|   0|   34|          0|
    |trunc_ln708_68_reg_270982   |  32|   0|   32|          0|
    |trunc_ln708_69_reg_270987   |  33|   0|   33|          0|
    |trunc_ln708_70_reg_270992   |  34|   0|   34|          0|
    |trunc_ln708_71_reg_270997   |  34|   0|   34|          0|
    |trunc_ln708_72_reg_271002   |  32|   0|   32|          0|
    |trunc_ln708_73_reg_271007   |  29|   0|   29|          0|
    |trunc_ln708_74_reg_271012   |  34|   0|   34|          0|
    |trunc_ln708_76_reg_271017   |  34|   0|   34|          0|
    |trunc_ln708_77_reg_271022   |  32|   0|   32|          0|
    |trunc_ln708_81_reg_271032   |  33|   0|   33|          0|
    |trunc_ln708_83_reg_271037   |  33|   0|   33|          0|
    |trunc_ln708_84_reg_271042   |  34|   0|   34|          0|
    |trunc_ln708_85_reg_271047   |  34|   0|   34|          0|
    |trunc_ln708_86_reg_271052   |  33|   0|   33|          0|
    |trunc_ln708_87_reg_271057   |  33|   0|   33|          0|
    |trunc_ln708_90_reg_271072   |  34|   0|   34|          0|
    |trunc_ln708_91_reg_271077   |  34|   0|   34|          0|
    |trunc_ln708_92_reg_271082   |  34|   0|   34|          0|
    |trunc_ln708_93_reg_271087   |  31|   0|   31|          0|
    |trunc_ln708_94_reg_271092   |  34|   0|   34|          0|
    |trunc_ln708_95_reg_271097   |  34|   0|   34|          0|
    |trunc_ln708_96_reg_271107   |  34|   0|   34|          0|
    |trunc_ln708_97_reg_271112   |  34|   0|   34|          0|
    |trunc_ln708_98_reg_271117   |  32|   0|   32|          0|
    |trunc_ln708_99_reg_271122   |  32|   0|   32|          0|
    |trunc_ln708_s_reg_270942    |  34|   0|   34|          0|
    |trunc_ln_reg_270937         |  32|   0|   32|          0|
    +----------------------------+----+----+-----+-----------+
    |Total                       |5686|   0| 5686|          0|
    +----------------------------+----+----+-----+-----------+



================================================================
== Interface
================================================================
* Summary: 
+--------------+-----+-----+------------+---------------------------------------------------+--------------+
|   RTL Ports  | Dir | Bits|  Protocol  |                   Source Object                   |    C Type    |
+--------------+-----+-----+------------+---------------------------------------------------+--------------+
|ap_clk        |  in |    1| ap_ctrl_hs | dense_latency.0.0.0.0.0.0.0.0.0.0.0.0.0.0.0.0.0.2 | return value |
|ap_rst        |  in |    1| ap_ctrl_hs | dense_latency.0.0.0.0.0.0.0.0.0.0.0.0.0.0.0.0.0.2 | return value |
|ap_return_0   | out |   35| ap_ctrl_hs | dense_latency.0.0.0.0.0.0.0.0.0.0.0.0.0.0.0.0.0.2 | return value |
|ap_return_1   | out |   35| ap_ctrl_hs | dense_latency.0.0.0.0.0.0.0.0.0.0.0.0.0.0.0.0.0.2 | return value |
|ap_return_2   | out |   35| ap_ctrl_hs | dense_latency.0.0.0.0.0.0.0.0.0.0.0.0.0.0.0.0.0.2 | return value |
|ap_return_3   | out |   35| ap_ctrl_hs | dense_latency.0.0.0.0.0.0.0.0.0.0.0.0.0.0.0.0.0.2 | return value |
|ap_return_4   | out |   35| ap_ctrl_hs | dense_latency.0.0.0.0.0.0.0.0.0.0.0.0.0.0.0.0.0.2 | return value |
|ap_return_5   | out |   35| ap_ctrl_hs | dense_latency.0.0.0.0.0.0.0.0.0.0.0.0.0.0.0.0.0.2 | return value |
|ap_return_6   | out |   35| ap_ctrl_hs | dense_latency.0.0.0.0.0.0.0.0.0.0.0.0.0.0.0.0.0.2 | return value |
|ap_return_7   | out |   35| ap_ctrl_hs | dense_latency.0.0.0.0.0.0.0.0.0.0.0.0.0.0.0.0.0.2 | return value |
|ap_return_8   | out |   35| ap_ctrl_hs | dense_latency.0.0.0.0.0.0.0.0.0.0.0.0.0.0.0.0.0.2 | return value |
|ap_return_9   | out |   35| ap_ctrl_hs | dense_latency.0.0.0.0.0.0.0.0.0.0.0.0.0.0.0.0.0.2 | return value |
|ap_return_10  | out |   35| ap_ctrl_hs | dense_latency.0.0.0.0.0.0.0.0.0.0.0.0.0.0.0.0.0.2 | return value |
|ap_return_11  | out |   35| ap_ctrl_hs | dense_latency.0.0.0.0.0.0.0.0.0.0.0.0.0.0.0.0.0.2 | return value |
|ap_return_12  | out |   35| ap_ctrl_hs | dense_latency.0.0.0.0.0.0.0.0.0.0.0.0.0.0.0.0.0.2 | return value |
|ap_return_13  | out |   35| ap_ctrl_hs | dense_latency.0.0.0.0.0.0.0.0.0.0.0.0.0.0.0.0.0.2 | return value |
|ap_return_14  | out |   35| ap_ctrl_hs | dense_latency.0.0.0.0.0.0.0.0.0.0.0.0.0.0.0.0.0.2 | return value |
|ap_return_15  | out |   35| ap_ctrl_hs | dense_latency.0.0.0.0.0.0.0.0.0.0.0.0.0.0.0.0.0.2 | return value |
|data_V_read   |  in |  560|   ap_none  |                    data_V_read                    |    scalar    |
+--------------+-----+-----+------------+---------------------------------------------------+--------------+

