

================================================================
== Vivado HLS Report for 'log_softmax_latency_ap_fixed_ap_fixed_softmax_config0_s'
================================================================
* Date:           Thu Apr 28 19:24:08 2022

* Version:        2019.2 (Build 2704478 on Wed Nov 06 22:10:23 MST 2019)
* Project:        myproject_prj
* Solution:       solution1
* Product family: virtexuplus
* Target device:  xcu250-figd2104-2L-e


================================================================
== Performance Estimates
================================================================
+ Timing: 
    * Summary: 
    +--------+---------+----------+------------+
    |  Clock |  Target | Estimated| Uncertainty|
    +--------+---------+----------+------------+
    |ap_clk  | 5.00 ns | 4.293 ns |   0.62 ns  |
    +--------+---------+----------+------------+

+ Latency: 
    * Summary: 
    +---------+---------+----------+----------+------+------+---------+
    |  Latency (cycles) |  Latency (absolute) |   Interval  | Pipeline|
    |   min   |   max   |    min   |    max   |  min |  max |   Type  |
    +---------+---------+----------+----------+------+------+---------+
    |     1026|     1026| 5.130 us | 5.130 us |  1026|  1026|   none  |
    +---------+---------+----------+----------+------+------+---------+

    + Detail: 
        * Instance: 
        +-----------------------------------------------------------------+------------------------------------------------------+---------+---------+----------+----------+------+------+---------+
        |                                                                 |                                                      |  Latency (cycles) |  Latency (absolute) |   Interval  | Pipeline|
        |                             Instance                            |                        Module                        |   min   |   max   |    min   |    max   |  min |  max |   Type  |
        +-----------------------------------------------------------------+------------------------------------------------------+---------+---------+----------+----------+------+------+---------+
        |grp_init_log_table_ap_fixed_16_6_5_3_0_softmax_config0_s_fu_158  |init_log_table_ap_fixed_16_6_5_3_0_softmax_config0_s  |     1023|     1023| 5.115 us | 5.115 us |  1023|  1023|   none  |
        +-----------------------------------------------------------------+------------------------------------------------------+---------+---------+----------+----------+------+------+---------+

        * Loop: 
        N/A



================================================================
== Utilization Estimates
================================================================
* Summary: 
+---------------------+---------+-------+---------+---------+------+
|         Name        | BRAM_18K| DSP48E|    FF   |   LUT   | URAM |
+---------------------+---------+-------+---------+---------+------+
|DSP                  |        -|      -|        -|        -|     -|
|Expression           |        -|      -|        0|      180|     -|
|FIFO                 |        -|      -|        -|        -|     -|
|Instance             |        -|     13|     1640|     7583|     -|
|Memory               |        4|      -|        0|        0|     0|
|Multiplexer          |        -|      -|        -|       90|     -|
|Register             |        -|      -|      130|        -|     -|
+---------------------+---------+-------+---------+---------+------+
|Total                |        4|     13|     1770|     7853|     0|
+---------------------+---------+-------+---------+---------+------+
|Available SLR        |     1344|   3072|   864000|   432000|   320|
+---------------------+---------+-------+---------+---------+------+
|Utilization SLR (%)  |    ~0   |   ~0  |    ~0   |        1|     0|
+---------------------+---------+-------+---------+---------+------+
|Available            |     5376|  12288|  3456000|  1728000|  1280|
+---------------------+---------+-------+---------+---------+------+
|Utilization (%)      |    ~0   |   ~0  |    ~0   |    ~0   |     0|
+---------------------+---------+-------+---------+---------+------+

+ Detail: 
    * Instance: 
    +-----------------------------------------------------------------+------------------------------------------------------+---------+-------+------+------+-----+
    |                             Instance                            |                        Module                        | BRAM_18K| DSP48E|  FF  |  LUT | URAM|
    +-----------------------------------------------------------------+------------------------------------------------------+---------+-------+------+------+-----+
    |grp_init_log_table_ap_fixed_16_6_5_3_0_softmax_config0_s_fu_158  |init_log_table_ap_fixed_16_6_5_3_0_softmax_config0_s  |        0|     13|  1640|  7583|    0|
    +-----------------------------------------------------------------+------------------------------------------------------+---------+-------+------+------+-----+
    |Total                                                            |                                                      |        0|     13|  1640|  7583|    0|
    +-----------------------------------------------------------------+------------------------------------------------------+---------+-------+------+------+-----+

    * DSP48E: 
    N/A

    * Memory: 
    +----------------+--------------------------------------------------------------+---------+---+----+-----+------+-----+------+-------------+
    |     Memory     |                            Module                            | BRAM_18K| FF| LUT| URAM| Words| Bits| Banks| W*Bits*Banks|
    +----------------+--------------------------------------------------------------+---------+---+----+-----+------+-----+------+-------------+
    |exp_table172_U  |log_softmax_latency_ap_fixed_ap_fixed_softmax_config0_s_eeOg  |        3|  0|   0|    0|  1024|   16|     1|        16384|
    |log_table_V_U   |log_softmax_latency_ap_fixed_ap_fixed_softmax_config0_s_ldEe  |        1|  0|   0|    0|  1024|   16|     1|        16384|
    +----------------+--------------------------------------------------------------+---------+---+----+-----+------+-----+------+-------------+
    |Total           |                                                              |        4|  0|   0|    0|  2048|   32|     2|        32768|
    +----------------+--------------------------------------------------------------+---------+---+----+-----+------+-----+------+-------------+

    * FIFO: 
    N/A

    * Expression: 
    +------------------------+----------+-------+---+----+------------+------------+
    |      Variable Name     | Operation| DSP48E| FF| LUT| Bitwidth P0| Bitwidth P1|
    +------------------------+----------+-------+---+----+------------+------------+
    |add_ln703_63_fu_245_p2  |     +    |      0|  0|  16|          16|          16|
    |add_ln703_64_fu_251_p2  |     +    |      0|  0|  16|          16|          16|
    |add_ln703_fu_239_p2     |     +    |      0|  0|  16|          16|          16|
    |exp_sum_V_fu_257_p2     |     +    |      0|  0|  16|          16|          16|
    |ret_V_1_fu_291_p2       |     +    |      0|  0|   6|           1|           6|
    |sub_ln1193_1_fu_350_p2  |     -    |      0|  0|  17|          17|          17|
    |sub_ln1193_2_fu_371_p2  |     -    |      0|  0|  17|          17|          17|
    |sub_ln1193_3_fu_392_p2  |     -    |      0|  0|  17|          17|          17|
    |sub_ln1193_4_fu_413_p2  |     -    |      0|  0|  17|          17|          17|
    |sub_ln1193_fu_329_p2    |     -    |      0|  0|  17|          17|          17|
    |icmp_ln851_fu_285_p2    |   icmp   |      0|  0|  13|          10|           1|
    |select_ln850_fu_305_p3  |  select  |      0|  0|   6|           1|           6|
    |select_ln851_fu_297_p3  |  select  |      0|  0|   6|           1|           6|
    +------------------------+----------+-------+---+----+------------+------------+
    |Total                   |          |      0|  0| 180|         162|         168|
    +------------------------+----------+-------+---+----+------------+------------+

    * Multiplexer: 
    +-----------------+----+-----------+-----+-----------+
    |       Name      | LUT| Input Size| Bits| Total Bits|
    +-----------------+----+-----------+-----+-----------+
    |ap_NS_fsm        |  27|          5|    1|          5|
    |ap_return_0      |   9|          2|   25|         50|
    |ap_return_1      |   9|          2|   25|         50|
    |ap_return_2      |   9|          2|   25|         50|
    |ap_return_3      |   9|          2|   25|         50|
    |ap_return_4      |   9|          2|   25|         50|
    |log_table_V_ce1  |   9|          2|    1|          2|
    |log_table_V_we1  |   9|          2|    1|          2|
    +-----------------+----+-----------+-----+-----------+
    |Total            |  90|         19|  128|        259|
    +-----------------+----+-----------+-----+-----------+

    * Register: 
    +------------------------------------------------------------------------------+----+----+-----+-----------+
    |                                     Name                                     | FF | LUT| Bits| Const Bits|
    +------------------------------------------------------------------------------+----+----+-----+-----------+
    |ap_CS_fsm                                                                     |   4|   0|    4|          0|
    |ap_return_0_preg                                                              |  25|   0|   35|         10|
    |ap_return_1_preg                                                              |  25|   0|   35|         10|
    |ap_return_2_preg                                                              |  25|   0|   35|         10|
    |ap_return_3_preg                                                              |  25|   0|   35|         10|
    |ap_return_4_preg                                                              |  25|   0|   35|         10|
    |grp_init_log_table_ap_fixed_16_6_5_3_0_softmax_config0_s_fu_158_ap_start_reg  |   1|   0|    1|          0|
    +------------------------------------------------------------------------------+----+----+-----+-----------+
    |Total                                                                         | 130|   0|  180|         50|
    +------------------------------------------------------------------------------+----+----+-----+-----------+



================================================================
== Interface
================================================================
* Summary: 
+---------------+-----+-----+------------+--------------------------------------------------------+--------------+
|   RTL Ports   | Dir | Bits|  Protocol  |                      Source Object                     |    C Type    |
+---------------+-----+-----+------------+--------------------------------------------------------+--------------+
|ap_clk         |  in |    1| ap_ctrl_hs | log_softmax_latency<ap_fixed,ap_fixed,softmax_config0> | return value |
|ap_rst         |  in |    1| ap_ctrl_hs | log_softmax_latency<ap_fixed,ap_fixed,softmax_config0> | return value |
|ap_start       |  in |    1| ap_ctrl_hs | log_softmax_latency<ap_fixed,ap_fixed,softmax_config0> | return value |
|ap_done        | out |    1| ap_ctrl_hs | log_softmax_latency<ap_fixed,ap_fixed,softmax_config0> | return value |
|ap_idle        | out |    1| ap_ctrl_hs | log_softmax_latency<ap_fixed,ap_fixed,softmax_config0> | return value |
|ap_ready       | out |    1| ap_ctrl_hs | log_softmax_latency<ap_fixed,ap_fixed,softmax_config0> | return value |
|ap_return_0    | out |   35| ap_ctrl_hs | log_softmax_latency<ap_fixed,ap_fixed,softmax_config0> | return value |
|ap_return_1    | out |   35| ap_ctrl_hs | log_softmax_latency<ap_fixed,ap_fixed,softmax_config0> | return value |
|ap_return_2    | out |   35| ap_ctrl_hs | log_softmax_latency<ap_fixed,ap_fixed,softmax_config0> | return value |
|ap_return_3    | out |   35| ap_ctrl_hs | log_softmax_latency<ap_fixed,ap_fixed,softmax_config0> | return value |
|ap_return_4    | out |   35| ap_ctrl_hs | log_softmax_latency<ap_fixed,ap_fixed,softmax_config0> | return value |
|data_0_V_read  |  in |   16|   ap_none  |                      data_0_V_read                     |    scalar    |
|data_1_V_read  |  in |   16|   ap_none  |                      data_1_V_read                     |    scalar    |
|data_2_V_read  |  in |   16|   ap_none  |                      data_2_V_read                     |    scalar    |
|data_3_V_read  |  in |   16|   ap_none  |                      data_3_V_read                     |    scalar    |
|data_4_V_read  |  in |   16|   ap_none  |                      data_4_V_read                     |    scalar    |
+---------------+-----+-----+------------+--------------------------------------------------------+--------------+

