

================================================================
== Vivado HLS Report for 'matmul_ap_fixed_ap_fixed_2ul_2ul_2ul_8ul_s'
================================================================
* Date:           Mon May  2 07:16:02 2022

* Version:        2019.2 (Build 2704478 on Wed Nov 06 22:10:23 MST 2019)
* Project:        myproject_prj
* Solution:       solution1
* Product family: virtexuplus
* Target device:  xcu250-figd2104-2L-e


================================================================
== Performance Estimates
================================================================
+ Timing: 
    * Summary: 
    +--------+---------+----------+------------+
    |  Clock |  Target | Estimated| Uncertainty|
    +--------+---------+----------+------------+
    |ap_clk  | 5.00 ns | 4.084 ns |   0.62 ns  |
    +--------+---------+----------+------------+

+ Latency: 
    * Summary: 
    +---------+---------+----------+----------+-----+-----+----------+
    |  Latency (cycles) |  Latency (absolute) |  Interval | Pipeline |
    |   min   |   max   |    min   |    max   | min | max |   Type   |
    +---------+---------+----------+----------+-----+-----+----------+
    |        1|        1| 5.000 ns | 5.000 ns |    1|    1| function |
    +---------+---------+----------+----------+-----+-----+----------+

    + Detail: 
        * Instance: 
        N/A

        * Loop: 
        N/A



================================================================
== Utilization Estimates
================================================================
* Summary: 
+---------------------+---------+-------+---------+---------+------+
|         Name        | BRAM_18K| DSP48E|    FF   |   LUT   | URAM |
+---------------------+---------+-------+---------+---------+------+
|DSP                  |        -|      -|        -|        -|     -|
|Expression           |        -|    128|        0|     3750|     -|
|FIFO                 |        -|      -|        -|        -|     -|
|Instance             |        -|      -|        -|        -|     -|
|Memory               |        -|      -|        -|        -|     -|
|Multiplexer          |        -|      -|        -|      288|     -|
|Register             |        -|      -|      907|        -|     -|
+---------------------+---------+-------+---------+---------+------+
|Total                |        0|    128|      907|     4038|     0|
+---------------------+---------+-------+---------+---------+------+
|Available SLR        |     1344|   3072|   864000|   432000|   320|
+---------------------+---------+-------+---------+---------+------+
|Utilization SLR (%)  |        0|      4|    ~0   |    ~0   |     0|
+---------------------+---------+-------+---------+---------+------+
|Available            |     5376|  12288|  3456000|  1728000|  1280|
+---------------------+---------+-------+---------+---------+------+
|Utilization (%)      |        0|      1|    ~0   |    ~0   |     0|
+---------------------+---------+-------+---------+---------+------+

+ Detail: 
    * Instance: 
    N/A

    * DSP48E: 
    N/A

    * Memory: 
    N/A

    * FIFO: 
    N/A

    * Expression: 
    +-----------------------------+----------+-------+---+----+------------+------------+
    |        Variable Name        | Operation| DSP48E| FF| LUT| Bitwidth P0| Bitwidth P1|
    +-----------------------------+----------+-------+---+----+------------+------------+
    |mul_ln1192_32_fu_534_p2      |     *    |      4|  0|  23|          32|          35|
    |mul_ln1192_33_fu_582_p2      |     *    |      4|  0|  23|          32|          35|
    |mul_ln1192_34_fu_618_p2      |     *    |      4|  0|  23|          32|          35|
    |mul_ln1192_35_fu_666_p2      |     *    |      4|  0|  23|          32|          35|
    |mul_ln1192_36_fu_702_p2      |     *    |      4|  0|  23|          32|          35|
    |mul_ln1192_37_fu_750_p2      |     *    |      4|  0|  23|          32|          35|
    |mul_ln1192_38_fu_786_p2      |     *    |      4|  0|  23|          32|          35|
    |mul_ln1192_39_fu_834_p2      |     *    |      4|  0|  23|          32|          35|
    |mul_ln1192_40_fu_870_p2      |     *    |      4|  0|  23|          32|          35|
    |mul_ln1192_41_fu_918_p2      |     *    |      4|  0|  23|          32|          35|
    |mul_ln1192_42_fu_954_p2      |     *    |      4|  0|  23|          32|          35|
    |mul_ln1192_43_fu_1002_p2     |     *    |      4|  0|  23|          32|          35|
    |mul_ln1192_44_fu_1038_p2     |     *    |      4|  0|  23|          32|          35|
    |mul_ln1192_45_fu_1086_p2     |     *    |      4|  0|  23|          32|          35|
    |mul_ln1192_46_fu_1122_p2     |     *    |      4|  0|  23|          32|          35|
    |mul_ln1192_47_fu_1403_p2     |     *    |      4|  0|  23|          32|          35|
    |mul_ln1192_48_fu_1447_p2     |     *    |      4|  0|  23|          35|          32|
    |mul_ln1192_49_fu_1491_p2     |     *    |      4|  0|  23|          35|          32|
    |mul_ln1192_50_fu_1532_p2     |     *    |      4|  0|  23|          35|          32|
    |mul_ln1192_51_fu_1576_p2     |     *    |      4|  0|  23|          35|          32|
    |mul_ln1192_52_fu_1617_p2     |     *    |      4|  0|  23|          35|          32|
    |mul_ln1192_53_fu_1661_p2     |     *    |      4|  0|  23|          35|          32|
    |mul_ln1192_54_fu_1702_p2     |     *    |      4|  0|  23|          35|          32|
    |mul_ln1192_55_fu_1746_p2     |     *    |      4|  0|  23|          35|          32|
    |mul_ln1192_56_fu_1787_p2     |     *    |      4|  0|  23|          35|          32|
    |mul_ln1192_57_fu_1831_p2     |     *    |      4|  0|  23|          35|          32|
    |mul_ln1192_58_fu_1872_p2     |     *    |      4|  0|  23|          35|          32|
    |mul_ln1192_59_fu_1916_p2     |     *    |      4|  0|  23|          35|          32|
    |mul_ln1192_60_fu_1957_p2     |     *    |      4|  0|  23|          35|          32|
    |mul_ln1192_61_fu_2001_p2     |     *    |      4|  0|  23|          35|          32|
    |mul_ln1192_62_fu_2042_p2     |     *    |      4|  0|  23|          35|          32|
    |mul_ln1192_fu_478_p2         |     *    |      4|  0|  23|          32|          35|
    |add_ln1192_32_fu_540_p2      |     +    |      0|  0|  55|          55|          55|
    |add_ln1192_33_fu_588_p2      |     +    |      0|  0|  55|          55|          55|
    |add_ln1192_34_fu_624_p2      |     +    |      0|  0|  55|          55|          55|
    |add_ln1192_35_fu_672_p2      |     +    |      0|  0|  55|          55|          55|
    |add_ln1192_36_fu_708_p2      |     +    |      0|  0|  55|          55|          55|
    |add_ln1192_37_fu_756_p2      |     +    |      0|  0|  55|          55|          55|
    |add_ln1192_38_fu_792_p2      |     +    |      0|  0|  55|          55|          55|
    |add_ln1192_39_fu_840_p2      |     +    |      0|  0|  55|          55|          55|
    |add_ln1192_40_fu_876_p2      |     +    |      0|  0|  55|          55|          55|
    |add_ln1192_41_fu_924_p2      |     +    |      0|  0|  55|          55|          55|
    |add_ln1192_42_fu_960_p2      |     +    |      0|  0|  55|          55|          55|
    |add_ln1192_43_fu_1008_p2     |     +    |      0|  0|  55|          55|          55|
    |add_ln1192_44_fu_1044_p2     |     +    |      0|  0|  55|          55|          55|
    |add_ln1192_45_fu_1092_p2     |     +    |      0|  0|  55|          55|          55|
    |add_ln1192_46_fu_1128_p2     |     +    |      0|  0|  55|          55|          55|
    |add_ln1192_47_fu_1409_p2     |     +    |      0|  0|  55|          55|          55|
    |add_ln1192_48_fu_1453_p2     |     +    |      0|  0|  55|          55|          55|
    |add_ln1192_49_fu_1497_p2     |     +    |      0|  0|  55|          55|          55|
    |add_ln1192_50_fu_1538_p2     |     +    |      0|  0|  55|          55|          55|
    |add_ln1192_51_fu_1582_p2     |     +    |      0|  0|  55|          55|          55|
    |add_ln1192_52_fu_1623_p2     |     +    |      0|  0|  55|          55|          55|
    |add_ln1192_53_fu_1667_p2     |     +    |      0|  0|  55|          55|          55|
    |add_ln1192_54_fu_1708_p2     |     +    |      0|  0|  55|          55|          55|
    |add_ln1192_55_fu_1752_p2     |     +    |      0|  0|  55|          55|          55|
    |add_ln1192_56_fu_1793_p2     |     +    |      0|  0|  55|          55|          55|
    |add_ln1192_57_fu_1837_p2     |     +    |      0|  0|  55|          55|          55|
    |add_ln1192_58_fu_1878_p2     |     +    |      0|  0|  55|          55|          55|
    |add_ln1192_59_fu_1922_p2     |     +    |      0|  0|  55|          55|          55|
    |add_ln1192_60_fu_1963_p2     |     +    |      0|  0|  55|          55|          55|
    |add_ln1192_61_fu_2007_p2     |     +    |      0|  0|  55|          55|          55|
    |add_ln1192_62_fu_2048_p2     |     +    |      0|  0|  55|          55|          55|
    |add_ln1192_fu_484_p2         |     +    |      0|  0|  55|          55|          55|
    |ap_block_pp0_stage0_01001    |    and   |      0|  0|   2|           1|           1|
    |ap_block_pp0_stage0_subdone  |    or    |      0|  0|   2|           1|           1|
    |select_ln1116_16_fu_498_p3   |  select  |      0|  0|  32|           1|          32|
    |select_ln1116_17_fu_1142_p3  |  select  |      0|  0|  32|           1|          32|
    |select_ln1116_18_fu_1176_p3  |  select  |      0|  0|  32|           1|          32|
    |select_ln1116_fu_430_p3      |  select  |      0|  0|  32|           1|          32|
    |select_ln1117_16_fu_546_p3   |  select  |      0|  0|  35|           1|          35|
    |select_ln1117_17_fu_630_p3   |  select  |      0|  0|  35|           1|          35|
    |select_ln1117_18_fu_714_p3   |  select  |      0|  0|  35|           1|          35|
    |select_ln1117_19_fu_798_p3   |  select  |      0|  0|  35|           1|          35|
    |select_ln1117_20_fu_882_p3   |  select  |      0|  0|  35|           1|          35|
    |select_ln1117_21_fu_966_p3   |  select  |      0|  0|  35|           1|          35|
    |select_ln1117_22_fu_1050_p3  |  select  |      0|  0|  35|           1|          35|
    |select_ln1117_23_fu_1150_p3  |  select  |      0|  0|  35|           1|          35|
    |select_ln1117_24_fu_1194_p3  |  select  |      0|  0|  35|           1|          35|
    |select_ln1117_25_fu_1222_p3  |  select  |      0|  0|  35|           1|          35|
    |select_ln1117_26_fu_1250_p3  |  select  |      0|  0|  35|           1|          35|
    |select_ln1117_27_fu_1278_p3  |  select  |      0|  0|  35|           1|          35|
    |select_ln1117_28_fu_1306_p3  |  select  |      0|  0|  35|           1|          35|
    |select_ln1117_29_fu_1334_p3  |  select  |      0|  0|  35|           1|          35|
    |select_ln1117_30_fu_1362_p3  |  select  |      0|  0|  35|           1|          35|
    |select_ln1117_fu_438_p3      |  select  |      0|  0|  35|           1|          35|
    |select_ln1265_10_fu_770_p3   |  select  |      0|  0|  35|           1|          35|
    |select_ln1265_11_fu_818_p3   |  select  |      0|  0|  35|           1|          35|
    |select_ln1265_12_fu_854_p3   |  select  |      0|  0|  35|           1|          35|
    |select_ln1265_13_fu_902_p3   |  select  |      0|  0|  35|           1|          35|
    |select_ln1265_14_fu_938_p3   |  select  |      0|  0|  35|           1|          35|
    |select_ln1265_15_fu_986_p3   |  select  |      0|  0|  35|           1|          35|
    |select_ln1265_16_fu_1022_p3  |  select  |      0|  0|  35|           1|          35|
    |select_ln1265_17_fu_1070_p3  |  select  |      0|  0|  35|           1|          35|
    |select_ln1265_18_fu_1106_p3  |  select  |      0|  0|  35|           1|          35|
    |select_ln1265_4_fu_518_p3    |  select  |      0|  0|  35|           1|          35|
    |select_ln1265_5_fu_566_p3    |  select  |      0|  0|  35|           1|          35|
    |select_ln1265_6_fu_602_p3    |  select  |      0|  0|  35|           1|          35|
    |select_ln1265_7_fu_650_p3    |  select  |      0|  0|  35|           1|          35|
    |select_ln1265_8_fu_686_p3    |  select  |      0|  0|  35|           1|          35|
    |select_ln1265_9_fu_734_p3    |  select  |      0|  0|  35|           1|          35|
    |select_ln1265_fu_462_p3      |  select  |      0|  0|  35|           1|          35|
    |ap_enable_pp0                |    xor   |      0|  0|   2|           1|           2|
    +-----------------------------+----------+-------+---+----+------------+------------+
    |Total                        |          |    128|  0|3750|        2868|        4087|
    +-----------------------------+----------+-------+---+----+------------+------------+

    * Multiplexer: 
    +---------------------------+----+-----------+-----+-----------+
    |            Name           | LUT| Input Size| Bits| Total Bits|
    +---------------------------+----+-----------+-----+-----------+
    |scaled_attention_V_0_0_o   |   9|          2|   35|         70|
    |scaled_attention_V_0_1_o   |   9|          2|   35|         70|
    |scaled_attention_V_10_0_o  |   9|          2|   35|         70|
    |scaled_attention_V_10_1_o  |   9|          2|   35|         70|
    |scaled_attention_V_11_0_o  |   9|          2|   35|         70|
    |scaled_attention_V_11_1_o  |   9|          2|   35|         70|
    |scaled_attention_V_12_0_o  |   9|          2|   35|         70|
    |scaled_attention_V_12_1_o  |   9|          2|   35|         70|
    |scaled_attention_V_13_0_o  |   9|          2|   35|         70|
    |scaled_attention_V_13_1_o  |   9|          2|   35|         70|
    |scaled_attention_V_14_0_o  |   9|          2|   35|         70|
    |scaled_attention_V_14_1_o  |   9|          2|   35|         70|
    |scaled_attention_V_15_0_o  |   9|          2|   35|         70|
    |scaled_attention_V_15_1_o  |   9|          2|   35|         70|
    |scaled_attention_V_1_0_o   |   9|          2|   35|         70|
    |scaled_attention_V_1_1_o   |   9|          2|   35|         70|
    |scaled_attention_V_2_0_o   |   9|          2|   35|         70|
    |scaled_attention_V_2_1_o   |   9|          2|   35|         70|
    |scaled_attention_V_3_0_o   |   9|          2|   35|         70|
    |scaled_attention_V_3_1_o   |   9|          2|   35|         70|
    |scaled_attention_V_4_0_o   |   9|          2|   35|         70|
    |scaled_attention_V_4_1_o   |   9|          2|   35|         70|
    |scaled_attention_V_5_0_o   |   9|          2|   35|         70|
    |scaled_attention_V_5_1_o   |   9|          2|   35|         70|
    |scaled_attention_V_6_0_o   |   9|          2|   35|         70|
    |scaled_attention_V_6_1_o   |   9|          2|   35|         70|
    |scaled_attention_V_7_0_o   |   9|          2|   35|         70|
    |scaled_attention_V_7_1_o   |   9|          2|   35|         70|
    |scaled_attention_V_8_0_o   |   9|          2|   35|         70|
    |scaled_attention_V_8_1_o   |   9|          2|   35|         70|
    |scaled_attention_V_9_0_o   |   9|          2|   35|         70|
    |scaled_attention_V_9_1_o   |   9|          2|   35|         70|
    +---------------------------+----+-----------+-----+-----------+
    |Total                      | 288|         64| 1120|       2240|
    +---------------------------+----+-----------+-----+-----------+

    * Register: 
    +----------------------------+----+----+-----+-----------+
    |            Name            | FF | LUT| Bits| Const Bits|
    +----------------------------+----+----+-----+-----------+
    |ap_CS_fsm                   |   1|   0|    1|          0|
    |ap_enable_reg_pp0_iter1     |   1|   0|    1|          0|
    |res_V_offset_read_reg_2076  |   1|   0|    1|          0|
    |select_ln1116_17_reg_2080   |  32|   0|   32|          0|
    |select_ln1116_18_reg_2095   |  32|   0|   32|          0|
    |select_ln1117_23_reg_2085   |  35|   0|   35|          0|
    |select_ln1117_24_reg_2105   |  35|   0|   35|          0|
    |select_ln1117_25_reg_2120   |  35|   0|   35|          0|
    |select_ln1117_26_reg_2135   |  35|   0|   35|          0|
    |select_ln1117_27_reg_2150   |  35|   0|   35|          0|
    |select_ln1117_28_reg_2165   |  35|   0|   35|          0|
    |select_ln1117_29_reg_2180   |  35|   0|   35|          0|
    |select_ln1117_30_reg_2195   |  35|   0|   35|          0|
    |tmp_27_reg_2110             |  35|   0|   35|          0|
    |tmp_28_reg_2115             |  35|   0|   35|          0|
    |tmp_29_reg_2125             |  35|   0|   35|          0|
    |tmp_30_reg_2130             |  35|   0|   35|          0|
    |tmp_31_reg_2140             |  35|   0|   35|          0|
    |tmp_32_reg_2145             |  35|   0|   35|          0|
    |tmp_33_reg_2155             |  35|   0|   35|          0|
    |tmp_34_reg_2160             |  35|   0|   35|          0|
    |tmp_35_reg_2170             |  35|   0|   35|          0|
    |tmp_36_reg_2175             |  35|   0|   35|          0|
    |tmp_37_reg_2185             |  35|   0|   35|          0|
    |tmp_38_reg_2190             |  35|   0|   35|          0|
    |tmp_39_reg_2200             |  35|   0|   35|          0|
    |tmp_40_reg_2205             |  35|   0|   35|          0|
    |tmp_reg_2090                |  35|   0|   35|          0|
    |tmp_s_reg_2100              |  35|   0|   35|          0|
    +----------------------------+----+----+-----+-----------+
    |Total                       | 907|   0|  907|          0|
    +----------------------------+----+----+-----+-----------+



================================================================
== Interface
================================================================
* Summary: 
+----------------------------------+-----+-----+------------+-------------------------------------------+--------------+
|             RTL Ports            | Dir | Bits|  Protocol  |               Source Object               |    C Type    |
+----------------------------------+-----+-----+------------+-------------------------------------------+--------------+
|ap_clk                            |  in |    1| ap_ctrl_hs | matmul<ap_fixed,ap_fixed,2ul,2ul,2ul,8ul> | return value |
|ap_rst                            |  in |    1| ap_ctrl_hs | matmul<ap_fixed,ap_fixed,2ul,2ul,2ul,8ul> | return value |
|ap_start                          |  in |    1| ap_ctrl_hs | matmul<ap_fixed,ap_fixed,2ul,2ul,2ul,8ul> | return value |
|ap_done                           | out |    1| ap_ctrl_hs | matmul<ap_fixed,ap_fixed,2ul,2ul,2ul,8ul> | return value |
|ap_idle                           | out |    1| ap_ctrl_hs | matmul<ap_fixed,ap_fixed,2ul,2ul,2ul,8ul> | return value |
|ap_ready                          | out |    1| ap_ctrl_hs | matmul<ap_fixed,ap_fixed,2ul,2ul,2ul,8ul> | return value |
|ap_ce                             |  in |    1| ap_ctrl_hs | matmul<ap_fixed,ap_fixed,2ul,2ul,2ul,8ul> | return value |
|a_0_0_V_read                      |  in |   35|   ap_none  |                a_0_0_V_read               |    scalar    |
|a_0_1_V_read                      |  in |   35|   ap_none  |                a_0_1_V_read               |    scalar    |
|a_1_0_V_read                      |  in |   35|   ap_none  |                a_1_0_V_read               |    scalar    |
|a_1_1_V_read                      |  in |   35|   ap_none  |                a_1_1_V_read               |    scalar    |
|a_2_0_V_read                      |  in |   35|   ap_none  |                a_2_0_V_read               |    scalar    |
|a_2_1_V_read                      |  in |   35|   ap_none  |                a_2_1_V_read               |    scalar    |
|a_3_0_V_read                      |  in |   35|   ap_none  |                a_3_0_V_read               |    scalar    |
|a_3_1_V_read                      |  in |   35|   ap_none  |                a_3_1_V_read               |    scalar    |
|a_V_offset                        |  in |    1|   ap_none  |                 a_V_offset                |    scalar    |
|b_0_0_V_read                      |  in |   35|   ap_none  |                b_0_0_V_read               |    scalar    |
|b_0_1_V_read                      |  in |   35|   ap_none  |                b_0_1_V_read               |    scalar    |
|b_1_0_V_read                      |  in |   35|   ap_none  |                b_1_0_V_read               |    scalar    |
|b_1_1_V_read                      |  in |   35|   ap_none  |                b_1_1_V_read               |    scalar    |
|b_2_0_V_read                      |  in |   35|   ap_none  |                b_2_0_V_read               |    scalar    |
|b_2_1_V_read                      |  in |   35|   ap_none  |                b_2_1_V_read               |    scalar    |
|b_3_0_V_read                      |  in |   35|   ap_none  |                b_3_0_V_read               |    scalar    |
|b_3_1_V_read                      |  in |   35|   ap_none  |                b_3_1_V_read               |    scalar    |
|b_4_0_V_read                      |  in |   35|   ap_none  |                b_4_0_V_read               |    scalar    |
|b_4_1_V_read                      |  in |   35|   ap_none  |                b_4_1_V_read               |    scalar    |
|b_5_0_V_read                      |  in |   35|   ap_none  |                b_5_0_V_read               |    scalar    |
|b_5_1_V_read                      |  in |   35|   ap_none  |                b_5_1_V_read               |    scalar    |
|b_6_0_V_read                      |  in |   35|   ap_none  |                b_6_0_V_read               |    scalar    |
|b_6_1_V_read                      |  in |   35|   ap_none  |                b_6_1_V_read               |    scalar    |
|b_7_0_V_read                      |  in |   35|   ap_none  |                b_7_0_V_read               |    scalar    |
|b_7_1_V_read                      |  in |   35|   ap_none  |                b_7_1_V_read               |    scalar    |
|b_8_0_V_read                      |  in |   35|   ap_none  |                b_8_0_V_read               |    scalar    |
|b_8_1_V_read                      |  in |   35|   ap_none  |                b_8_1_V_read               |    scalar    |
|b_9_0_V_read                      |  in |   35|   ap_none  |                b_9_0_V_read               |    scalar    |
|b_9_1_V_read                      |  in |   35|   ap_none  |                b_9_1_V_read               |    scalar    |
|b_10_0_V_read                     |  in |   35|   ap_none  |               b_10_0_V_read               |    scalar    |
|b_10_1_V_read                     |  in |   35|   ap_none  |               b_10_1_V_read               |    scalar    |
|b_11_0_V_read                     |  in |   35|   ap_none  |               b_11_0_V_read               |    scalar    |
|b_11_1_V_read                     |  in |   35|   ap_none  |               b_11_1_V_read               |    scalar    |
|b_12_0_V_read                     |  in |   35|   ap_none  |               b_12_0_V_read               |    scalar    |
|b_12_1_V_read                     |  in |   35|   ap_none  |               b_12_1_V_read               |    scalar    |
|b_13_0_V_read                     |  in |   35|   ap_none  |               b_13_0_V_read               |    scalar    |
|b_13_1_V_read                     |  in |   35|   ap_none  |               b_13_1_V_read               |    scalar    |
|b_14_0_V_read                     |  in |   35|   ap_none  |               b_14_0_V_read               |    scalar    |
|b_14_1_V_read                     |  in |   35|   ap_none  |               b_14_1_V_read               |    scalar    |
|b_15_0_V_read                     |  in |   35|   ap_none  |               b_15_0_V_read               |    scalar    |
|b_15_1_V_read                     |  in |   35|   ap_none  |               b_15_1_V_read               |    scalar    |
|b_V_offset                        |  in |    1|   ap_none  |                 b_V_offset                |    scalar    |
|res_V_offset                      |  in |    1|   ap_none  |                res_V_offset               |    scalar    |
|scaled_attention_V_0_1_i          |  in |   35|   ap_ovld  |           scaled_attention_V_0_1          |    pointer   |
|scaled_attention_V_0_1_o          | out |   35|   ap_ovld  |           scaled_attention_V_0_1          |    pointer   |
|scaled_attention_V_0_1_o_ap_vld   | out |    1|   ap_ovld  |           scaled_attention_V_0_1          |    pointer   |
|scaled_attention_V_0_0_i          |  in |   35|   ap_ovld  |           scaled_attention_V_0_0          |    pointer   |
|scaled_attention_V_0_0_o          | out |   35|   ap_ovld  |           scaled_attention_V_0_0          |    pointer   |
|scaled_attention_V_0_0_o_ap_vld   | out |    1|   ap_ovld  |           scaled_attention_V_0_0          |    pointer   |
|scaled_attention_V_1_1_i          |  in |   35|   ap_ovld  |           scaled_attention_V_1_1          |    pointer   |
|scaled_attention_V_1_1_o          | out |   35|   ap_ovld  |           scaled_attention_V_1_1          |    pointer   |
|scaled_attention_V_1_1_o_ap_vld   | out |    1|   ap_ovld  |           scaled_attention_V_1_1          |    pointer   |
|scaled_attention_V_1_0_i          |  in |   35|   ap_ovld  |           scaled_attention_V_1_0          |    pointer   |
|scaled_attention_V_1_0_o          | out |   35|   ap_ovld  |           scaled_attention_V_1_0          |    pointer   |
|scaled_attention_V_1_0_o_ap_vld   | out |    1|   ap_ovld  |           scaled_attention_V_1_0          |    pointer   |
|scaled_attention_V_2_1_i          |  in |   35|   ap_ovld  |           scaled_attention_V_2_1          |    pointer   |
|scaled_attention_V_2_1_o          | out |   35|   ap_ovld  |           scaled_attention_V_2_1          |    pointer   |
|scaled_attention_V_2_1_o_ap_vld   | out |    1|   ap_ovld  |           scaled_attention_V_2_1          |    pointer   |
|scaled_attention_V_2_0_i          |  in |   35|   ap_ovld  |           scaled_attention_V_2_0          |    pointer   |
|scaled_attention_V_2_0_o          | out |   35|   ap_ovld  |           scaled_attention_V_2_0          |    pointer   |
|scaled_attention_V_2_0_o_ap_vld   | out |    1|   ap_ovld  |           scaled_attention_V_2_0          |    pointer   |
|scaled_attention_V_3_1_i          |  in |   35|   ap_ovld  |           scaled_attention_V_3_1          |    pointer   |
|scaled_attention_V_3_1_o          | out |   35|   ap_ovld  |           scaled_attention_V_3_1          |    pointer   |
|scaled_attention_V_3_1_o_ap_vld   | out |    1|   ap_ovld  |           scaled_attention_V_3_1          |    pointer   |
|scaled_attention_V_3_0_i          |  in |   35|   ap_ovld  |           scaled_attention_V_3_0          |    pointer   |
|scaled_attention_V_3_0_o          | out |   35|   ap_ovld  |           scaled_attention_V_3_0          |    pointer   |
|scaled_attention_V_3_0_o_ap_vld   | out |    1|   ap_ovld  |           scaled_attention_V_3_0          |    pointer   |
|scaled_attention_V_4_1_i          |  in |   35|   ap_ovld  |           scaled_attention_V_4_1          |    pointer   |
|scaled_attention_V_4_1_o          | out |   35|   ap_ovld  |           scaled_attention_V_4_1          |    pointer   |
|scaled_attention_V_4_1_o_ap_vld   | out |    1|   ap_ovld  |           scaled_attention_V_4_1          |    pointer   |
|scaled_attention_V_4_0_i          |  in |   35|   ap_ovld  |           scaled_attention_V_4_0          |    pointer   |
|scaled_attention_V_4_0_o          | out |   35|   ap_ovld  |           scaled_attention_V_4_0          |    pointer   |
|scaled_attention_V_4_0_o_ap_vld   | out |    1|   ap_ovld  |           scaled_attention_V_4_0          |    pointer   |
|scaled_attention_V_5_1_i          |  in |   35|   ap_ovld  |           scaled_attention_V_5_1          |    pointer   |
|scaled_attention_V_5_1_o          | out |   35|   ap_ovld  |           scaled_attention_V_5_1          |    pointer   |
|scaled_attention_V_5_1_o_ap_vld   | out |    1|   ap_ovld  |           scaled_attention_V_5_1          |    pointer   |
|scaled_attention_V_5_0_i          |  in |   35|   ap_ovld  |           scaled_attention_V_5_0          |    pointer   |
|scaled_attention_V_5_0_o          | out |   35|   ap_ovld  |           scaled_attention_V_5_0          |    pointer   |
|scaled_attention_V_5_0_o_ap_vld   | out |    1|   ap_ovld  |           scaled_attention_V_5_0          |    pointer   |
|scaled_attention_V_6_1_i          |  in |   35|   ap_ovld  |           scaled_attention_V_6_1          |    pointer   |
|scaled_attention_V_6_1_o          | out |   35|   ap_ovld  |           scaled_attention_V_6_1          |    pointer   |
|scaled_attention_V_6_1_o_ap_vld   | out |    1|   ap_ovld  |           scaled_attention_V_6_1          |    pointer   |
|scaled_attention_V_6_0_i          |  in |   35|   ap_ovld  |           scaled_attention_V_6_0          |    pointer   |
|scaled_attention_V_6_0_o          | out |   35|   ap_ovld  |           scaled_attention_V_6_0          |    pointer   |
|scaled_attention_V_6_0_o_ap_vld   | out |    1|   ap_ovld  |           scaled_attention_V_6_0          |    pointer   |
|scaled_attention_V_7_1_i          |  in |   35|   ap_ovld  |           scaled_attention_V_7_1          |    pointer   |
|scaled_attention_V_7_1_o          | out |   35|   ap_ovld  |           scaled_attention_V_7_1          |    pointer   |
|scaled_attention_V_7_1_o_ap_vld   | out |    1|   ap_ovld  |           scaled_attention_V_7_1          |    pointer   |
|scaled_attention_V_7_0_i          |  in |   35|   ap_ovld  |           scaled_attention_V_7_0          |    pointer   |
|scaled_attention_V_7_0_o          | out |   35|   ap_ovld  |           scaled_attention_V_7_0          |    pointer   |
|scaled_attention_V_7_0_o_ap_vld   | out |    1|   ap_ovld  |           scaled_attention_V_7_0          |    pointer   |
|scaled_attention_V_8_1_i          |  in |   35|   ap_ovld  |           scaled_attention_V_8_1          |    pointer   |
|scaled_attention_V_8_1_o          | out |   35|   ap_ovld  |           scaled_attention_V_8_1          |    pointer   |
|scaled_attention_V_8_1_o_ap_vld   | out |    1|   ap_ovld  |           scaled_attention_V_8_1          |    pointer   |
|scaled_attention_V_8_0_i          |  in |   35|   ap_ovld  |           scaled_attention_V_8_0          |    pointer   |
|scaled_attention_V_8_0_o          | out |   35|   ap_ovld  |           scaled_attention_V_8_0          |    pointer   |
|scaled_attention_V_8_0_o_ap_vld   | out |    1|   ap_ovld  |           scaled_attention_V_8_0          |    pointer   |
|scaled_attention_V_9_1_i          |  in |   35|   ap_ovld  |           scaled_attention_V_9_1          |    pointer   |
|scaled_attention_V_9_1_o          | out |   35|   ap_ovld  |           scaled_attention_V_9_1          |    pointer   |
|scaled_attention_V_9_1_o_ap_vld   | out |    1|   ap_ovld  |           scaled_attention_V_9_1          |    pointer   |
|scaled_attention_V_9_0_i          |  in |   35|   ap_ovld  |           scaled_attention_V_9_0          |    pointer   |
|scaled_attention_V_9_0_o          | out |   35|   ap_ovld  |           scaled_attention_V_9_0          |    pointer   |
|scaled_attention_V_9_0_o_ap_vld   | out |    1|   ap_ovld  |           scaled_attention_V_9_0          |    pointer   |
|scaled_attention_V_10_1_i         |  in |   35|   ap_ovld  |          scaled_attention_V_10_1          |    pointer   |
|scaled_attention_V_10_1_o         | out |   35|   ap_ovld  |          scaled_attention_V_10_1          |    pointer   |
|scaled_attention_V_10_1_o_ap_vld  | out |    1|   ap_ovld  |          scaled_attention_V_10_1          |    pointer   |
|scaled_attention_V_10_0_i         |  in |   35|   ap_ovld  |          scaled_attention_V_10_0          |    pointer   |
|scaled_attention_V_10_0_o         | out |   35|   ap_ovld  |          scaled_attention_V_10_0          |    pointer   |
|scaled_attention_V_10_0_o_ap_vld  | out |    1|   ap_ovld  |          scaled_attention_V_10_0          |    pointer   |
|scaled_attention_V_11_1_i         |  in |   35|   ap_ovld  |          scaled_attention_V_11_1          |    pointer   |
|scaled_attention_V_11_1_o         | out |   35|   ap_ovld  |          scaled_attention_V_11_1          |    pointer   |
|scaled_attention_V_11_1_o_ap_vld  | out |    1|   ap_ovld  |          scaled_attention_V_11_1          |    pointer   |
|scaled_attention_V_11_0_i         |  in |   35|   ap_ovld  |          scaled_attention_V_11_0          |    pointer   |
|scaled_attention_V_11_0_o         | out |   35|   ap_ovld  |          scaled_attention_V_11_0          |    pointer   |
|scaled_attention_V_11_0_o_ap_vld  | out |    1|   ap_ovld  |          scaled_attention_V_11_0          |    pointer   |
|scaled_attention_V_12_1_i         |  in |   35|   ap_ovld  |          scaled_attention_V_12_1          |    pointer   |
|scaled_attention_V_12_1_o         | out |   35|   ap_ovld  |          scaled_attention_V_12_1          |    pointer   |
|scaled_attention_V_12_1_o_ap_vld  | out |    1|   ap_ovld  |          scaled_attention_V_12_1          |    pointer   |
|scaled_attention_V_12_0_i         |  in |   35|   ap_ovld  |          scaled_attention_V_12_0          |    pointer   |
|scaled_attention_V_12_0_o         | out |   35|   ap_ovld  |          scaled_attention_V_12_0          |    pointer   |
|scaled_attention_V_12_0_o_ap_vld  | out |    1|   ap_ovld  |          scaled_attention_V_12_0          |    pointer   |
|scaled_attention_V_13_1_i         |  in |   35|   ap_ovld  |          scaled_attention_V_13_1          |    pointer   |
|scaled_attention_V_13_1_o         | out |   35|   ap_ovld  |          scaled_attention_V_13_1          |    pointer   |
|scaled_attention_V_13_1_o_ap_vld  | out |    1|   ap_ovld  |          scaled_attention_V_13_1          |    pointer   |
|scaled_attention_V_13_0_i         |  in |   35|   ap_ovld  |          scaled_attention_V_13_0          |    pointer   |
|scaled_attention_V_13_0_o         | out |   35|   ap_ovld  |          scaled_attention_V_13_0          |    pointer   |
|scaled_attention_V_13_0_o_ap_vld  | out |    1|   ap_ovld  |          scaled_attention_V_13_0          |    pointer   |
|scaled_attention_V_14_1_i         |  in |   35|   ap_ovld  |          scaled_attention_V_14_1          |    pointer   |
|scaled_attention_V_14_1_o         | out |   35|   ap_ovld  |          scaled_attention_V_14_1          |    pointer   |
|scaled_attention_V_14_1_o_ap_vld  | out |    1|   ap_ovld  |          scaled_attention_V_14_1          |    pointer   |
|scaled_attention_V_14_0_i         |  in |   35|   ap_ovld  |          scaled_attention_V_14_0          |    pointer   |
|scaled_attention_V_14_0_o         | out |   35|   ap_ovld  |          scaled_attention_V_14_0          |    pointer   |
|scaled_attention_V_14_0_o_ap_vld  | out |    1|   ap_ovld  |          scaled_attention_V_14_0          |    pointer   |
|scaled_attention_V_15_1_i         |  in |   35|   ap_ovld  |          scaled_attention_V_15_1          |    pointer   |
|scaled_attention_V_15_1_o         | out |   35|   ap_ovld  |          scaled_attention_V_15_1          |    pointer   |
|scaled_attention_V_15_1_o_ap_vld  | out |    1|   ap_ovld  |          scaled_attention_V_15_1          |    pointer   |
|scaled_attention_V_15_0_i         |  in |   35|   ap_ovld  |          scaled_attention_V_15_0          |    pointer   |
|scaled_attention_V_15_0_o         | out |   35|   ap_ovld  |          scaled_attention_V_15_0          |    pointer   |
|scaled_attention_V_15_0_o_ap_vld  | out |    1|   ap_ovld  |          scaled_attention_V_15_0          |    pointer   |
+----------------------------------+-----+-----+------------+-------------------------------------------+--------------+

